Component: ARM Compiler 5.06 update 1 (build 61) Tool: armlink [4d35a8]

==============================================================================

Section Cross References

    main.o(i.BSP_Init) refers to io.o(i.configIO_Init) for configIO_Init
    main.o(i.BSP_Init) refers to can.o(i.configCAN_Init) for configCAN_Init
    main.o(i.BSP_Init) refers to dma.o(i.configDMA_Init) for configDMA_Init
    main.o(i.BSP_Init) refers to nvic.o(i.configNVIC_Init) for configNVIC_Init
    main.o(i.BSP_Init) refers to uart.o(i.configUART_Init) for configUART_Init
    main.o(i.Hardware_Init) refers to hi219m.o(i.configHi219m_ParaInit) for configHi219m_ParaInit
    main.o(i.Hardware_Init) refers to chassis_behavior.o(i.configChassis_ParaInit) for configChassis_ParaInit
    main.o(i.main) refers to main.o(i.BSP_Init) for BSP_Init
    main.o(i.main) refers to main.o(i.Hardware_Init) for Hardware_Init
    main.o(i.main) refers to user_task.o(i.Task_Init) for Task_Init
    main.o(i.main) refers to tasks.o(i.vTaskStartScheduler) for vTaskStartScheduler
    it.o(i.CAN1_RX0_IRQHandler) refers to stm32f4xx_can.o(i.CAN_GetITStatus) for CAN_GetITStatus
    it.o(i.CAN1_RX0_IRQHandler) refers to stm32f4xx_can.o(i.CAN_Receive) for CAN_Receive
    it.o(i.CAN1_RX0_IRQHandler) refers to motor.o(i.fnMotor_CanRecvDataDecode) for fnMotor_CanRecvDataDecode
    it.o(i.CAN1_RX0_IRQHandler) refers to stm32f4xx_can.o(i.CAN_ClearITPendingBit) for CAN_ClearITPendingBit
    it.o(i.CAN1_RX0_IRQHandler) refers to stm32f4xx_can.o(i.CAN_ClearFlag) for CAN_ClearFlag
    it.o(i.CAN1_RX0_IRQHandler) refers to it.o(.bss) for P_stCAN1DataRecv
    it.o(i.CAN1_TX_IRQHandler) refers to stm32f4xx_can.o(i.CAN_GetITStatus) for CAN_GetITStatus
    it.o(i.CAN1_TX_IRQHandler) refers to stm32f4xx_can.o(i.CAN_ClearITPendingBit) for CAN_ClearITPendingBit
    it.o(i.CAN2_RX0_IRQHandler) refers to stm32f4xx_can.o(i.CAN_GetITStatus) for CAN_GetITStatus
    it.o(i.CAN2_RX0_IRQHandler) refers to stm32f4xx_can.o(i.CAN_Receive) for CAN_Receive
    it.o(i.CAN2_RX0_IRQHandler) refers to motor.o(i.fnMotor_CanRecvDataDecode) for fnMotor_CanRecvDataDecode
    it.o(i.CAN2_RX0_IRQHandler) refers to stm32f4xx_can.o(i.CAN_ClearITPendingBit) for CAN_ClearITPendingBit
    it.o(i.CAN2_RX0_IRQHandler) refers to stm32f4xx_can.o(i.CAN_ClearFlag) for CAN_ClearFlag
    it.o(i.CAN2_RX0_IRQHandler) refers to it.o(.bss) for P_stCAN2DataRecv
    it.o(i.CAN2_TX_IRQHandler) refers to stm32f4xx_can.o(i.CAN_GetITStatus) for CAN_GetITStatus
    it.o(i.CAN2_TX_IRQHandler) refers to stm32f4xx_can.o(i.CAN_ClearITPendingBit) for CAN_ClearITPendingBit
    it.o(i.USART1_IRQHandler) refers to stm32f4xx_usart.o(i.USART_GetITStatus) for USART_GetITStatus
    it.o(i.USART1_IRQHandler) refers to stm32f4xx_dma.o(i.DMA_GetCurrentMemoryTarget) for DMA_GetCurrentMemoryTarget
    it.o(i.USART1_IRQHandler) refers to stm32f4xx_dma.o(i.DMA_Cmd) for DMA_Cmd
    it.o(i.USART1_IRQHandler) refers to stm32f4xx_dma.o(i.DMA_GetCurrDataCounter) for DMA_GetCurrDataCounter
    it.o(i.USART1_IRQHandler) refers to rm_remote.o(i.fnRemote_RawDataDecode) for fnRemote_RawDataDecode
    it.o(i.USART1_IRQHandler) refers to it.o(.data) for rx_len
    it.o(i.USART1_IRQHandler) refers to rm_remote.o(.bss) for P_uintRemote_Data_Buf
    it.o(i.USART6_IRQHandler) refers to stm32f4xx_usart.o(i.USART_GetITStatus) for USART_GetITStatus
    it.o(i.USART6_IRQHandler) refers to stm32f4xx_dma.o(i.DMA_Cmd) for DMA_Cmd
    it.o(i.USART6_IRQHandler) refers to judge.o(i.RM_Judge_DataEnqueue) for RM_Judge_DataEnqueue
    it.o(i.USART6_IRQHandler) refers to stm32f4xx_dma.o(i.DMA_ClearFlag) for DMA_ClearFlag
    it.o(i.USART6_IRQHandler) refers to stm32f4xx_dma.o(i.DMA_GetCmdStatus) for DMA_GetCmdStatus
    it.o(i.USART6_IRQHandler) refers to stm32f4xx_dma.o(i.DMA_SetCurrDataCounter) for DMA_SetCurrDataCounter
    it.o(i.USART6_IRQHandler) refers to queue.o(i.xQueueGiveFromISR) for xQueueGiveFromISR
    it.o(i.USART6_IRQHandler) refers to it.o(.data) for P_nJudgeBuffLength
    it.o(i.USART6_IRQHandler) refers to judge.o(.bss) for P_stJudgeDataArrayListBuff
    it.o(i.USART6_IRQHandler) refers to user_task.o(.data) for JudgeDataDecode_Binary
    io.o(i.configIO_Init) refers to stm32f4xx_rcc.o(i.RCC_AHB1PeriphClockCmd) for RCC_AHB1PeriphClockCmd
    io.o(i.configIO_Init) refers to stm32f4xx_gpio.o(i.GPIO_Init) for GPIO_Init
    io.o(i.configIO_Init) refers to stm32f4xx_gpio.o(i.GPIO_SetBits) for GPIO_SetBits
    io.o(i.configIO_Init) refers to stm32f4xx_gpio.o(i.GPIO_PinAFConfig) for GPIO_PinAFConfig
    io.o(i.configIO_Init) refers to stm32f4xx_gpio.o(i.GPIO_ResetBits) for GPIO_ResetBits
    can.o(i.configCAN_Init) refers to stm32f4xx_rcc.o(i.RCC_APB1PeriphClockCmd) for RCC_APB1PeriphClockCmd
    can.o(i.configCAN_Init) refers to stm32f4xx_can.o(i.CAN_DeInit) for CAN_DeInit
    can.o(i.configCAN_Init) refers to stm32f4xx_can.o(i.CAN_StructInit) for CAN_StructInit
    can.o(i.configCAN_Init) refers to stm32f4xx_can.o(i.CAN_Init) for CAN_Init
[...]
    status                                   0x20000630   Data           1  packet.o(.data)
    crc_header                               0x20000631   Data           4  packet.o(.data)
    .data                                    0x20000638   Section       48  chassis_behavior.o(.data)
    .data                                    0x20000668   Section       40  user_task.o(.data)
    .data                                    0x20000690   Section        2  crc_check.o(.data)
    .data                                    0x20000692   Section        7  judge.o(.data)
    t                                        0x20000698   Data           1  judge.o(.data)
    .data                                    0x20000699   Section       16  stm32f4xx_rcc.o(.data)
    APBAHBPrescTable                         0x20000699   Data          16  stm32f4xx_rcc.o(.data)
    .data                                    0x200006ac   Section       60  tasks.o(.data)
    pxDelayedTaskList                        0x200006b0   Data           4  tasks.o(.data)
    pxOverflowDelayedTaskList                0x200006b4   Data           4  tasks.o(.data)
    uxDeletedTasksWaitingCleanUp             0x200006b8   Data           4  tasks.o(.data)
    uxCurrentNumberOfTasks                   0x200006bc   Data           4  tasks.o(.data)
    xTickCount                               0x200006c0   Data           4  tasks.o(.data)
    uxTopReadyPriority                       0x200006c4   Data           4  tasks.o(.data)
    xSchedulerRunning                        0x200006c8   Data           4  tasks.o(.data)
    uxPendedTicks                            0x200006cc   Data           4  tasks.o(.data)
    xYieldPending                            0x200006d0   Data           4  tasks.o(.data)
    xNumOfOverflows                          0x200006d4   Data           4  tasks.o(.data)
    uxTaskNumber                             0x200006d8   Data           4  tasks.o(.data)
    xNextTaskUnblockTime                     0x200006dc   Data           4  tasks.o(.data)
    xIdleTaskHandle                          0x200006e0   Data           4  tasks.o(.data)
    uxSchedulerSuspended                     0x200006e4   Data           4  tasks.o(.data)
    .data                                    0x200006e8   Section       20  timers.o(.data)
    pxCurrentTimerList                       0x200006e8   Data           4  timers.o(.data)
    pxOverflowTimerList                      0x200006ec   Data           4  timers.o(.data)
    xTimerQueue                              0x200006f0   Data           4  timers.o(.data)
    xTimerTaskHandle                         0x200006f4   Data           4  timers.o(.data)
    xLastTime                                0x200006f8   Data           4  timers.o(.data)
    .data                                    0x200006fc   Section       24  heap_4.o(.data)
    xStart                                   0x200006fc   Data           8  heap_4.o(.data)
    pxEnd                                    0x20000704   Data           4  heap_4.o(.data)
    xFreeBytesRemaining                      0x20000708   Data           4  heap_4.o(.data)
    xMinimumEverFreeBytesRemaining           0x2000070c   Data           4  heap_4.o(.data)
    xBlockAllocatedBit                       0x20000710   Data           4  heap_4.o(.data)
    .data                                    0x20000714   Section       12  port.o(.data)
    uxCriticalNesting                        0x20000714   Data           4  port.o(.data)
    ucMaxSysCallPriority                     0x20000718   Data           1  port.o(.data)
    ulMaxPRIGROUPValue                       0x2000071c   Data           4  port.o(.data)
    .bss                                     0x20000720   Section       40  it.o(.bss)
    .bss                                     0x20000748   Section      132  rm_remote.o(.bss)
    .bss                                     0x200007cc   Section      188  hi219m.o(.bss)
    .bss                                     0x20000888   Section      168  imu_data_decode.o(.bss)
    RxPkt                                    0x20000888   Data         140  imu_data_decode.o(.bss)
    eular                                    0x20000914   Data          12  imu_data_decode.o(.bss)
    quat                                     0x20000920   Data          16  imu_data_decode.o(.bss)
    .bss                                     0x20000930   Section      440  chassis_behavior.o(.bss)
    .bss                                     0x20000ae8   Section      136  minipc.o(.bss)
    .bss                                     0x20000b70   Section     1175  judge.o(.bss)
    .bss                                     0x20001008   Section       64  queue.o(.bss)
    .bss                                     0x20001048   Section      200  tasks.o(.bss)
    pxReadyTasksLists                        0x20001048   Data         100  tasks.o(.bss)
    xDelayedTaskList1                        0x200010ac   Data          20  tasks.o(.bss)
    xDelayedTaskList2                        0x200010c0   Data          20  tasks.o(.bss)
    xPendingReadyList                        0x200010d4   Data          20  tasks.o(.bss)
    xTasksWaitingTermination                 0x200010e8   Data          20  tasks.o(.bss)
    xSuspendedTaskList                       0x200010fc   Data          20  tasks.o(.bss)
    .bss                                     0x20001110   Section       40  timers.o(.bss)
    xActiveTimerList1                        0x20001110   Data          20  timers.o(.bss)
    xActiveTimerList2                        0x20001124   Data          20  timers.o(.bss)
    .bss                                     0x20001138   Section    15360  heap_4.o(.bss)
    ucHeap                                   0x20001138   Data       15360  heap_4.o(.bss)
    .bss                                     0x20004d38   Section       96  libspace.o(.bss)
    HEAP                                     0x20004d98   Section      512  startup_stm32f427x.o(HEAP)
    Heap_Mem                                 0x20004d98   Data         512  startup_stm32f427x.o(HEAP)
    STACK                                    0x20004f98   Section     1024  startup_stm32f427x.o(STACK)
    Stack_Mem                                0x20004f98   Data        1024  startup_stm32f427x.o(STACK)
    __initial_sp                             0x20005398   Data           0  startup_stm32f427x.o(STACK)

    Global Symbols

    Symbol Name                              Value     Ov Type        Size  Object(Section)

    BuildAttributes$$THM_ISAv4$E$P$D$K$B$S$7EM$VFPi3$EXTD16$VFPS$VFMA$PE$A:L22UL41UL21$X:L11$S22US41US21$IEEE1$IW$USESV6$~STKCKD$USESV7$~SHL$OTIME$ROPI$IEEEX$EBA8$UX$STANDARDLIB$REQ8$PRES8$EABIv2 0x00000000   Number         0  anon$$obj.o ABSOLUTE
    __ARM_use_no_argv                        0x00000000   Number         0  main.o ABSOLUTE
    __ARM_exceptions_init                     - Undefined Weak Reference
    __alloca_initialize                       - Undefined Weak Reference
    __arm_preinit_                            - Undefined Weak Reference
    __cpp_initialize__aeabi_                  - Undefined Weak Reference
    __cxa_finalize                            - Undefined Weak Reference
    __rt_locale                               - Undefined Weak Reference
    __sigvec_lookup                           - Undefined Weak Reference
    __user_heap_extent                        - Undefined Weak Reference
    _atexit_init                              - Undefined Weak Reference
    _call_atexit_fns                          - Undefined Weak Reference
    _clock_init                               - Undefined Weak Reference
    _fp_trap_init                             - Undefined Weak Reference
    _fp_trap_shutdown                         - Undefined Weak Reference
    _get_lc_collate                           - Undefined Weak Reference
    _get_lc_ctype                             - Undefined Weak Reference
    _get_lc_monetary                          - Undefined Weak Reference
    _get_lc_numeric                           - Undefined Weak Reference
    _get_lc_time                              - Undefined Weak Reference
    _getenv_init                              - Undefined Weak Reference
    _handle_redirection                       - Undefined Weak Reference
    _mutex_acquire                            - Undefined Weak Reference
    _mutex_free                               - Undefined Weak Reference
    _mutex_release                            - Undefined Weak Reference
    _printf_post_padding                      - Undefined Weak Reference
    _printf_pre_padding                       - Undefined Weak Reference
    _printf_truncate_unsigned                 - Undefined Weak Reference
    _rand_init                                - Undefined Weak Reference
    _signal_finish                            - Undefined Weak Reference
    _signal_init                              - Undefined Weak Reference
    __Vectors_Size                           0x000001ac   Number         0  startup_stm32f427x.o ABSOLUTE
    __Vectors                                0x08000000   Data           4  startup_stm32f427x.o(RESET)
    __Vectors_End                            0x080001ac   Data           0  startup_stm32f427x.o(RESET)
    __main                                   0x080001ad   Thumb Code     8  __main.o(!!!main)
    __scatterload                            0x080001b5   Thumb Code     0  __scatter.o(!!!scatter)
    __scatterload_rt2                        0x080001b5   Thumb Code    44  __scatter.o(!!!scatter)
    __scatterload_rt2_thumb_only             0x080001b5   Thumb Code     0  __scatter.o(!!!scatter)
    __scatterload_null                       0x080001c3   Thumb Code     0  __scatter.o(!!!scatter)
    __decompress                             0x080001e9   Thumb Code    90  __dczerorl2.o(!!dczerorl2)
    __decompress1                            0x080001e9   Thumb Code     0  __dczerorl2.o(!!dczerorl2)
    __scatterload_zeroinit                   0x08000245   Thumb Code    28  __scatter_zi.o(!!handler_zi)
    __rt_lib_init                            0x08000261   Thumb Code     0  libinit.o(.ARM.Collect$$libinit$$00000000)
    __rt_lib_init_fp_1                       0x08000263   Thumb Code     0  libinit2.o(.ARM.Collect$$libinit$$00000001)
    __rt_lib_init_alloca_1                   0x08000267   Thumb Code     0  libinit2.o(.ARM.Collect$$libinit$$0000002E)
    __rt_lib_init_argv_1                     0x08000267   Thumb Code     0  libinit2.o(.ARM.Collect$$libinit$$0000002C)
    __rt_lib_init_atexit_1                   0x08000267   Thumb Code     0  libinit2.o(.ARM.Collect$$libinit$$0000001B)
    __rt_lib_init_clock_1                    0x08000267   Thumb Code     0  libinit2.o(.ARM.Collect$$libinit$$00000021)
    __rt_lib_init_cpp_1                      0x08000267   Thumb Code     0  libinit2.o(.ARM.Collect$$libinit$$00000032)
    __rt_lib_init_exceptions_1               0x08000267   Thumb Code     0  libinit2.o(.ARM.Collect$$libinit$$00000030)
    __rt_lib_init_fp_trap_1                  0x08000267   Thumb Code     0  libinit2.o(.ARM.Collect$$libinit$$0000001F)
    __rt_lib_init_getenv_1                   0x08000267   Thumb Code     0  libinit2.o(.ARM.Collect$$libinit$$00000023)
    __rt_lib_init_heap_1                     0x08000267   Thumb Code     0  libinit2.o(.ARM.Collect$$libinit$$0000000A)
    __rt_lib_init_lc_collate_1               0x08000267   Thumb Code     0  libinit2.o(.ARM.Collect$$libinit$$00000011)
    __rt_lib_init_lc_ctype_1                 0x08000267   Thumb Code     0  libinit2.o(.ARM.Collect$$libinit$$00000013)
    __rt_lib_init_lc_monetary_1              0x08000267   Thumb Code     0  libinit2.o(.ARM.Collect$$libinit$$00000015)
    __rt_lib_init_lc_numeric_1               0x08000267   Thumb Code     0  libinit2.o(.ARM.Collect$$libinit$$00000017)
    __rt_lib_init_lc_time_1                  0x08000267   Thumb Code     0  libinit2.o(.ARM.Collect$$libinit$$00000019)
    __rt_lib_init_preinit_1                  0x08000267   Thumb Code     0  libinit2.o(.ARM.Collect$$libinit$$00000004)
    __rt_lib_init_rand_1                     0x08000267   Thumb Code     0  libinit2.o(.ARM.Collect$$libinit$$0000000E)
    __rt_lib_init_return                     0x08000267   Thumb Code     0  libinit2.o(.ARM.Collect$$libinit$$00000033)
    __rt_lib_init_signal_1                   0x08000267   Thumb Code     0  libinit2.o(.ARM.Collect$$libinit$$0000001D)
    __rt_lib_init_stdio_1                    0x08000267   Thumb Code     0  libinit2.o(.ARM.Collect$$libinit$$00000025)
    __rt_lib_init_user_alloc_1               0x08000267   Thumb Code     0  libinit2.o(.ARM.Collect$$libinit$$0000000C)
    __rt_lib_shutdown                        0x08000269   Thumb Code     0  libshutdown.o(.ARM.Collect$$libshutdown$$00000000)
    __rt_lib_shutdown_cpp_1                  0x0800026b   Thumb Code     0  libshutdown2.o(.ARM.Collect$$libshutdown$$00000002)
    __rt_lib_shutdown_fp_trap_1              0x0800026b   Thumb Code     0  libshutdown2.o(.ARM.Collect$$libshutdown$$00000007)
    __rt_lib_shutdown_heap_1                 0x0800026b   Thumb Code     0  libshutdown2.o(.ARM.Collect$$libshutdown$$0000000F)
    __rt_lib_shutdown_return                 0x0800026b   Thumb Code     0  libshutdown2.o(.ARM.Collect$$libshutdown$$00000010)
    __rt_lib_shutdown_signal_1               0x0800026b   Thumb Code     0  libshutdown2.o(.ARM.Collect$$libshutdown$$0000000A)
    __rt_lib_shutdown_stdio_1                0x0800026b   Thumb Code     0  libshutdown2.o(.ARM.Collect$$libshutdown$$00000004)
    __rt_lib_shutdown_user_alloc_1           0x0800026b   Thumb Code     0  libshutdown2.o(.ARM.Collect$$libshutdown$$0000000C)
    __rt_entry                               0x0800026d   Thumb Code     0  __rtentry.o(.ARM.Collect$$rtentry$$00000000)
    __rt_entry_presh_1                       0x0800026d   Thumb Code     0  __rtentry2.o(.ARM.Collect$$rtentry$$00000002)
    __rt_entry_sh                            0x0800026d   Thumb Code     0  __rtentry4.o(.ARM.Collect$$rtentry$$00000004)
    __rt_entry_li                            0x08000273   Thumb Code     0  __rtentry2.o(.ARM.Collect$$rtentry$$0000000A)
    __rt_entry_postsh_1                      0x08000273   Thumb Code     0  __rtentry2.o(.ARM.Collect$$rtentry$$00000009)
    __rt_entry_main                          0x08000277   Thumb Code     0  __rtentry2.o(.ARM.Collect$$rtentry$$0000000D)
    __rt_entry_postli_1                      0x08000277   Thumb Code     0  __rtentry2.o(.ARM.Collect$$rtentry$$0000000C)
    __rt_exit                                0x0800027f   Thumb Code     0  rtexit.o(.ARM.Collect$$rtexit$$00000000)
    __rt_exit_ls                             0x08000281   Thumb Code     0  rtexit2.o(.ARM.Collect$$rtexit$$00000003)
    __rt_exit_prels_1                        0x08000281   Thumb Code     0  rtexit2.o(.ARM.Collect$$rtexit$$00000002)
    __rt_exit_exit                           0x08000285   Thumb Code     0  rtexit2.o(.ARM.Collect$$rtexit$$00000004)
    SVC_Handler                              0x0800028d   Thumb Code    28  port.o(.emb_text)
    __asm___6_port_c_39a90d8d__prvStartFirstTask 0x080002ad   Thumb Code    28  port.o(.emb_text)
    __asm___6_port_c_39a90d8d__prvEnableVFP  0x080002cd   Thumb Code    16  port.o(.emb_text)
    PendSV_Handler                           0x080002e1   Thumb Code    88  port.o(.emb_text)
    vPortGetIPSR                             0x0800033d   Thumb Code     6  port.o(.emb_text)
    Reset_Handler                            0x08000345   Thumb Code     8  startup_stm32f427x.o(.text)
    ADC_IRQHandler                           0x0800035f   Thumb Code     0  startup_stm32f427x.o(.text)
    CAN1_RX1_IRQHandler                      0x0800035f   Thumb Code     0  startup_stm32f427x.o(.text)
    CAN1_SCE_IRQHandler                      0x0800035f   Thumb Code     0  startup_stm32f427x.o(.text)
    CAN2_RX1_IRQHandler                      0x0800035f   Thumb Code     0  startup_stm32f427x.o(.text)
    CAN2_SCE_IRQHandler                      0x0800035f   Thumb Code     0  startup_stm32f427x.o(.text)
    CRYP_IRQHandler                          0x0800035f   Thumb Code     0  startup_stm32f427x.o(.text)
    DCMI_IRQHandler                          0x0800035f   Thumb Code     0  startup_stm32f427x.o(.text)
    DMA1_Stream0_IRQHandler                  0x0800035f   Thumb Code     0  startup_stm32f427x.o(.text)
    DMA1_Stream1_IRQHandler                  0x0800035f   Thumb Code     0  startup_stm32f427x.o(.text)
    DMA1_Stream2_IRQHandler                  0x0800035f   Thumb Code     0  startup_stm32f427x.o(.text)
    DMA1_Stream3_IRQHandler                  0x0800035f   Thumb Code     0  startup_stm32f427x.o(.text)
    DMA1_Stream4_IRQHandler                  0x0800035f   Thumb Code     0  startup_stm32f427x.o(.text)
    DMA1_Stream5_IRQHandler                  0x0800035f   Thumb Code     0  startup_stm32f427x.o(.text)
    DMA1_Stream6_IRQHandler                  0x0800035f   Thumb Code     0  startup_stm32f427x.o(.text)
    DMA1_Stream7_IRQHandler                  0x0800035f   Thumb Code     0  startup_stm32f427x.o(.text)
    DMA2D_IRQHandler                         0x0800035f   Thumb Code     0  startup_stm32f427x.o(.text)
    DMA2_Stream0_IRQHandler                  0x0800035f   Thumb Code     0  startup_stm32f427x.o(.text)
    DMA2_Stream1_IRQHandler                  0x0800035f   Thumb Code     0  startup_stm32f427x.o(.text)
    DMA2_Stream2_IRQHandler                  0x0800035f   Thumb Code     0  startup_stm32f427x.o(.text)
    DMA2_Stream3_IRQHandler                  0x0800035f   Thumb Code     0  startup_stm32f427x.o(.text)
    DMA2_Stream4_IRQHandler                  0x0800035f   Thumb Code     0  startup_stm32f427x.o(.text)
    DMA2_Stream5_IRQHandler                  0x0800035f   Thumb Code     0  startup_stm32f427x.o(.text)
    DMA2_Stream6_IRQHandler                  0x0800035f   Thumb Code     0  startup_stm32f427x.o(.text)
    DMA2_Stream7_IRQHandler                  0x0800035f   Thumb Code     0  startup_stm32f427x.o(.text)
    ETH_IRQHandler                           0x0800035f   Thumb Code     0  startup_stm32f427x.o(.text)
    ETH_WKUP_IRQHandler                      0x0800035f   Thumb Code     0  startup_stm32f427x.o(.text)
    EXTI0_IRQHandler                         0x0800035f   Thumb Code     0  startup_stm32f427x.o(.text)
    EXTI15_10_IRQHandler                     0x0800035f   Thumb Code     0  startup_stm32f427x.o(.text)
    EXTI1_IRQHandler                         0x0800035f   Thumb Code     0  startup_stm32f427x.o(.text)
    EXTI2_IRQHandler                         0x0800035f   Thumb Code     0  startup_stm32f427x.o(.text)
    EXTI3_IRQHandler                         0x0800035f   Thumb Code     0  startup_stm32f427x.o(.text)
    EXTI4_IRQHandler                         0x0800035f   Thumb Code     0  startup_stm32f427x.o(.text)
    EXTI9_5_IRQHandler                       0x0800035f   Thumb Code     0  startup_stm32f427x.o(.text)
    FLASH_IRQHandler                         0x0800035f   Thumb Code     0  startup_stm32f427x.o(.text)
    FMC_IRQHandler                           0x0800035f   Thumb Code     0  startup_stm32f427x.o(.text)
    FPU_IRQHandler                           0x0800035f   Thumb Code     0  startup_stm32f427x.o(.text)
    HASH_RNG_IRQHandler                      0x0800035f   Thumb Code     0  startup_stm32f427x.o(.text)
    I2C1_ER_IRQHandler                       0x0800035f   Thumb Code     0  startup_stm32f427x.o(.text)
    I2C1_EV_IRQHandler                       0x0800035f   Thumb Code     0  startup_stm32f427x.o(.text)
    I2C2_ER_IRQHandler                       0x0800035f   Thumb Code     0  startup_stm32f427x.o(.text)
    I2C2_EV_IRQHandler                       0x0800035f   Thumb Code     0  startup_stm32f427x.o(.text)
    I2C3_ER_IRQHandler                       0x0800035f   Thumb Code     0  startup_stm32f427x.o(.text)
    I2C3_EV_IRQHandler                       0x0800035f   Thumb Code     0  startup_stm32f427x.o(.text)
    OTG_FS_IRQHandler                        0x0800035f   Thumb Code     0  startup_stm32f427x.o(.text)
    OTG_FS_WKUP_IRQHandler                   0x0800035f   Thumb Code     0  startup_stm32f427x.o(.text)
    OTG_HS_EP1_IN_IRQHandler                 0x0800035f   Thumb Code     0  startup_stm32f427x.o(.text)
    OTG_HS_EP1_OUT_IRQHandler                0x0800035f   Thumb Code     0  startup_stm32f427x.o(.text)
    OTG_HS_IRQHandler                        0x0800035f   Thumb Code     0  startup_stm32f427x.o(.text)
    OTG_HS_WKUP_IRQHandler                   0x0800035f   Thumb Code     0  startup_stm32f427x.o(.text)
    PVD_IRQHandler                           0x0800035f   Thumb Code     0  startup_stm32f427x.o(.text)
    RCC_IRQHandler                           0x0800035f   Thumb Code     0  startup_stm32f427x.o(.text)
    RTC_Alarm_IRQHandler                     0x0800035f   Thumb Code     0  startup_stm32f427x.o(.text)
    RTC_WKUP_IRQHandler                      0x0800035f   Thumb Code     0  startup_stm32f427x.o(.text)
    SAI1_IRQHandler                          0x0800035f   Thumb Code     0  startup_stm32f427x.o(.text)
    SDIO_IRQHandler                          0x0800035f   Thumb Code     0  startup_stm32f427x.o(.text)
    SPI1_IRQHandler                          0x0800035f   Thumb Code     0  startup_stm32f427x.o(.text)
    SPI2_IRQHandler                          0x0800035f   Thumb Code     0  startup_stm32f427x.o(.text)
    SPI3_IRQHandler                          0x0800035f   Thumb Code     0  startup_stm32f427x.o(.text)
    SPI4_IRQHandler                          0x0800035f   Thumb Code     0  startup_stm32f427x.o(.text)
    SPI5_IRQHandler                          0x0800035f   Thumb Code     0  startup_stm32f427x.o(.text)
    SPI6_IRQHandler                          0x0800035f   Thumb Code     0  startup_stm32f427x.o(.text)
    TAMP_STAMP_IRQHandler                    0x0800035f   Thumb Code     0  startup_stm32f427x.o(.text)
    TIM1_BRK_TIM9_IRQHandler                 0x0800035f   Thumb Code     0  startup_stm32f427x.o(.text)
    TIM1_CC_IRQHandler                       0x0800035f   Thumb Code     0  startup_stm32f427x.o(.text)
    TIM1_TRG_COM_TIM11_IRQHandler            0x0800035f   Thumb Code     0  startup_stm32f427x.o(.text)
    TIM1_UP_TIM10_IRQHandler                 0x0800035f   Thumb Code     0  startup_stm32f427x.o(.text)
    TIM2_IRQHandler                          0x0800035f   Thumb Code     0  startup_stm32f427x.o(.text)
    TIM3_IRQHandler                          0x0800035f   Thumb Code     0  startup_stm32f427x.o(.text)
    TIM4_IRQHandler                          0x0800035f   Thumb Code     0  startup_stm32f427x.o(.text)
    TIM5_IRQHandler                          0x0800035f   Thumb Code     0  startup_stm32f427x.o(.text)
    TIM6_DAC_IRQHandler                      0x0800035f   Thumb Code     0  startup_stm32f427x.o(.text)
    TIM7_IRQHandler                          0x0800035f   Thumb Code     0  startup_stm32f427x.o(.text)
    TIM8_BRK_TIM12_IRQHandler                0x0800035f   Thumb Code     0  startup_stm32f427x.o(.text)
    TIM8_CC_IRQHandler                       0x0800035f   Thumb Code     0  startup_stm32f427x.o(.text)
    TIM8_TRG_COM_TIM14_IRQHandler            0x0800035f   Thumb Code     0  startup_stm32f427x.o(.text)
    TIM8_UP_TIM13_IRQHandler                 0x0800035f   Thumb Code     0  startup_stm32f427x.o(.text)
    UART4_IRQHandler                         0x0800035f   Thumb Code     0  startup_stm32f427x.o(.text)
    UART5_IRQHandler                         0x0800035f   Thumb Code     0  startup_stm32f427x.o(.text)
    USART2_IRQHandler                        0x0800035f   Thumb Code     0  startup_stm32f427x.o(.text)
    WWDG_IRQHandler                          0x0800035f   Thumb Code     0  startup_stm32f427x.o(.text)
    __user_initial_stackheap                 0x08000361   Thumb Code     0  startup_stm32f427x.o(.text)
    arm_cos_f32                              0x08000385   Thumb Code   194  arm_cos_f32.o(.text)
    arm_sin_f32                              0x0800045d   Thumb Code   194  arm_sin_f32.o(.text)
    __aeabi_memcpy                           0x08000535   Thumb Code     0  rt_memcpy_v6.o(.text)
    __rt_memcpy                              0x08000535   Thumb Code   138  rt_memcpy_v6.o(.text)
    _memcpy_lastbytes                        0x0800059b   Thumb Code     0  rt_memcpy_v6.o(.text)
    __aeabi_memcpy4                          0x080005bf   Thumb Code     0  rt_memcpy_w.o(.text)
    __aeabi_memcpy8                          0x080005bf   Thumb Code     0  rt_memcpy_w.o(.text)
    __rt_memcpy_w                            0x080005bf   Thumb Code   100  rt_memcpy_w.o(.text)
    _memcpy_lastbytes_aligned                0x08000607   Thumb Code     0  rt_memcpy_w.o(.text)
    __aeabi_memset                           0x08000623   Thumb Code    16  aeabi_memset.o(.text)
    __aeabi_memclr4                          0x08000633   Thumb Code     0  rt_memclr_w.o(.text)
    __aeabi_memclr8                          0x08000633   Thumb Code     0  rt_memclr_w.o(.text)
    __rt_memclr_w                            0x08000633   Thumb Code    78  rt_memclr_w.o(.text)
    _memset_w                                0x08000637   Thumb Code     0  rt_memclr_w.o(.text)
    __use_two_region_memory                  0x08000681   Thumb Code     2  heapauxi.o(.text)
    __rt_heap_escrow                         0x08000683   Thumb Code     2  heapauxi.o(.text)
    __rt_heap_expand                         0x08000685   Thumb Code     2  heapauxi.o(.text)
    __aeabi_memclr                           0x08000687   Thumb Code     0  rt_memclr.o(.text)
    __rt_memclr                              0x08000687   Thumb Code    68  rt_memclr.o(.text)
    _memset                                  0x0800068b   Thumb Code     0  rt_memclr.o(.text)
    __user_setup_stackheap                   0x080006cb   Thumb Code    74  sys_stackheap_outer.o(.text)
    exit                                     0x08000715   Thumb Code    18  exit.o(.text)
    __user_libspace                          0x08000729   Thumb Code     8  libspace.o(.text)
    __user_perproc_libspace                  0x08000729   Thumb Code     0  libspace.o(.text)
    __user_perthread_libspace                0x08000729   Thumb Code     0  libspace.o(.text)
    __I$use$semihosting                      0x08000731   Thumb Code     0  use_no_semi.o(.text)
    __use_no_semihosting_swi                 0x08000731   Thumb Code     2  use_no_semi.o(.text)
    __semihosting_library_function           0x08000733   Thumb Code     0  indicate_semi.o(.text)
    _sys_exit                                0x08000735   Thumb Code     8  sys_exit.o(.text)
    BSP_Init                                 0x08000741   Thumb Code    24  main.o(i.BSP_Init)
    BusFault_Handler                         0x08000759   Thumb Code     4  stm32f4xx_it.o(i.BusFault_Handler)
    CAN1_RX0_IRQHandler                      0x0800075d   Thumb Code    48  it.o(i.CAN1_RX0_IRQHandler)
    CAN1_TX_IRQHandler                       0x08000799   Thumb Code    22  it.o(i.CAN1_TX_IRQHandler)
    CAN2_RX0_IRQHandler                      0x080007b5   Thumb Code    48  it.o(i.CAN2_RX0_IRQHandler)
    CAN2_TX_IRQHandler                       0x080007f1   Thumb Code    22  it.o(i.CAN2_TX_IRQHandler)
    CAN_ClearFlag                            0x0800080d   Thumb Code    52  stm32f4xx_can.o(i.CAN_ClearFlag)
    CAN_ClearITPendingBit                    0x08000845   Thumb Code   162  stm32f4xx_can.o(i.CAN_ClearITPendingBit)
    CAN_DeInit                               0x080008ed   Thumb Code    50  stm32f4xx_can.o(i.CAN_DeInit)
    CAN_FilterInit                           0x08000925   Thumb Code   258  stm32f4xx_can.o(i.CAN_FilterInit)
    CAN_GetITStatus                          0x08000a2d   Thumb Code   284  stm32f4xx_can.o(i.CAN_GetITStatus)
    CAN_ITConfig                             0x08000b4d   Thumb Code    18  stm32f4xx_can.o(i.CAN_ITConfig)
    CAN_Init                                 0x08000b5f   Thumb Code   276  stm32f4xx_can.o(i.CAN_Init)
    CAN_Receive                              0x08000c73   Thumb Code   240  stm32f4xx_can.o(i.CAN_Receive)
    CAN_StructInit                           0x08000d63   Thumb Code    32  stm32f4xx_can.o(i.CAN_StructInit)
    Chassis_Control                          0x08000d83   Thumb Code     2  chassis_behavior.o(i.Chassis_Control)
    DMA_ClearFlag                            0x08000e6d   Thumb Code    38  stm32f4xx_dma.o(i.DMA_ClearFlag)
    DMA_Cmd                                  0x08000ea1   Thumb Code    22  stm32f4xx_dma.o(i.DMA_Cmd)
    DMA_DeInit                               0x08000eb9   Thumb Code   324  stm32f4xx_dma.o(i.DMA_DeInit)
    DMA_DoubleBufferModeCmd                  0x08001011   Thumb Code    22  stm32f4xx_dma.o(i.DMA_DoubleBufferModeCmd)
    DMA_DoubleBufferModeConfig               0x08001027   Thumb Code    24  stm32f4xx_dma.o(i.DMA_DoubleBufferModeConfig)
    DMA_GetCmdStatus                         0x0800103f   Thumb Code    20  stm32f4xx_dma.o(i.DMA_GetCmdStatus)
    DMA_GetCurrDataCounter                   0x08001053   Thumb Code     8  stm32f4xx_dma.o(i.DMA_GetCurrDataCounter)
    DMA_GetCurrentMemoryTarget               0x0800105b   Thumb Code    20  stm32f4xx_dma.o(i.DMA_GetCurrentMemoryTarget)
    DMA_Init                                 0x08001071   Thumb Code    82  stm32f4xx_dma.o(i.DMA_Init)
    DMA_SetCurrDataCounter                   0x080010c9   Thumb Code     4  stm32f4xx_dma.o(i.DMA_SetCurrDataCounter)
    DMA_StructInit                           0x080010cd   Thumb Code    34  stm32f4xx_dma.o(i.DMA_StructInit)
    DebugMon_Handler                         0x080010ef   Thumb Code     2  stm32f4xx_it.o(i.DebugMon_Handler)
    GPIO_Init                                0x080010f1   Thumb Code   144  stm32f4xx_gpio.o(i.GPIO_Init)
    GPIO_PinAFConfig                         0x08001181   Thumb Code    70  stm32f4xx_gpio.o(i.GPIO_PinAFConfig)
    GPIO_ResetBits                           0x080011c7   Thumb Code     4  stm32f4xx_gpio.o(i.GPIO_ResetBits)
    GPIO_SetBits                             0x080011cb   Thumb Code     4  stm32f4xx_gpio.o(i.GPIO_SetBits)
    HardFault_Handler                        0x08001229   Thumb Code     4  stm32f4xx_it.o(i.HardFault_Handler)
    Hardware_Init                            0x0800122d   Thumb Code    12  main.o(i.Hardware_Init)
    MemManage_Handler                        0x08001239   Thumb Code     4  stm32f4xx_it.o(i.MemManage_Handler)
    NMI_Handler                              0x0800123d   Thumb Code     2  stm32f4xx_it.o(i.NMI_Handler)
    NVIC_Init                                0x08001241   Thumb Code   106  misc.o(i.NVIC_Init)
    NVIC_PriorityGroupConfig                 0x080012b9   Thumb Code    10  misc.o(i.NVIC_PriorityGroupConfig)
    Packet_Decode                            0x08001445   Thumb Code   396  packet.o(i.Packet_Decode)
    Packet_DecodeInit                        0x080015e9   Thumb Code    24  packet.o(i.Packet_DecodeInit)
    RCC_AHB1PeriphClockCmd                   0x08001609   Thumb Code    26  stm32f4xx_rcc.o(i.RCC_AHB1PeriphClockCmd)
    RCC_APB1PeriphClockCmd                   0x08001629   Thumb Code    26  stm32f4xx_rcc.o(i.RCC_APB1PeriphClockCmd)
    RCC_APB1PeriphResetCmd                   0x08001649   Thumb Code    26  stm32f4xx_rcc.o(i.RCC_APB1PeriphResetCmd)
    RCC_APB2PeriphClockCmd                   0x08001669   Thumb Code    26  stm32f4xx_rcc.o(i.RCC_APB2PeriphClockCmd)
    RCC_APB2PeriphResetCmd                   0x08001689   Thumb Code    26  stm32f4xx_rcc.o(i.RCC_APB2PeriphResetCmd)
    RCC_GetClocksFreq                        0x080016a9   Thumb Code   214  stm32f4xx_rcc.o(i.RCC_GetClocksFreq)
    RM_Judge_DataDecodeByBuff                0x08001791   Thumb Code   606  judge.o(i.RM_Judge_DataDecodeByBuff)
    RM_Judge_DataDequeue                     0x08001a05   Thumb Code    58  judge.o(i.RM_Judge_DataDequeue)
    RM_Judge_DataEnqueue                     0x08001a3f   Thumb Code    32  judge.o(i.RM_Judge_DataEnqueue)
    RM_Judge_DataLength                      0x08001a5f   Thumb Code   484  judge.o(i.RM_Judge_DataLength)
    RM_Judge_FindFrame                       0x08001c43   Thumb Code   198  judge.o(i.RM_Judge_FindFrame)
    Start_Task                               0x08001e29   Thumb Code   210  user_task.o(i.Start_Task)
    SysTick_Handler                          0x08001fc1   Thumb Code    46  port.o(i.SysTick_Handler)
    SystemInit                               0x08001ff5   Thumb Code    88  system_stm32f4xx.o(i.SystemInit)
    Task_ChassisCtrl                         0x0800205d   Thumb Code   656  chassis_behavior.o(i.Task_ChassisCtrl)
    Task_Hi219mDataDecode                    0x08002335   Thumb Code    76  user_task.o(i.Task_Hi219mDataDecode)
    Task_Init                                0x08002391   Thumb Code    24  user_task.o(i.Task_Init)
    Task_JudgeDataDecode                     0x080023bd   Thumb Code    48  user_task.o(i.Task_JudgeDataDecode)
    Task_MiniPCDataDecode                    0x080023f5   Thumb Code    18  minipc.o(i.Task_MiniPCDataDecode)
    Task_MiniPCDataSend                      0x08002407   Thumb Code    18  minipc.o(i.Task_MiniPCDataSend)
    Task_Send2Gimbal                         0x08002419   Thumb Code    18  user_task.o(i.Task_Send2Gimbal)
    UART7_IRQHandler                         0x0800242b   Thumb Code     2  it.o(i.UART7_IRQHandler)
    UART8_IRQHandler                         0x0800242d   Thumb Code     2  it.o(i.UART8_IRQHandler)
    USART1_IRQHandler                        0x08002431   Thumb Code   170  it.o(i.USART1_IRQHandler)
    USART3_IRQHandler                        0x080024f1   Thumb Code     2  it.o(i.USART3_IRQHandler)
    USART6_IRQHandler                        0x080024f5   Thumb Code   146  it.o(i.USART6_IRQHandler)
    USART_Cmd                                0x080025a9   Thumb Code    24  stm32f4xx_usart.o(i.USART_Cmd)
    USART_DMACmd                             0x080025c1   Thumb Code    18  stm32f4xx_usart.o(i.USART_DMACmd)
    USART_DeInit                             0x080025d5   Thumb Code   206  stm32f4xx_usart.o(i.USART_DeInit)
    USART_GetITStatus                        0x080026c5   Thumb Code    84  stm32f4xx_usart.o(i.USART_GetITStatus)
    USART_ITConfig                           0x08002719   Thumb Code    74  stm32f4xx_usart.o(i.USART_ITConfig)
    USART_Init                               0x08002765   Thumb Code   204  stm32f4xx_usart.o(i.USART_Init)
    USART_StructInit                         0x08002839   Thumb Code    24  stm32f4xx_usart.o(i.USART_StructInit)
    UsageFault_Handler                       0x08002851   Thumb Code     4  stm32f4xx_it.o(i.UsageFault_Handler)
    Verify_CRC16_Check_Sum                   0x08002855   Thumb Code    60  crc_check.o(i.Verify_CRC16_Check_Sum)
    Verify_CRC8_Check_Sum                    0x08002895   Thumb Code    46  crc_check.o(i.Verify_CRC8_Check_Sum)
    __ARM_fpclassify                         0x080028c3   Thumb Code    48  fpclassify.o(i.__ARM_fpclassify)
    __hardfp_atan                            0x080028f9   Thumb Code   622  atan.o(i.__hardfp_atan)
    __kernel_poly                            0x08002bd1   Thumb Code   248  poly.o(i.__kernel_poly)
    __mathlib_dbl_infnan                     0x08002cc9   Thumb Code    20  dunder.o(i.__mathlib_dbl_infnan)
    __mathlib_dbl_underflow                  0x08002ce1   Thumb Code    24  dunder.o(i.__mathlib_dbl_underflow)
    appendValue                              0x08002d01   Thumb Code    34  arraylist.o(i.appendValue)
    configCAN_Init                           0x08002d25   Thumb Code   314  can.o(i.configCAN_Init)
    configChassis_ParaInit                   0x08002e69   Thumb Code     2  chassis_behavior.o(i.configChassis_ParaInit)
    configDMA_Init                           0x08002e6d   Thumb Code   436  dma.o(i.configDMA_Init)
    configHi219m_ParaInit                    0x08003049   Thumb Code     8  hi219m.o(i.configHi219m_ParaInit)
    configIO_Init                            0x08003051   Thumb Code   874  io.o(i.configIO_Init)
    configNVIC_Init                          0x080033d5   Thumb Code   304  nvic.o(i.configNVIC_Init)
    configUART_Init                          0x08003505   Thumb Code   566  uart.o(i.configUART_Init)
    deleteAllValue                           0x08003795   Thumb Code    34  arraylist.o(i.deleteAllValue)
    deleteRangeValue                         0x080037b7   Thumb Code    58  arraylist.o(i.deleteRangeValue)
    deleteValue                              0x080037f1   Thumb Code    72  arraylist.o(i.deleteValue)
    fabs                                     0x08003839   Thumb Code    24  fabs.o(i.fabs)
    findValue                                0x08003851   Thumb Code    52  arraylist.o(i.findValue)
    fnHi219m_DataDecode                      0x08003885   Thumb Code   574  hi219m.o(i.fnHi219m_DataDecode)
    fnMotor_CanRecvDataDecode                0x08003ae5   Thumb Code   124  motor.o(i.fnMotor_CanRecvDataDecode)
    fnRemote_RawDataDecode                   0x08003b81   Thumb Code   248  rm_remote.o(i.fnRemote_RawDataDecode)
    getArrayLength                           0x08003c85   Thumb Code     6  arraylist.o(i.getArrayLength)
    getValue                                 0x08003c8b   Thumb Code    28  arraylist.o(i.getValue)
    get_eular                                0x08003ca9   Thumb Code    14  imu_data_decode.o(i.get_eular)
    get_raw_gyo                              0x08003cbd   Thumb Code    16  imu_data_decode.o(i.get_raw_gyo)
    get_raw_mag                              0x08003cd1   Thumb Code    16  imu_data_decode.o(i.get_raw_mag)
    imu_data_decode_init                     0x08003ce5   Thumb Code    14  imu_data_decode.o(i.imu_data_decode_init)
    isEmpty                                  0x08003cfd   Thumb Code    14  arraylist.o(i.isEmpty)
    isFull                                   0x08003d0b   Thumb Code    18  arraylist.o(i.isFull)
    main                                     0x08003d1d   Thumb Code    20  main.o(i.main)
    pvPortMalloc                             0x080046b1   Thumb Code   306  heap_4.o(i.pvPortMalloc)
    pvTaskIncrementMutexHeldCount            0x080047f9   Thumb Code    26  tasks.o(i.pvTaskIncrementMutexHeldCount)
    pxPortInitialiseStack                    0x08004819   Thumb Code    38  port.o(i.pxPortInitialiseStack)
    uxListRemove                             0x0800497d   Thumb Code    40  list.o(i.uxListRemove)
    vApplicationIdleHook                     0x080049a5   Thumb Code     2  stm32f4xx_it.o(i.vApplicationIdleHook)
    vApplicationMallocFailedHook             0x080049a7   Thumb Code    22  stm32f4xx_it.o(i.vApplicationMallocFailedHook)
    vApplicationStackOverflowHook            0x080049bd   Thumb Code     2  stm32f4xx_it.o(i.vApplicationStackOverflowHook)
    vApplicationTickHook                     0x080049bf   Thumb Code     2  stm32f4xx_it.o(i.vApplicationTickHook)
    vListInitialise                          0x080049c1   Thumb Code    26  list.o(i.vListInitialise)
    vListInitialiseItem                      0x080049db   Thumb Code     6  list.o(i.vListInitialiseItem)
    vListInsert                              0x080049e1   Thumb Code    52  list.o(i.vListInsert)
    vListInsertEnd                           0x08004a15   Thumb Code    24  list.o(i.vListInsertEnd)
    vPortEnterCritical                       0x08004a2d   Thumb Code    76  port.o(i.vPortEnterCritical)
    vPortExitCritical                        0x08004a81   Thumb Code    56  port.o(i.vPortExitCritical)
    vPortFree                                0x08004abd   Thumb Code   140  heap_4.o(i.vPortFree)
    vPortSetupTimerInterrupt                 0x08004b51   Thumb Code    14  port.o(i.vPortSetupTimerInterrupt)
    vPortValidateInterruptPriority           0x08004b65   Thumb Code   106  port.o(i.vPortValidateInterruptPriority)
    vQueueAddToRegistry                      0x08004bdd   Thumb Code    38  queue.o(i.vQueueAddToRegistry)
    vQueueWaitForMessageRestricted           0x08004c09   Thumb Code    74  queue.o(i.vQueueWaitForMessageRestricted)
    vTaskDelay                               0x08004c55   Thumb Code    82  tasks.o(i.vTaskDelay)
    vTaskDelayUntil                          0x08004cb1   Thumb Code   200  tasks.o(i.vTaskDelayUntil)
    vTaskDelete                              0x08004d85   Thumb Code   202  tasks.o(i.vTaskDelete)
    vTaskMissedYield                         0x08004e79   Thumb Code     8  tasks.o(i.vTaskMissedYield)
    vTaskPlaceOnEventList                    0x08004e85   Thumb Code    52  tasks.o(i.vTaskPlaceOnEventList)
    vTaskPlaceOnEventListRestricted          0x08004ebd   Thumb Code    60  tasks.o(i.vTaskPlaceOnEventListRestricted)
    vTaskPriorityInherit                     0x08004efd   Thumb Code   164  tasks.o(i.vTaskPriorityInherit)
    vTaskSetTimeOutState                     0x08004fad   Thumb Code    38  tasks.o(i.vTaskSetTimeOutState)
    vTaskStartScheduler                      0x08004fdd   Thumb Code   118  tasks.o(i.vTaskStartScheduler)
    vTaskSuspendAll                          0x08005071   Thumb Code    12  tasks.o(i.vTaskSuspendAll)
    vTaskSwitchContext                       0x08005081   Thumb Code   174  tasks.o(i.vTaskSwitchContext)
    xPortStartScheduler                      0x08005145   Thumb Code   288  port.o(i.xPortStartScheduler)
    xQueueGenericCreate                      0x08005281   Thumb Code    88  queue.o(i.xQueueGenericCreate)
    xQueueGenericReceive                     0x080052d9   Thumb Code   446  queue.o(i.xQueueGenericReceive)
    xQueueGenericReset                       0x0800549d   Thumb Code   146  queue.o(i.xQueueGenericReset)
    xQueueGenericSend                        0x08005535   Thumb Code   420  queue.o(i.xQueueGenericSend)
    xQueueGenericSendFromISR                 0x080056dd   Thumb Code   248  queue.o(i.xQueueGenericSendFromISR)
    xQueueGiveFromISR                        0x080057d5   Thumb Code   224  queue.o(i.xQueueGiveFromISR)
    xTaskCheckForTimeOut                     0x080058b5   Thumb Code   132  tasks.o(i.xTaskCheckForTimeOut)
    xTaskCreate                              0x08005941   Thumb Code    96  tasks.o(i.xTaskCreate)
    xTaskGetSchedulerState                   0x080059a1   Thumb Code    24  tasks.o(i.xTaskGetSchedulerState)
    xTaskGetTickCount                        0x080059c1   Thumb Code     6  tasks.o(i.xTaskGetTickCount)
    xTaskIncrementTick                       0x080059cd   Thumb Code   296  tasks.o(i.xTaskIncrementTick)
    xTaskPriorityDisinherit                  0x08005b21   Thumb Code   188  tasks.o(i.xTaskPriorityDisinherit)
    xTaskRemoveFromEventList                 0x08005be9   Thumb Code   128  tasks.o(i.xTaskRemoveFromEventList)
    xTaskResumeAll                           0x08005c81   Thumb Code   224  tasks.o(i.xTaskResumeAll)
    xTimerCreateTimerTask                    0x08005d85   Thumb Code    66  timers.o(i.xTimerCreateTimerTask)
    xTimerGenericCommand                     0x08005ddd   Thumb Code   126  timers.o(i.xTimerGenericCommand)
    __aeabi_dneg                             0x08005e61   Thumb Code     0  basic.o(x$fpl$basic)
    _dneg                                    0x08005e61   Thumb Code     6  basic.o(x$fpl$basic)
    __aeabi_fneg                             0x08005e67   Thumb Code     0  basic.o(x$fpl$basic)
    _fneg                                    0x08005e67   Thumb Code     6  basic.o(x$fpl$basic)
    _dabs                                    0x08005e6d   Thumb Code     6  basic.o(x$fpl$basic)
    _fabs                                    0x08005e73   Thumb Code     6  basic.o(x$fpl$basic)
    __aeabi_d2f                              0x08005e79   Thumb Code     0  d2f.o(x$fpl$d2f)
    _d2f                                     0x08005e79   Thumb Code    98  d2f.o(x$fpl$d2f)
    __aeabi_dadd                             0x08005edd   Thumb Code     0  daddsub_clz.o(x$fpl$dadd)
    _dadd                                    0x08005edd   Thumb Code   332  daddsub_clz.o(x$fpl$dadd)
    __aeabi_ddiv                             0x0800602d   Thumb Code     0  ddiv.o(x$fpl$ddiv)
    _ddiv                                    0x0800602d   Thumb Code   552  ddiv.o(x$fpl$ddiv)
    __aeabi_dmul                             0x080062dd   Thumb Code     0  dmul.o(x$fpl$dmul)
    _dmul                                    0x080062dd   Thumb Code   332  dmul.o(x$fpl$dmul)
    __fpl_dnaninf                            0x08006431   Thumb Code   156  dnaninf.o(x$fpl$dnaninf)
    __fpl_dretinf                            0x080064cd   Thumb Code    12  dretinf.o(x$fpl$dretinf)
    __aeabi_drsub                            0x080064d9   Thumb Code     0  daddsub_clz.o(x$fpl$drsb)
    _drsb                                    0x080064d9   Thumb Code    22  daddsub_clz.o(x$fpl$drsb)
    __aeabi_dsub                             0x080064f1   Thumb Code     0  daddsub_clz.o(x$fpl$dsub)
    _dsub                                    0x080064f1   Thumb Code   464  daddsub_clz.o(x$fpl$dsub)
    __aeabi_f2d                              0x080066c5   Thumb Code     0  f2d.o(x$fpl$f2d)
    _f2d                                     0x080066c5   Thumb Code    86  f2d.o(x$fpl$f2d)
    __fpl_fnaninf                            0x0800671b   Thumb Code   140  fnaninf.o(x$fpl$fnaninf)
    _fp_init                                 0x080067a7   Thumb Code    10  fpinit.o(x$fpl$fpinit)
    __fplib_config_fpu_vfp                   0x080067af   Thumb Code     0  fpinit.o(x$fpl$fpinit)
    __fplib_config_pureend_doubles           0x080067af   Thumb Code     0  fpinit.o(x$fpl$fpinit)
    __fpl_fretinf                            0x080067b1   Thumb Code    10  fretinf.o(x$fpl$fretinf)
    CRC8_INIT                                0x080067ba   Data           1  crc_check.o(.constdata)
    __I$use$fp                               0x080067ba   Number         0  usenofp.o(x$fpl$usenofp)
    CRC_INIT_Judge                           0x080067bb   Data         256  crc_check.o(.constdata)
    wCRC_Table                               0x080068bc   Data         512  crc_check.o(.constdata)
    Region$$Table$$Base                      0x08007370   Number         0  anon$$obj.o(Region$$Table)
    Region$$Table$$Limit                     0x08007390   Number         0  anon$$obj.o(Region$$Table)
    P_nJudgeBuffLength                       0x20000000   Data           2  it.o(.data)
    P_stMotor_ChassisF                       0x20000008   Data         132  motor.o(.data)
    P_stMotor_ChassisB                       0x2000008c   Data         132  motor.o(.data)
    P_stMotor_SteerF                         0x20000110   Data         252  motor.o(.data)
    P_stMotor_SteerB                         0x2000020c   Data         252  motor.o(.data)
    P_stMotor_Gimbal_YawH                    0x20000308   Data         252  motor.o(.data)
    P_stMotor_Gimbal_YawL                    0x20000404   Data         252  motor.o(.data)
    P_stMotor_Gimbal_Pitch                   0x20000500   Data         252  motor.o(.data)
    Reset_yaw                                0x200005fc   Data           1  motor.o(.data)
    SBUS_First_Connected                     0x20000600   Data           1  rm_remote.o(.data)
    P_uintH219BuffLength                     0x20000604   Data           2  hi219m.o(.data)
    mag                                      0x20000606   Data           6  hi219m.o(.data)
    geomagnetism                             0x2000060c   Data           4  hi219m.o(.data)
    Gimbal_Gyro_Continuous_Yaw               0x20000638   Data           4  chassis_behavior.o(.data)
    Gimbal_Gyro_Initial_Yaw                  0x2000063c   Data           4  chassis_behavior.o(.data)
    vx                                       0x20000640   Data           4  chassis_behavior.o(.data)
    vy                                       0x20000644   Data           4  chassis_behavior.o(.data)
    vw                                       0x20000648   Data           4  chassis_behavior.o(.data)
    vx_1                                     0x2000064c   Data           4  chassis_behavior.o(.data)
    vy_1                                     0x20000650   Data           4  chassis_behavior.o(.data)
    vw_1                                     0x20000654   Data           4  chassis_behavior.o(.data)
    Reset_Gyro_Angle                         0x20000658   Data           4  chassis_behavior.o(.data)
    Reset_Encoder_Angle                      0x2000065c   Data           4  chassis_behavior.o(.data)
    a                                        0x20000660   Data           4  chassis_behavior.o(.data)
    b                                        0x20000664   Data           4  chassis_behavior.o(.data)
    StartTask_Handler                        0x20000668   Data           4  user_task.o(.data)
    Task_ChassisCtrl_Handler                 0x2000066c   Data           4  user_task.o(.data)
    Task_MiniPCDataDecode_Handler            0x20000670   Data           4  user_task.o(.data)
    Task_MiniPCDataSend_Handler              0x20000674   Data           4  user_task.o(.data)
    Task_Hi219mDataDecode_Handler            0x20000678   Data           4  user_task.o(.data)
    Task_JudgeDataDecode_Handler             0x2000067c   Data           4  user_task.o(.data)
    Task_Send2Gimbal_Handler                 0x20000680   Data           4  user_task.o(.data)
    P_shH219DataDecode_Binary                0x20000684   Data           4  user_task.o(.data)
    P_stPCDataDecode_Binary                  0x20000688   Data           4  user_task.o(.data)
    JudgeDataDecode_Binary                   0x2000068c   Data           4  user_task.o(.data)
    CRC_INIT                                 0x20000690   Data           2  crc_check.o(.data)
    Send_Data_Lidar                          0x20000692   Data           3  judge.o(.data)
    x_c                                      0x20000696   Data           2  judge.o(.data)
    pxCurrentTCB                             0x200006ac   Data           4  tasks.o(.data)
    P_stCAN1DataRecv                         0x20000720   Data          20  it.o(.bss)
    P_stCAN2DataRecv                         0x20000734   Data          20  it.o(.bss)
    P_uintRemote_Data_Buf                    0x20000748   Data         100  rm_remote.o(.bss)
    P_stRemoteData_Recv                      0x200007ac   Data          16  rm_remote.o(.bss)
    P_stRemoteData_Recv_Last                 0x200007bc   Data          16  rm_remote.o(.bss)
    P_uintH219MDataBuffer                    0x200007cc   Data         128  hi219m.o(.bss)
    P_stHi219m                               0x2000084c   Data          48  hi219m.o(.bss)
    mage                                     0x2000087c   Data          12  hi219m.o(.bss)
    P_stChassis                              0x20000930   Data         440  chassis_behavior.o(.bss)
    P_ucPCVisionDataBuffer                   0x20000ae8   Data          11  minipc.o(.bss)
    P_ucPCVisionDataBuffer_Last              0x20000af3   Data          11  minipc.o(.bss)
    P_ucPCVisionDataBuffer_L                 0x20000afe   Data          11  minipc.o(.bss)
    P_ucPCVisionDataSender                   0x20000b09   Data          27  minipc.o(.bss)
    MiniPC_Data_Recv                         0x20000b24   Data          16  minipc.o(.bss)
    Send_Data                                0x20000b34   Data          27  minipc.o(.bss)
    MiniPC_Data_Send                         0x20000b50   Data          32  minipc.o(.bss)
    P_ucJudgeDataBuffer                      0x20000b70   Data         512  judge.o(.bss)
    P_stJudgeDataArrayListBuff               0x20000d70   Data          12  judge.o(.bss)
    P_stgamestatus                           0x20000d7c   Data         632  judge.o(.bss)
    fn_game_robot_pos                        0x20000ff4   Data          19  judge.o(.bss)
    xQueueRegistry                           0x20001008   Data          64  queue.o(.bss)
    __libspace_start                         0x20004d38   Data          96  libspace.o(.bss)
    __temporary_stack_top$libspace           0x20004d98   Data           0  libspace.o(.bss)



==============================================================================

Memory Map of the image

  Image Entry point : 0x080001ad

  Load Region LR_IROM1 (Base: 0x08000000, Size: 0x00007ab0, Max: 0x00200000, ABSOLUTE, COMPRESSED[0x000073c0])

    Execution Region ER_IROM1 (Exec base: 0x08000000, Load base: 0x08000000, Size: 0x00007390, Max: 0x00200000, ABSOLUTE)

    Exec Addr    Load Addr    Size         Type   Attr      Idx    E Section Name        Object

    0x08000000   0x08000000   0x000001ac   Data   RO         2992    RESET               startup_stm32f427x.o
    0x080001ac   0x080001ac   0x00000008   Code   RO         3992  * !!!main             c_w.l(__main.o)
    0x080001b4   0x080001b4   0x00000034   Code   RO         4406    !!!scatter          c_w.l(__scatter.o)
    0x080001e8   0x080001e8   0x0000005a   Code   RO         4404    !!dczerorl2         c_w.l(__dczerorl2.o)
    0x08000242   0x08000242   0x00000002   PAD
    0x08000244   0x08000244   0x0000001c   Code   RO         4408    !!handler_zi        c_w.l(__scatter_zi.o)
    0x08000260   0x08000260   0x00000002   Code   RO         4195    .ARM.Collect$$libinit$$00000000  c_w.l(libinit.o)
    0x08000262   0x08000262   0x00000004   Code   RO         4196    .ARM.Collect$$libinit$$00000001  c_w.l(libinit2.o)
    0x08000266   0x08000266   0x00000000   Code   RO         4199    .ARM.Collect$$libinit$$00000004  c_w.l(libinit2.o)
    0x08000266   0x08000266   0x00000000   Code   RO         4202    .ARM.Collect$$libinit$$0000000A  c_w.l(libinit2.o)
    0x08000266   0x08000266   0x00000000   Code   RO         4204    .ARM.Collect$$libinit$$0000000C  c_w.l(libinit2.o)
    0x08000266   0x08000266   0x00000000   Code   RO         4206    .ARM.Collect$$libinit$$0000000E  c_w.l(libinit2.o)
    0x08000266   0x08000266   0x00000000   Code   RO         4209    .ARM.Collect$$libinit$$00000011  c_w.l(libinit2.o)
    0x08000266   0x08000266   0x00000000   Code   RO         4211    .ARM.Collect$$libinit$$00000013  c_w.l(libinit2.o)
    0x08000266   0x08000266   0x00000000   Code   RO         4213    .ARM.Collect$$libinit$$00000015  c_w.l(libinit2.o)
    0x08000266   0x08000266   0x00000000   Code   RO         4215    .ARM.Collect$$libinit$$00000017  c_w.l(libinit2.o)
    0x08000266   0x08000266   0x00000000   Code   RO         4217    .ARM.Collect$$libinit$$00000019  c_w.l(libinit2.o)
    0x08000266   0x08000266   0x00000000   Code   RO         4219    .ARM.Collect$$libinit$$0000001B  c_w.l(libinit2.o)
    0x08000266   0x08000266   0x00000000   Code   RO         4221    .ARM.Collect$$libinit$$0000001D  c_w.l(libinit2.o)
    0x08000266   0x08000266   0x00000000   Code   RO         4223    .ARM.Collect$$libinit$$0000001F  c_w.l(libinit2.o)
    0x08000266   0x08000266   0x00000000   Code   RO         4225    .ARM.Collect$$libinit$$00000021  c_w.l(libinit2.o)
    0x08000266   0x08000266   0x00000000   Code   RO         4227    .ARM.Collect$$libinit$$00000023  c_w.l(libinit2.o)
    0x08000266   0x08000266   0x00000000   Code   RO         4229    .ARM.Collect$$libinit$$00000025  c_w.l(libinit2.o)
    0x08000266   0x08000266   0x00000000   Code   RO         4233    .ARM.Collect$$libinit$$0000002C  c_w.l(libinit2.o)
    0x08000266   0x08000266   0x00000000   Code   RO         4235    .ARM.Collect$$libinit$$0000002E  c_w.l(libinit2.o)
    0x08000266   0x08000266   0x00000000   Code   RO         4237    .ARM.Collect$$libinit$$00000030  c_w.l(libinit2.o)
    0x08000266   0x08000266   0x00000000   Code   RO         4239    .ARM.Collect$$libinit$$00000032  c_w.l(libinit2.o)
    0x08000266   0x08000266   0x00000002   Code   RO         4240    .ARM.Collect$$libinit$$00000033  c_w.l(libinit2.o)
    0x08000268   0x08000268   0x00000002   Code   RO         4383    .ARM.Collect$$libshutdown$$00000000  c_w.l(libshutdown.o)
    0x0800026a   0x0800026a   0x00000000   Code   RO         4242    .ARM.Collect$$libshutdown$$00000002  c_w.l(libshutdown2.o)
    0x0800026a   0x0800026a   0x00000000   Code   RO         4244    .ARM.Collect$$libshutdown$$00000004  c_w.l(libshutdown2.o)
    0x0800026a   0x0800026a   0x00000000   Code   RO         4247    .ARM.Collect$$libshutdown$$00000007  c_w.l(libshutdown2.o)
    0x0800026a   0x0800026a   0x00000000   Code   RO         4250    .ARM.Collect$$libshutdown$$0000000A  c_w.l(libshutdown2.o)
    0x0800026a   0x0800026a   0x00000000   Code   RO         4252    .ARM.Collect$$libshutdown$$0000000C  c_w.l(libshutdown2.o)
    0x0800026a   0x0800026a   0x00000000   Code   RO         4255    .ARM.Collect$$libshutdown$$0000000F  c_w.l(libshutdown2.o)
    0x0800026a   0x0800026a   0x00000002   Code   RO         4256    .ARM.Collect$$libshutdown$$00000010  c_w.l(libshutdown2.o)
    0x0800026c   0x0800026c   0x00000000   Code   RO         4018    .ARM.Collect$$rtentry$$00000000  c_w.l(__rtentry.o)
    0x0800026c   0x0800026c   0x00000000   Code   RO         4074    .ARM.Collect$$rtentry$$00000002  c_w.l(__rtentry2.o)
    0x0800026c   0x0800026c   0x00000006   Code   RO         4086    .ARM.Collect$$rtentry$$00000004  c_w.l(__rtentry4.o)
    0x08000272   0x08000272   0x00000000   Code   RO         4076    .ARM.Collect$$rtentry$$00000009  c_w.l(__rtentry2.o)
    0x08000272   0x08000272   0x00000004   Code   RO         4077    .ARM.Collect$$rtentry$$0000000A  c_w.l(__rtentry2.o)
    0x08000276   0x08000276   0x00000000   Code   RO         4079    .ARM.Collect$$rtentry$$0000000C  c_w.l(__rtentry2.o)
    0x08000276   0x08000276   0x00000008   Code   RO         4080    .ARM.Collect$$rtentry$$0000000D  c_w.l(__rtentry2.o)
    0x0800027e   0x0800027e   0x00000002   Code   RO         4265    .ARM.Collect$$rtexit$$00000000  c_w.l(rtexit.o)
    0x08000280   0x08000280   0x00000000   Code   RO         4321    .ARM.Collect$$rtexit$$00000002  c_w.l(rtexit2.o)
    0x08000280   0x08000280   0x00000004   Code   RO         4322    .ARM.Collect$$rtexit$$00000003  c_w.l(rtexit2.o)
    0x08000284   0x08000284   0x00000006   Code   RO         4323    .ARM.Collect$$rtexit$$00000004  c_w.l(rtexit2.o)
    0x0800028a   0x0800028a   0x00000002   PAD
    0x0800028c   0x0800028c   0x000000b6   Code   RO         3785    .emb_text           port.o
    0x08000342   0x08000342   0x00000002   PAD
    0x08000344   0x08000344   0x00000040   Code   RO         2993    .text               startup_stm32f427x.o
    0x08000384   0x08000384   0x000000d8   Code   RO         3864    .text               arm_cortexM4lf_math.lib(arm_cos_f32.o)
    0x0800045c   0x0800045c   0x000000d8   Code   RO         3911    .text               arm_cortexM4lf_math.lib(arm_sin_f32.o)
    0x08000534   0x08000534   0x0000008a   Code   RO         3982    .text               c_w.l(rt_memcpy_v6.o)
    0x080005be   0x080005be   0x00000064   Code   RO         3984    .text               c_w.l(rt_memcpy_w.o)
    0x08000622   0x08000622   0x00000010   Code   RO         3986    .text               c_w.l(aeabi_memset.o)
    0x08000632   0x08000632   0x0000004e   Code   RO         3988    .text               c_w.l(rt_memclr_w.o)
    0x08000680   0x08000680   0x00000006   Code   RO         3990    .text               c_w.l(heapauxi.o)
    0x08000686   0x08000686   0x00000044   Code   RO         4030    .text               c_w.l(rt_memclr.o)
    0x080006ca   0x080006ca   0x0000004a   Code   RO         4111    .text               c_w.l(sys_stackheap_outer.o)
    0x08000714   0x08000714   0x00000012   Code   RO         4184    .text               c_w.l(exit.o)
    0x08000726   0x08000726   0x00000002   PAD
    0x08000728   0x08000728   0x00000008   Code   RO         4259    .text               c_w.l(libspace.o)
    0x08000730   0x08000730   0x00000002   Code   RO         4262    .text               c_w.l(use_no_semi.o)
    0x08000732   0x08000732   0x00000000   Code   RO         4264    .text               c_w.l(indicate_semi.o)
    0x08000732   0x08000732   0x00000002   PAD
    0x08000734   0x08000734   0x0000000c   Code   RO         4318    .text               c_w.l(sys_exit.o)
    0x08000740   0x08000740   0x00000018   Code   RO            3    i.BSP_Init          main.o
    0x08000758   0x08000758   0x00000004   Code   RO         2863    i.BusFault_Handler  stm32f4xx_it.o
    0x0800075c   0x0800075c   0x0000003c   Code   RO          282    i.CAN1_RX0_IRQHandler  it.o
    0x08000798   0x08000798   0x0000001c   Code   RO          283    i.CAN1_TX_IRQHandler  it.o
    0x080007b4   0x080007b4   0x0000003c   Code   RO          284    i.CAN2_RX0_IRQHandler  it.o
    0x080007f0   0x080007f0   0x0000001c   Code   RO          285    i.CAN2_TX_IRQHandler  it.o
    0x0800080c   0x0800080c   0x00000038   Code   RO         1329    i.CAN_ClearFlag     stm32f4xx_can.o
    0x08000844   0x08000844   0x000000a8   Code   RO         1330    i.CAN_ClearITPendingBit  stm32f4xx_can.o
    0x080008ec   0x080008ec   0x00000038   Code   RO         1332    i.CAN_DeInit        stm32f4xx_can.o
    0x08000924   0x08000924   0x00000108   Code   RO         1334    i.CAN_FilterInit    stm32f4xx_can.o
    0x08000a2c   0x08000a2c   0x00000120   Code   RO         1336    i.CAN_GetITStatus   stm32f4xx_can.o
    0x08000b4c   0x08000b4c   0x00000012   Code   RO         1340    i.CAN_ITConfig      stm32f4xx_can.o
    0x08000b5e   0x08000b5e   0x00000114   Code   RO         1341    i.CAN_Init          stm32f4xx_can.o
    0x08000c72   0x08000c72   0x000000f0   Code   RO         1344    i.CAN_Receive       stm32f4xx_can.o
    0x08000d62   0x08000d62   0x00000020   Code   RO         1347    i.CAN_StructInit    stm32f4xx_can.o
    0x08000d82   0x08000d82   0x00000002   Code   RO          759    i.Chassis_Control   chassis_behavior.o
    0x08000d84   0x08000d84   0x000000d4   Code   RO          760    i.Chassis_SetMode   chassis_behavior.o
    0x08000e58   0x08000e58   0x00000012   Code   RO         1352    i.CheckITStatus     stm32f4xx_can.o
    0x08000e6a   0x08000e6a   0x00000002   PAD
    0x08000e6c   0x08000e6c   0x00000034   Code   RO         1491    i.DMA_ClearFlag     stm32f4xx_dma.o
    0x08000ea0   0x08000ea0   0x00000016   Code   RO         1493    i.DMA_Cmd           stm32f4xx_dma.o
    0x08000eb6   0x08000eb6   0x00000002   PAD
    0x08000eb8   0x08000eb8   0x00000158   Code   RO         1494    i.DMA_DeInit        stm32f4xx_dma.o
    0x08001010   0x08001010   0x00000016   Code   RO         1495    i.DMA_DoubleBufferModeCmd  stm32f4xx_dma.o
    0x08001026   0x08001026   0x00000018   Code   RO         1496    i.DMA_DoubleBufferModeConfig  stm32f4xx_dma.o
    0x0800103e   0x0800103e   0x00000014   Code   RO         1498    i.DMA_GetCmdStatus  stm32f4xx_dma.o
    0x08001052   0x08001052   0x00000008   Code   RO         1499    i.DMA_GetCurrDataCounter  stm32f4xx_dma.o
    0x0800105a   0x0800105a   0x00000014   Code   RO         1500    i.DMA_GetCurrentMemoryTarget  stm32f4xx_dma.o
    0x0800106e   0x0800106e   0x00000002   PAD
    0x08001070   0x08001070   0x00000058   Code   RO         1505    i.DMA_Init          stm32f4xx_dma.o
    0x080010c8   0x080010c8   0x00000004   Code   RO         1508    i.DMA_SetCurrDataCounter  stm32f4xx_dma.o
    0x080010cc   0x080010cc   0x00000022   Code   RO         1509    i.DMA_StructInit    stm32f4xx_dma.o
    0x080010ee   0x080010ee   0x00000002   Code   RO         2864    i.DebugMon_Handler  stm32f4xx_it.o
    0x080010f0   0x080010f0   0x00000090   Code   RO         1682    i.GPIO_Init         stm32f4xx_gpio.o
    0x08001180   0x08001180   0x00000046   Code   RO         1683    i.GPIO_PinAFConfig  stm32f4xx_gpio.o
    0x080011c6   0x080011c6   0x00000004   Code   RO         1689    i.GPIO_ResetBits    stm32f4xx_gpio.o
    0x080011ca   0x080011ca   0x00000004   Code   RO         1690    i.GPIO_SetBits      stm32f4xx_gpio.o
    0x080011ce   0x080011ce   0x00000002   PAD
    0x080011d0   0x080011d0   0x00000034   Code   RO         1022    i.Get_CRC16_Check_Sum  crc_check.o
    0x08001204   0x08001204   0x00000024   Code   RO         1023    i.Get_CRC8_Check_Sum  crc_check.o
    0x08001228   0x08001228   0x00000004   Code   RO         2865    i.HardFault_Handler  stm32f4xx_it.o
    0x0800122c   0x0800122c   0x0000000c   Code   RO            4    i.Hardware_Init     main.o
    0x08001238   0x08001238   0x00000004   Code   RO         2866    i.MemManage_Handler  stm32f4xx_it.o
    0x0800123c   0x0800123c   0x00000002   Code   RO         2867    i.NMI_Handler       stm32f4xx_it.o
    0x0800123e   0x0800123e   0x00000002   PAD
    0x08001240   0x08001240   0x00000078   Code   RO         1284    i.NVIC_Init         misc.o
    0x080012b8   0x080012b8   0x00000014   Code   RO         1285    i.NVIC_PriorityGroupConfig  misc.o
    0x080012cc   0x080012cc   0x00000178   Code   RO          635    i.OnDataReceived    imu_data_decode.o
    0x08001444   0x08001444   0x000001a4   Code   RO          702    i.Packet_Decode     packet.o
    0x080015e8   0x080015e8   0x00000020   Code   RO          703    i.Packet_DecodeInit  packet.o
    0x08001608   0x08001608   0x00000020   Code   RO         1779    i.RCC_AHB1PeriphClockCmd  stm32f4xx_rcc.o
    0x08001628   0x08001628   0x00000020   Code   RO         1788    i.RCC_APB1PeriphClockCmd  stm32f4xx_rcc.o
    0x08001648   0x08001648   0x00000020   Code   RO         1790    i.RCC_APB1PeriphResetCmd  stm32f4xx_rcc.o
    0x08001668   0x08001668   0x00000020   Code   RO         1791    i.RCC_APB2PeriphClockCmd  stm32f4xx_rcc.o
    0x08001688   0x08001688   0x00000020   Code   RO         1793    i.RCC_APB2PeriphResetCmd  stm32f4xx_rcc.o
    0x080016a8   0x080016a8   0x000000e8   Code   RO         1800    i.RCC_GetClocksFreq  stm32f4xx_rcc.o
    0x08001790   0x08001790   0x00000274   Code   RO         1227    i.RM_Judge_DataDecodeByBuff  judge.o
    0x08001a04   0x08001a04   0x0000003a   Code   RO         1228    i.RM_Judge_DataDequeue  judge.o
    0x08001a3e   0x08001a3e   0x00000020   Code   RO         1229    i.RM_Judge_DataEnqueue  judge.o
    0x08001a5e   0x08001a5e   0x000001e4   Code   RO         1230    i.RM_Judge_DataLength  judge.o
    0x08001c42   0x08001c42   0x000000c6   Code   RO         1231    i.RM_Judge_FindFrame  judge.o
    0x08001d08   0x08001d08   0x00000120   Code   RO         2955    i.SetSysClock       system_stm32f4xx.o
    0x08001e28   0x08001e28   0x00000198   Code   RO          855    i.Start_Task        user_task.o
    0x08001fc0   0x08001fc0   0x00000034   Code   RO         3786    i.SysTick_Handler   port.o
    0x08001ff4   0x08001ff4   0x00000068   Code   RO         2957    i.SystemInit        system_stm32f4xx.o
    0x0800205c   0x0800205c   0x000002d8   Code   RO          762    i.Task_ChassisCtrl  chassis_behavior.o
    0x08002334   0x08002334   0x0000005c   Code   RO          856    i.Task_Hi219mDataDecode  user_task.o
    0x08002390   0x08002390   0x0000002c   Code   RO          857    i.Task_Init         user_task.o
    0x080023bc   0x080023bc   0x00000038   Code   RO          858    i.Task_JudgeDataDecode  user_task.o
    0x080023f4   0x080023f4   0x00000012   Code   RO          807    i.Task_MiniPCDataDecode  minipc.o
    0x08002406   0x08002406   0x00000012   Code   RO          808    i.Task_MiniPCDataSend  minipc.o
    0x08002418   0x08002418   0x00000012   Code   RO          859    i.Task_Send2Gimbal  user_task.o
    0x0800242a   0x0800242a   0x00000002   Code   RO          286    i.UART7_IRQHandler  it.o
    0x0800242c   0x0800242c   0x00000002   Code   RO          287    i.UART8_IRQHandler  it.o
    0x0800242e   0x0800242e   0x00000002   PAD
    0x08002430   0x08002430   0x000000c0   Code   RO          288    i.USART1_IRQHandler  it.o
    0x080024f0   0x080024f0   0x00000002   Code   RO          289    i.USART3_IRQHandler  it.o
    0x080024f2   0x080024f2   0x00000002   PAD
    0x080024f4   0x080024f4   0x000000b4   Code   RO          290    i.USART6_IRQHandler  it.o
    0x080025a8   0x080025a8   0x00000018   Code   RO         2679    i.USART_Cmd         stm32f4xx_usart.o
    0x080025c0   0x080025c0   0x00000012   Code   RO         2680    i.USART_DMACmd      stm32f4xx_usart.o
    0x080025d2   0x080025d2   0x00000002   PAD
    0x080025d4   0x080025d4   0x000000f0   Code   RO         2681    i.USART_DeInit      stm32f4xx_usart.o
    0x080026c4   0x080026c4   0x00000054   Code   RO         2683    i.USART_GetITStatus  stm32f4xx_usart.o
    0x08002718   0x08002718   0x0000004a   Code   RO         2685    i.USART_ITConfig    stm32f4xx_usart.o
    0x08002762   0x08002762   0x00000002   PAD
    0x08002764   0x08002764   0x000000d4   Code   RO         2686    i.USART_Init        stm32f4xx_usart.o
    0x08002838   0x08002838   0x00000018   Code   RO         2702    i.USART_StructInit  stm32f4xx_usart.o
    0x08002850   0x08002850   0x00000004   Code   RO         2868    i.UsageFault_Handler  stm32f4xx_it.o
    0x08002854   0x08002854   0x00000040   Code   RO         1024    i.Verify_CRC16_Check_Sum  crc_check.o
    0x08002894   0x08002894   0x0000002e   Code   RO         1025    i.Verify_CRC8_Check_Sum  crc_check.o
    0x080028c2   0x080028c2   0x00000030   Code   RO         4069    i.__ARM_fpclassify  m_wm.l(fpclassify.o)
    0x080028f2   0x080028f2   0x00000006   PAD
    0x080028f8   0x080028f8   0x000002d8   Code   RO         4004    i.__hardfp_atan     m_wm.l(atan.o)
    0x08002bd0   0x08002bd0   0x000000f8   Code   RO         4071    i.__kernel_poly     m_wm.l(poly.o)
    0x08002cc8   0x08002cc8   0x00000014   Code   RO         4050    i.__mathlib_dbl_infnan  m_wm.l(dunder.o)
    0x08002cdc   0x08002cdc   0x00000004   PAD
    0x08002ce0   0x08002ce0   0x00000020   Code   RO         4055    i.__mathlib_dbl_underflow  m_wm.l(dunder.o)
    0x08002d00   0x08002d00   0x00000022   Code   RO         1128    i.appendValue       arraylist.o
    0x08002d22   0x08002d22   0x00000002   PAD
    0x08002d24   0x08002d24   0x00000144   Code   RO          415    i.configCAN_Init    can.o
    0x08002e68   0x08002e68   0x00000002   Code   RO          763    i.configChassis_ParaInit  chassis_behavior.o
    0x08002e6a   0x08002e6a   0x00000002   PAD
    0x08002e6c   0x08002e6c   0x000001dc   Code   RO          435    i.configDMA_Init    dma.o
    0x08003048   0x08003048   0x00000008   Code   RO          604    i.configHi219m_ParaInit  hi219m.o
    0x08003050   0x08003050   0x00000384   Code   RO          395    i.configIO_Init     io.o
    0x080033d4   0x080033d4   0x00000130   Code   RO          455    i.configNVIC_Init   nvic.o
    0x08003504   0x08003504   0x00000254   Code   RO          489    i.configUART_Init   uart.o
    0x08003758   0x08003758   0x0000003c   Code   RO          705    i.crc16_update      packet.o
    0x08003794   0x08003794   0x00000022   Code   RO         1129    i.deleteAllValue    arraylist.o
    0x080037b6   0x080037b6   0x0000003a   Code   RO         1130    i.deleteRangeValue  arraylist.o
    0x080037f0   0x080037f0   0x00000048   Code   RO         1131    i.deleteValue       arraylist.o
    0x08003838   0x08003838   0x00000018   Code   RO         4065    i.fabs              m_wm.l(fabs.o)
    0x08003850   0x08003850   0x00000034   Code   RO         1132    i.findValue         arraylist.o
    0x08003884   0x08003884   0x00000260   Code   RO          605    i.fnHi219m_DataDecode  hi219m.o
    0x08003ae4   0x08003ae4   0x0000009c   Code   RO          512    i.fnMotor_CanRecvDataDecode  motor.o
    0x08003b80   0x08003b80   0x00000104   Code   RO          577    i.fnRemote_RawDataDecode  rm_remote.o
    0x08003c84   0x08003c84   0x00000006   Code   RO         1133    i.getArrayLength    arraylist.o
    0x08003c8a   0x08003c8a   0x0000001c   Code   RO         1134    i.getValue          arraylist.o
    0x08003ca6   0x08003ca6   0x00000002   PAD
    0x08003ca8   0x08003ca8   0x00000014   Code   RO          636    i.get_eular         imu_data_decode.o
    0x08003cbc   0x08003cbc   0x00000014   Code   RO          640    i.get_raw_gyo       imu_data_decode.o
    0x08003cd0   0x08003cd0   0x00000014   Code   RO          641    i.get_raw_mag       imu_data_decode.o
    0x08003ce4   0x08003ce4   0x00000018   Code   RO          642    i.imu_data_decode_init  imu_data_decode.o
    0x08003cfc   0x08003cfc   0x0000000e   Code   RO         1138    i.isEmpty           arraylist.o
    0x08003d0a   0x08003d0a   0x00000012   Code   RO         1139    i.isFull            arraylist.o
    0x08003d1c   0x08003d1c   0x00000014   Code   RO            5    i.main              main.o
    0x08003d30   0x08003d30   0x00000098   Code   RO         3320    i.prvAddCurrentTaskToDelayedList  tasks.o
    0x08003dc8   0x08003dc8   0x000000b4   Code   RO         3321    i.prvAddNewTaskToReadyList  tasks.o
    0x08003e7c   0x08003e7c   0x00000064   Code   RO         3618    i.prvCheckForValidListAndQueue  timers.o
    0x08003ee0   0x08003ee0   0x00000064   Code   RO         3322    i.prvCheckTasksWaitingTermination  tasks.o
    0x08003f44   0x08003f44   0x0000002a   Code   RO         3141    i.prvCopyDataFromQueue  queue.o
    0x08003f6e   0x08003f6e   0x0000007c   Code   RO         3142    i.prvCopyDataToQueue  queue.o
    0x08003fea   0x08003fea   0x00000012   Code   RO         3323    i.prvDeleteTCB      tasks.o
    0x08003ffc   0x08003ffc   0x00000028   Code   RO         3619    i.prvGetNextExpireTime  timers.o
    0x08004024   0x08004024   0x0000007c   Code   RO         3736    i.prvHeapInit       heap_4.o
    0x080040a0   0x080040a0   0x0000002c   Code   RO         3324    i.prvIdleTask       tasks.o
    0x080040cc   0x080040cc   0x00000026   Code   RO         3144    i.prvInitialiseNewQueue  queue.o
    0x080040f2   0x080040f2   0x000000b4   Code   RO         3325    i.prvInitialiseNewTask  tasks.o
    0x080041a6   0x080041a6   0x00000002   PAD
    0x080041a8   0x080041a8   0x00000068   Code   RO         3326    i.prvInitialiseTaskLists  tasks.o
    0x08004210   0x08004210   0x00000068   Code   RO         3737    i.prvInsertBlockIntoFreeList  heap_4.o
    0x08004278   0x08004278   0x00000058   Code   RO         3621    i.prvInsertTimerInActiveList  timers.o
    0x080042d0   0x080042d0   0x0000001a   Code   RO         3145    i.prvIsQueueEmpty   queue.o
    0x080042ea   0x080042ea   0x0000001e   Code   RO         3146    i.prvIsQueueFull    queue.o
    0x08004308   0x08004308   0x00000064   Code   RO         3622    i.prvProcessExpiredTimer  timers.o
    0x0800436c   0x0800436c   0x000000f8   Code   RO         3623    i.prvProcessReceivedCommands  timers.o
    0x08004464   0x08004464   0x00000074   Code   RO         3624    i.prvProcessTimerOrBlockTask  timers.o
    0x080044d8   0x080044d8   0x00000034   Code   RO         3327    i.prvResetNextTaskUnblockTime  tasks.o
    0x0800450c   0x0800450c   0x0000002c   Code   RO         3625    i.prvSampleTimeNow  timers.o
    0x08004538   0x08004538   0x000000a0   Code   RO         3626    i.prvSwitchTimerLists  timers.o
    0x080045d8   0x080045d8   0x00000040   Code   RO         3787    i.prvTaskExitError  port.o
    0x08004618   0x08004618   0x0000001a   Code   RO         3627    i.prvTimerTask      timers.o
    0x08004632   0x08004632   0x0000007e   Code   RO         3147    i.prvUnlockQueue    queue.o
    0x080046b0   0x080046b0   0x00000148   Code   RO         3738    i.pvPortMalloc      heap_4.o
    0x080047f8   0x080047f8   0x00000020   Code   RO         3329    i.pvTaskIncrementMutexHeldCount  tasks.o
    0x08004818   0x08004818   0x0000002c   Code   RO         3788    i.pxPortInitialiseStack  port.o
    0x08004844   0x08004844   0x00000070   Code   RO          514    i.s_fnM3508_RawDataDecode  motor.o
    0x080048b4   0x080048b4   0x000000c8   Code   RO          515    i.s_fnM6020_RawDataDecode  motor.o
    0x0800497c   0x0800497c   0x00000028   Code   RO         3104    i.uxListRemove      list.o
    0x080049a4   0x080049a4   0x00000002   Code   RO         2869    i.vApplicationIdleHook  stm32f4xx_it.o
    0x080049a6   0x080049a6   0x00000016   Code   RO         2870    i.vApplicationMallocFailedHook  stm32f4xx_it.o
    0x080049bc   0x080049bc   0x00000002   Code   RO         2871    i.vApplicationStackOverflowHook  stm32f4xx_it.o
    0x080049be   0x080049be   0x00000002   Code   RO         2872    i.vApplicationTickHook  stm32f4xx_it.o
    0x080049c0   0x080049c0   0x0000001a   Code   RO         3105    i.vListInitialise   list.o
    0x080049da   0x080049da   0x00000006   Code   RO         3106    i.vListInitialiseItem  list.o
    0x080049e0   0x080049e0   0x00000034   Code   RO         3107    i.vListInsert       list.o
    0x08004a14   0x08004a14   0x00000018   Code   RO         3108    i.vListInsertEnd    list.o
    0x08004a2c   0x08004a2c   0x00000054   Code   RO         3790    i.vPortEnterCritical  port.o
    0x08004a80   0x08004a80   0x0000003c   Code   RO         3791    i.vPortExitCritical  port.o
    0x08004abc   0x08004abc   0x00000094   Code   RO         3739    i.vPortFree         heap_4.o
    0x08004b50   0x08004b50   0x00000014   Code   RO         3792    i.vPortSetupTimerInterrupt  port.o
    0x08004b64   0x08004b64   0x00000078   Code   RO         3793    i.vPortValidateInterruptPriority  port.o
    0x08004bdc   0x08004bdc   0x0000002c   Code   RO         3151    i.vQueueAddToRegistry  queue.o
    0x08004c08   0x08004c08   0x0000004a   Code   RO         3154    i.vQueueWaitForMessageRestricted  queue.o
    0x08004c52   0x08004c52   0x00000002   PAD
    0x08004c54   0x08004c54   0x0000005c   Code   RO         3335    i.vTaskDelay        tasks.o
    0x08004cb0   0x08004cb0   0x000000d4   Code   RO         3336    i.vTaskDelayUntil   tasks.o
    0x08004d84   0x08004d84   0x000000f4   Code   RO         3337    i.vTaskDelete       tasks.o
    0x08004e78   0x08004e78   0x0000000c   Code   RO         3339    i.vTaskMissedYield  tasks.o
    0x08004e84   0x08004e84   0x00000038   Code   RO         3341    i.vTaskPlaceOnEventList  tasks.o
    0x08004ebc   0x08004ebc   0x00000040   Code   RO         3342    i.vTaskPlaceOnEventListRestricted  tasks.o
    0x08004efc   0x08004efc   0x000000b0   Code   RO         3344    i.vTaskPriorityInherit  tasks.o
    0x08004fac   0x08004fac   0x00000030   Code   RO         3347    i.vTaskSetTimeOutState  tasks.o
    0x08004fdc   0x08004fdc   0x00000094   Code   RO         3348    i.vTaskStartScheduler  tasks.o
    0x08005070   0x08005070   0x00000010   Code   RO         3350    i.vTaskSuspendAll   tasks.o
    0x08005080   0x08005080   0x000000c4   Code   RO         3351    i.vTaskSwitchContext  tasks.o
    0x08005144   0x08005144   0x0000013c   Code   RO         3794    i.xPortStartScheduler  port.o
    0x08005280   0x08005280   0x00000058   Code   RO         3157    i.xQueueGenericCreate  queue.o
    0x080052d8   0x080052d8   0x000001c4   Code   RO         3158    i.xQueueGenericReceive  queue.o
    0x0800549c   0x0800549c   0x00000098   Code   RO         3159    i.xQueueGenericReset  queue.o
    0x08005534   0x08005534   0x000001a8   Code   RO         3160    i.xQueueGenericSend  queue.o
    0x080056dc   0x080056dc   0x000000f8   Code   RO         3161    i.xQueueGenericSendFromISR  queue.o
    0x080057d4   0x080057d4   0x000000e0   Code   RO         3162    i.xQueueGiveFromISR  queue.o
    0x080058b4   0x080058b4   0x0000008c   Code   RO         3352    i.xTaskCheckForTimeOut  tasks.o
    0x08005940   0x08005940   0x00000060   Code   RO         3353    i.xTaskCreate       tasks.o
    0x080059a0   0x080059a0   0x00000020   Code   RO         3357    i.xTaskGetSchedulerState  tasks.o
    0x080059c0   0x080059c0   0x0000000c   Code   RO         3358    i.xTaskGetTickCount  tasks.o
    0x080059cc   0x080059cc   0x00000154   Code   RO         3360    i.xTaskIncrementTick  tasks.o
    0x08005b20   0x08005b20   0x000000c8   Code   RO         3363    i.xTaskPriorityDisinherit  tasks.o
    0x08005be8   0x08005be8   0x00000098   Code   RO         3364    i.xTaskRemoveFromEventList  tasks.o
    0x08005c80   0x08005c80   0x00000104   Code   RO         3366    i.xTaskResumeAll    tasks.o
    0x08005d84   0x08005d84   0x00000058   Code   RO         3631    i.xTimerCreateTimerTask  timers.o
    0x08005ddc   0x08005ddc   0x00000084   Code   RO         3632    i.xTimerGenericCommand  timers.o
    0x08005e60   0x08005e60   0x00000018   Code   RO         4032    x$fpl$basic         fz_wm.l(basic.o)
    0x08005e78   0x08005e78   0x00000062   Code   RO         3994    x$fpl$d2f           fz_wm.l(d2f.o)
    0x08005eda   0x08005eda   0x00000002   PAD
    0x08005edc   0x08005edc   0x00000150   Code   RO         3996    x$fpl$dadd          fz_wm.l(daddsub_clz.o)
    0x0800602c   0x0800602c   0x000002b0   Code   RO         4035    x$fpl$ddiv          fz_wm.l(ddiv.o)
    0x080062dc   0x080062dc   0x00000154   Code   RO         4038    x$fpl$dmul          fz_wm.l(dmul.o)
    0x08006430   0x08006430   0x0000009c   Code   RO         4040    x$fpl$dnaninf       fz_wm.l(dnaninf.o)
    0x080064cc   0x080064cc   0x0000000c   Code   RO         4042    x$fpl$dretinf       fz_wm.l(dretinf.o)
    0x080064d8   0x080064d8   0x00000016   Code   RO         3997    x$fpl$drsb          fz_wm.l(daddsub_clz.o)
    0x080064ee   0x080064ee   0x00000002   PAD
    0x080064f0   0x080064f0   0x000001d4   Code   RO         3998    x$fpl$dsub          fz_wm.l(daddsub_clz.o)
    0x080066c4   0x080066c4   0x00000056   Code   RO         4002    x$fpl$f2d           fz_wm.l(f2d.o)
    0x0800671a   0x0800671a   0x0000008c   Code   RO         4044    x$fpl$fnaninf       fz_wm.l(fnaninf.o)
    0x080067a6   0x080067a6   0x0000000a   Code   RO         4316    x$fpl$fpinit        fz_wm.l(fpinit.o)
    0x080067b0   0x080067b0   0x0000000a   Code   RO         4046    x$fpl$fretinf       fz_wm.l(fretinf.o)
    0x080067ba   0x080067ba   0x00000000   Code   RO         4048    x$fpl$usenofp       fz_wm.l(usenofp.o)
    0x080067ba   0x080067ba   0x00000302   Data   RO         1026    .constdata          crc_check.o
    0x08006abc   0x08006abc   0x00000410   Data   RO         3865    .constdata          arm_cortexM4lf_math.lib(arm_cos_f32.o)
    0x08006ecc   0x08006ecc   0x0000040c   Data   RO         3912    .constdata          arm_cortexM4lf_math.lib(arm_sin_f32.o)
    0x080072d8   0x080072d8   0x00000098   Data   RO         4007    .constdata          m_wm.l(atan.o)
    0x08007370   0x08007370   0x00000020   Data   RO         4402    Region$$Table       anon$$obj.o


    Execution Region RW_IRAM2 (Exec base: 0x10000000, Load base: 0x080073c0, Size: 0x00000000, Max: 0x00010000, ABSOLUTE)

    **** No section assigned to this execution region ****


    Execution Region RW_IRAM1 (Exec base: 0x20000000, Load base: 0x08007390, Size: 0x00005398, Max: 0x00030000, ABSOLUTE, COMPRESSED[0x00000030])

    Exec Addr    Load Addr    Size         Type   Attr      Idx    E Section Name        Object

    0x20000000   COMPRESSED   0x00000008   Data   RW          292    .data               it.o
    0x20000008   COMPRESSED   0x000005f8   Data   RW          518    .data               motor.o
    0x20000600   COMPRESSED   0x00000001   Data   RW          579    .data               rm_remote.o
    0x20000601   COMPRESSED   0x00000003   PAD
    0x20000604   COMPRESSED   0x0000000c   Data   RW          607    .data               hi219m.o
    0x20000610   COMPRESSED   0x00000013   Data   RW          644    .data               imu_data_decode.o
    0x20000623   COMPRESSED   0x00000001   PAD
    0x20000624   COMPRESSED   0x00000011   Data   RW          706    .data               packet.o
    0x20000635   COMPRESSED   0x00000003   PAD
    0x20000638   COMPRESSED   0x00000030   Data   RW          765    .data               chassis_behavior.o
    0x20000668   COMPRESSED   0x00000028   Data   RW          860    .data               user_task.o
    0x20000690   COMPRESSED   0x00000002   Data   RW         1027    .data               crc_check.o
    0x20000692   COMPRESSED   0x00000007   Data   RW         1234    .data               judge.o
    0x20000699   COMPRESSED   0x00000010   Data   RW         1832    .data               stm32f4xx_rcc.o
    0x200006a9   COMPRESSED   0x00000003   PAD
    0x200006ac   COMPRESSED   0x0000003c   Data   RW         3369    .data               tasks.o
    0x200006e8   COMPRESSED   0x00000014   Data   RW         3638    .data               timers.o
    0x200006fc   COMPRESSED   0x00000018   Data   RW         3744    .data               heap_4.o
    0x20000714   COMPRESSED   0x0000000c   Data   RW         3795    .data               port.o
    0x20000720        -       0x00000028   Zero   RW          291    .bss                it.o
    0x20000748        -       0x00000084   Zero   RW          578    .bss                rm_remote.o
    0x200007cc        -       0x000000bc   Zero   RW          606    .bss                hi219m.o
    0x20000888        -       0x000000a8   Zero   RW          643    .bss                imu_data_decode.o
    0x20000930        -       0x000001b8   Zero   RW          764    .bss                chassis_behavior.o
    0x20000ae8        -       0x00000088   Zero   RW          809    .bss                minipc.o
    0x20000b70        -       0x00000497   Zero   RW         1233    .bss                judge.o
    0x20001007   COMPRESSED   0x00000001   PAD
    0x20001008        -       0x00000040   Zero   RW         3169    .bss                queue.o
    0x20001048        -       0x000000c8   Zero   RW         3368    .bss                tasks.o
    0x20001110        -       0x00000028   Zero   RW         3637    .bss                timers.o
    0x20001138        -       0x00003c00   Zero   RW         3743    .bss                heap_4.o
    0x20004d38        -       0x00000060   Zero   RW         4260    .bss                c_w.l(libspace.o)
    0x20004d98        -       0x00000200   Zero   RW         2991    HEAP                startup_stm32f427x.o
    0x20004f98        -       0x00000400   Zero   RW         2990    STACK               startup_stm32f427x.o


==============================================================================

Image component sizes


      Code (inc. data)   RO Data    RW Data    ZI Data      Debug   Object Name

       316          0          0          0          0       7443   arraylist.o
       324         10          0          0          0        797   can.o
       944        104          0         48        440       4104   chassis_behavior.o
       198         16        770          2          0       3756   crc_check.o
       476         40          0          0          0        861   dma.o
         0          0          0          0          0      11788   event_groups.o
       704         64          0         24      15360       4547   heap_4.o
       616         34          0         12        188       2808   hi219m.o
       460         52          0         19        168       3871   imu_data_decode.o
       900         26          0          0          0       1060   io.o
       554         92          0          8         40     247043   it.o
      1400         38          0          7       1175      15312   judge.o
       148          0          0          0          0       3362   list.o
        56          0          0          0          0     311487   main.o
        36          0          0          0        136       3225   minipc.o
       140         24          0          0          0       1663   misc.o
       468         44          0       1528          0       4837   motor.o
       304          0          0          0          0        726   nvic.o
       512         40          0         17          0       3256   packet.o
       942         92          0         12          0      11577   port.o
      2092         22          0          0         64      15009   queue.o
       260         12          0          1        132       2227   rm_remote.o
        64         26        428          0       1536        840   startup_stm32f427x.o
      1416         26          0          0          0       7589   stm32f4xx_can.o
       638         40          0          0          0       8016   stm32f4xx_dma.o
       222          0          0          0          0       3011   stm32f4xx_gpio.o
        48          0          0          0          0      12854   stm32f4xx_it.o
       392         48          0         16          0       5941   stm32f4xx_rcc.o
       676         42          0          0          0       5679   stm32f4xx_usart.o
       392         32          0          0          0       1697   system_stm32f4xx.o
      3358        422          0         60        200      24585   tasks.o
      1142        118          0         20         40       9495   timers.o
       596         30          0          0          0        854   uart.o
       618        242          0         40          0       3655   user_task.o

    ----------------------------------------------------------------------
     21442       1736       1230       1824      19480     744975   Object Totals
         0          0         32          0          0          0   (incl. Generated)
        30          0          0         10          1          0   (incl. Padding)

    ----------------------------------------------------------------------

      Code (inc. data)   RO Data    RW Data    ZI Data      Debug   Library Member Name

       216         22       1040          0          0      16570   arm_cos_f32.o
       216         22       1036          0          0       1382   arm_sin_f32.o
        90          0          0          0          0          0   __dczerorl2.o
         8          0          0          0          0         68   __main.o
         0          0          0          0          0          0   __rtentry.o
        12          0          0          0          0          0   __rtentry2.o
         6          0          0          0          0          0   __rtentry4.o
        52          8          0          0          0          0   __scatter.o
        28          0          0          0          0          0   __scatter_zi.o
        16          0          0          0          0         68   aeabi_memset.o
        18          0          0          0          0         80   exit.o
         6          0          0          0          0        152   heapauxi.o
         0          0          0          0          0          0   indicate_semi.o
         2          0          0          0          0          0   libinit.o
         6          0          0          0          0          0   libinit2.o
         2          0          0          0          0          0   libshutdown.o
         2          0          0          0          0          0   libshutdown2.o
         8          4          0          0         96         68   libspace.o
        68          0          0          0          0         68   rt_memclr.o
        78          0          0          0          0         80   rt_memclr_w.o
       138          0          0          0          0         68   rt_memcpy_v6.o
       100          0          0          0          0         80   rt_memcpy_w.o
         2          0          0          0          0          0   rtexit.o
        10          0          0          0          0          0   rtexit2.o
        12          4          0          0          0         68   sys_exit.o
        74          0          0          0          0         80   sys_stackheap_outer.o
         2          0          0          0          0         68   use_no_semi.o
        24          0          0          0          0        164   basic.o
        98          4          0          0          0        140   d2f.o
       826         16          0          0          0        492   daddsub_clz.o
       688        140          0          0          0        256   ddiv.o
       340         12          0          0          0        152   dmul.o
       156          4          0          0          0        140   dnaninf.o
        12          0          0          0          0        116   dretinf.o
        86          4          0          0          0        132   f2d.o
       140          4          0          0          0        132   fnaninf.o
        10          0          0          0          0        116   fpinit.o
        10          0          0          0          0        116   fretinf.o
         0          0          0          0          0          0   usenofp.o
       728        106        152          0          0        228   atan.o
        52          8          0          0          0        248   dunder.o
        24          0          0          0          0        124   fabs.o
        48          0          0          0          0        124   fpclassify.o
       248          0          0          0          0        152   poly.o

    ----------------------------------------------------------------------
      4684        358       2228          0         96      21732   Library Totals
        22          0          0          0          0          0   (incl. Padding)

    ----------------------------------------------------------------------

      Code (inc. data)   RO Data    RW Data    ZI Data      Debug   Library Name

       432         44       2076          0          0      17952   arm_cortexM4lf_math.lib
       740         16          0          0         96        948   c_w.l
      2390        184          0          0          0       1956   fz_wm.l
      1100        114        152          0          0        876   m_wm.l

    ----------------------------------------------------------------------
      4684        358       2228          0         96      21732   Library Totals

    ----------------------------------------------------------------------

==============================================================================


      Code (inc. data)   RO Data    RW Data    ZI Data      Debug   

     26126       2094       3458       1824      19576     746691   Grand Totals
     26126       2094       3458         48      19576     746691   ELF Image Totals (compressed)
     26126       2094       3458         48          0          0   ROM Totals

==============================================================================

    Total RO  Size (Code + RO Data)                29584 (  28.89kB)
    Total RW  Size (RW Data + ZI Data)             21400 (  20.90kB)
    Total ROM Size (Code + RO Data + RW Data)      29632 (  28.94kB)

==============================================================================

