Component: ARM Compiler 5.06 update 1 (build 61) Tool: armlink [4d35a8]

==============================================================================

Section Cross References

    main.o(i.BSP_Init) refers to io.o(i.configIO_Init) for configIO_Init
    main.o(i.BSP_Init) refers to can.o(i.configCAN_Init) for configCAN_Init
    main.o(i.BSP_Init) refers to dma.o(i.configDMA_Init) for configDMA_Init
    main.o(i.BSP_Init) refers to nvic.o(i.configNVIC_Init) for configNVIC_Init
    main.o(i.BSP_Init) refers to uart.o(i.configUART_Init) for configUART_Init
    main.o(i.Hardware_Init) refers to hi219m.o(i.configHi219m_ParaInit) for configHi219m_ParaInit
    main.o(i.Hardware_Init) refers to chassis_behavior.o(i.configChassis_ParaInit) for configChassis_ParaInit
    main.o(i.Hardware_Init) refers to vofa.o(i.configVOFA_ParaInit) for configVOFA_ParaInit
    main.o(i.main) refers to main.o(i.BSP_Init) for BSP_Init
    main.o(i.main) refers to main.o(i.Hardware_Init) for Hardware_Init
    main.o(i.main) refers to user_task.o(i.Task_Init) for Task_Init
    main.o(i.main) refers to tasks.o(i.vTaskStartScheduler) for vTaskStartScheduler
    it.o(i.CAN1_RX0_IRQHandler) refers to stm32f4xx_can.o(i.CAN_GetITStatus) for CAN_GetITStatus
    it.o(i.CAN1_RX0_IRQHandler) refers to stm32f4xx_can.o(i.CAN_Receive) for CAN_Receive
    it.o(i.CAN1_RX0_IRQHandler) refers to motor.o(i.fnMotor_CanRecvDataDecode) for fnMotor_CanRecvDataDecode
    it.o(i.CAN1_RX0_IRQHandler) refers to stm32f4xx_can.o(i.CAN_ClearITPendingBit) for CAN_ClearITPendingBit
    it.o(i.CAN1_RX0_IRQHandler) refers to stm32f4xx_can.o(i.CAN_ClearFlag) for CAN_ClearFlag
    it.o(i.CAN1_RX0_IRQHandler) refers to it.o(.bss) for P_stCAN1DataRecv
    it.o(i.CAN1_TX_IRQHandler) refers to stm32f4xx_can.o(i.CAN_GetITStatus) for CAN_GetITStatus
    it.o(i.CAN1_TX_IRQHandler) refers to stm32f4xx_can.o(i.CAN_ClearITPendingBit) for CAN_ClearITPendingBit
    it.o(i.CAN2_RX0_IRQHandler) refers to stm32f4xx_can.o(i.CAN_GetITStatus) for CAN_GetITStatus
    it.o(i.CAN2_RX0_IRQHandler) refers to stm32f4xx_can.o(i.CAN_Receive) for CAN_Receive
    it.o(i.CAN2_RX0_IRQHandler) refers to motor.o(i.fnMotor_CanRecvDataDecode) for fnMotor_CanRecvDataDecode
    it.o(i.CAN2_RX0_IRQHandler) refers to stm32f4xx_can.o(i.CAN_ClearITPendingBit) for CAN_ClearITPendingBit
    it.o(i.CAN2_RX0_IRQHandler) refers to stm32f4xx_can.o(i.CAN_ClearFlag) for CAN_ClearFlag
    it.o(i.CAN2_RX0_IRQHandler) refers to it.o(.bss) for P_stCAN2DataRecv
    it.o(i.CAN2_TX_IRQHandler) refers to stm32f4xx_can.o(i.CAN_GetITStatus) for CAN_GetITStatus
    it.o(i.CAN2_TX_IRQHandler) refers to stm32f4xx_can.o(i.CAN_ClearITPendingBit) for CAN_ClearITPendingBit
    it.o(i.USART1_IRQHandler) refers to stm32f4xx_usart.o(i.USART_GetITStatus) for USART_GetITStatus
    it.o(i.USART1_IRQHandler) refers to stm32f4xx_dma.o(i.DMA_GetCurrentMemoryTarget) for DMA_GetCurrentMemoryTarget
    it.o(i.USART1_IRQHandler) refers to stm32f4xx_dma.o(i.DMA_Cmd) for DMA_Cmd
    it.o(i.USART1_IRQHandler) refers to stm32f4xx_dma.o(i.DMA_GetCurrDataCounter) for DMA_GetCurrDataCounter
    it.o(i.USART1_IRQHandler) refers to rm_remote.o(i.fnRemote_RawDataDecode) for fnRemote_RawDataDecode
    it.o(i.USART1_IRQHandler) refers to it.o(.data) for rx_len
    it.o(i.USART1_IRQHandler) refers to rm_remote.o(.bss) for P_uintRemote_Data_Buf
    it.o(i.USART6_IRQHandler) refers to stm32f4xx_usart.o(i.USART_GetITStatus) for USART_GetITStatus
    it.o(i.USART6_IRQHandler) refers to stm32f4xx_dma.o(i.DMA_Cmd) for DMA_Cmd
    it.o(i.USART6_IRQHandler) refers to judge.o(i.RM_Judge_DataEnqueue) for RM_Judge_DataEnqueue
    it.o(i.USART6_IRQHandler) refers to stm32f4xx_dma.o(i.DMA_ClearFlag) for DMA_ClearFlag
    it.o(i.USART6_IRQHandler) refers to stm32f4xx_dma.o(i.DMA_GetCmdStatus) for DMA_GetCmdStatus
    it.o(i.USART6_IRQHandler) refers to stm32f4xx_dma.o(i.DMA_SetCurrDataCounter) for DMA_SetCurrDataCounter
    it.o(i.USART6_IRQHandler) refers to queue.o(i.xQueueGiveFromISR) for xQueueGiveFromISR
    it.o(i.USART6_IRQHandler) refers to it.o(.data) for P_nJudgeBuffLength
    it.o(i.USART6_IRQHandler) refers to judge.o(.bss) for P_stJudgeDataArrayListBuff
    it.o(i.USART6_IRQHandler) refers to user_task.o(.data) for JudgeDataDecode_Binary
    io.o(i.configIO_Init) refers to stm32f4xx_rcc.o(i.RCC_AHB1PeriphClockCmd) for RCC_AHB1PeriphClockCmd
    io.o(i.configIO_Init) refers to stm32f4xx_gpio.o(i.GPIO_Init) for GPIO_Init
    io.o(i.configIO_Init) refers to stm32f4xx_gpio.o(i.GPIO_SetBits) for GPIO_SetBits
    io.o(i.configIO_Init) refers to stm32f4xx_gpio.o(i.GPIO_PinAFConfig) for GPIO_PinAFConfig
    io.o(i.configIO_Init) refers to stm32f4xx_gpio.o(i.GPIO_ResetBits) for GPIO_ResetBits
    can.o(i.configCAN_Init) refers to stm32f4xx_rcc.o(i.RCC_APB1PeriphClockCmd) for RCC_APB1PeriphClockCmd
    can.o(i.configCAN_Init) refers to stm32f4xx_can.o(i.CAN_DeInit) for CAN_DeInit
[...]
    .data                                    0x2000073c   Section       24  heap_4.o(.data)
    xStart                                   0x2000073c   Data           8  heap_4.o(.data)
    pxEnd                                    0x20000744   Data           4  heap_4.o(.data)
    xFreeBytesRemaining                      0x20000748   Data           4  heap_4.o(.data)
    xMinimumEverFreeBytesRemaining           0x2000074c   Data           4  heap_4.o(.data)
    xBlockAllocatedBit                       0x20000750   Data           4  heap_4.o(.data)
    .data                                    0x20000754   Section       12  port.o(.data)
    uxCriticalNesting                        0x20000754   Data           4  port.o(.data)
    ucMaxSysCallPriority                     0x20000758   Data           1  port.o(.data)
    ulMaxPRIGROUPValue                       0x2000075c   Data           4  port.o(.data)
    .bss                                     0x20000760   Section       40  it.o(.bss)
    .bss                                     0x20000788   Section      132  rm_remote.o(.bss)
    .bss                                     0x2000080c   Section      188  hi219m.o(.bss)
    .bss                                     0x200008c8   Section      168  imu_data_decode.o(.bss)
    RxPkt                                    0x200008c8   Data         140  imu_data_decode.o(.bss)
    eular                                    0x20000954   Data          12  imu_data_decode.o(.bss)
    quat                                     0x20000960   Data          16  imu_data_decode.o(.bss)
    .bss                                     0x20000970   Section       28  vofa.o(.bss)
    .bss                                     0x2000098c   Section      464  chassis_behavior.o(.bss)
    .bss                                     0x20000b5c   Section      136  minipc.o(.bss)
    .bss                                     0x20000be4   Section     1175  judge.o(.bss)
    .bss                                     0x2000107c   Section       64  queue.o(.bss)
    .bss                                     0x200010bc   Section      200  tasks.o(.bss)
    pxReadyTasksLists                        0x200010bc   Data         100  tasks.o(.bss)
    xDelayedTaskList1                        0x20001120   Data          20  tasks.o(.bss)
    xDelayedTaskList2                        0x20001134   Data          20  tasks.o(.bss)
    xPendingReadyList                        0x20001148   Data          20  tasks.o(.bss)
    xTasksWaitingTermination                 0x2000115c   Data          20  tasks.o(.bss)
    xSuspendedTaskList                       0x20001170   Data          20  tasks.o(.bss)
    .bss                                     0x20001184   Section       40  timers.o(.bss)
    xActiveTimerList1                        0x20001184   Data          20  timers.o(.bss)
    xActiveTimerList2                        0x20001198   Data          20  timers.o(.bss)
    .bss                                     0x200011ac   Section    15360  heap_4.o(.bss)
    ucHeap                                   0x200011ac   Data       15360  heap_4.o(.bss)
    .bss                                     0x20004dac   Section       96  libspace.o(.bss)
    HEAP                                     0x20004e10   Section      512  startup_stm32f427x.o(HEAP)
    Heap_Mem                                 0x20004e10   Data         512  startup_stm32f427x.o(HEAP)
    STACK                                    0x20005010   Section     1024  startup_stm32f427x.o(STACK)
    Stack_Mem                                0x20005010   Data        1024  startup_stm32f427x.o(STACK)
    __initial_sp                             0x20005410   Data           0  startup_stm32f427x.o(STACK)

    Global Symbols

    Symbol Name                              Value     Ov Type        Size  Object(Section)

    BuildAttributes$$THM_ISAv4$E$P$D$K$B$S$7EM$VFPi3$EXTD16$VFPS$VFMA$PE$A:L22UL41UL21$X:L11$S22US41US21$IEEE1$IW$USESV6$~STKCKD$USESV7$~SHL$OTIME$ROPI$IEEEX$EBA8$UX$STANDARDLIB$REQ8$PRES8$EABIv2 0x00000000   Number         0  anon$$obj.o ABSOLUTE
    __ARM_use_no_argv                        0x00000000   Number         0  main.o ABSOLUTE
    __ARM_exceptions_init                     - Undefined Weak Reference
    __alloca_initialize                       - Undefined Weak Reference
    __arm_preinit_                            - Undefined Weak Reference
    __cpp_initialize__aeabi_                  - Undefined Weak Reference
    __cxa_finalize                            - Undefined Weak Reference
    __rt_locale                               - Undefined Weak Reference
    __sigvec_lookup                           - Undefined Weak Reference
    __user_heap_extent                        - Undefined Weak Reference
    _atexit_init                              - Undefined Weak Reference
    _call_atexit_fns                          - Undefined Weak Reference
    _clock_init                               - Undefined Weak Reference
    _fp_trap_init                             - Undefined Weak Reference
    _fp_trap_shutdown                         - Undefined Weak Reference
    _get_lc_collate                           - Undefined Weak Reference
    _get_lc_ctype                             - Undefined Weak Reference
    _get_lc_monetary                          - Undefined Weak Reference
    _get_lc_numeric                           - Undefined Weak Reference
    _get_lc_time                              - Undefined Weak Reference
    _getenv_init                              - Undefined Weak Reference
    _handle_redirection                       - Undefined Weak Reference
    _mutex_acquire                            - Undefined Weak Reference
    _mutex_free                               - Undefined Weak Reference
    _mutex_release                            - Undefined Weak Reference
    _printf_post_padding                      - Undefined Weak Reference
    _printf_pre_padding                       - Undefined Weak Reference
    _printf_truncate_unsigned                 - Undefined Weak Reference
    _rand_init                                - Undefined Weak Reference
    _signal_finish                            - Undefined Weak Reference
    _signal_init                              - Undefined Weak Reference
    __Vectors_Size                           0x000001ac   Number         0  startup_stm32f427x.o ABSOLUTE
    __Vectors                                0x08000000   Data           4  startup_stm32f427x.o(RESET)
    __Vectors_End                            0x080001ac   Data           0  startup_stm32f427x.o(RESET)
    __main                                   0x080001ad   Thumb Code     8  __main.o(!!!main)
    __scatterload                            0x080001b5   Thumb Code     0  __scatter.o(!!!scatter)
    __scatterload_rt2                        0x080001b5   Thumb Code    44  __scatter.o(!!!scatter)
    __scatterload_rt2_thumb_only             0x080001b5   Thumb Code     0  __scatter.o(!!!scatter)
    __scatterload_null                       0x080001c3   Thumb Code     0  __scatter.o(!!!scatter)
    __decompress                             0x080001e9   Thumb Code    90  __dczerorl2.o(!!dczerorl2)
    __decompress1                            0x080001e9   Thumb Code     0  __dczerorl2.o(!!dczerorl2)
    __scatterload_zeroinit                   0x08000245   Thumb Code    28  __scatter_zi.o(!!handler_zi)
    __rt_lib_init                            0x08000261   Thumb Code     0  libinit.o(.ARM.Collect$$libinit$$00000000)
    __rt_lib_init_fp_1                       0x08000263   Thumb Code     0  libinit2.o(.ARM.Collect$$libinit$$00000001)
    __rt_lib_init_alloca_1                   0x08000267   Thumb Code     0  libinit2.o(.ARM.Collect$$libinit$$0000002E)
    __rt_lib_init_argv_1                     0x08000267   Thumb Code     0  libinit2.o(.ARM.Collect$$libinit$$0000002C)
    __rt_lib_init_atexit_1                   0x08000267   Thumb Code     0  libinit2.o(.ARM.Collect$$libinit$$0000001B)
    __rt_lib_init_clock_1                    0x08000267   Thumb Code     0  libinit2.o(.ARM.Collect$$libinit$$00000021)
    __rt_lib_init_cpp_1                      0x08000267   Thumb Code     0  libinit2.o(.ARM.Collect$$libinit$$00000032)
    __rt_lib_init_exceptions_1               0x08000267   Thumb Code     0  libinit2.o(.ARM.Collect$$libinit$$00000030)
    __rt_lib_init_fp_trap_1                  0x08000267   Thumb Code     0  libinit2.o(.ARM.Collect$$libinit$$0000001F)
    __rt_lib_init_getenv_1                   0x08000267   Thumb Code     0  libinit2.o(.ARM.Collect$$libinit$$00000023)
    __rt_lib_init_heap_1                     0x08000267   Thumb Code     0  libinit2.o(.ARM.Collect$$libinit$$0000000A)
    __rt_lib_init_lc_collate_1               0x08000267   Thumb Code     0  libinit2.o(.ARM.Collect$$libinit$$00000011)
    __rt_lib_init_lc_ctype_1                 0x08000267   Thumb Code     0  libinit2.o(.ARM.Collect$$libinit$$00000013)
    __rt_lib_init_lc_monetary_1              0x08000267   Thumb Code     0  libinit2.o(.ARM.Collect$$libinit$$00000015)
    __rt_lib_init_lc_numeric_1               0x08000267   Thumb Code     0  libinit2.o(.ARM.Collect$$libinit$$00000017)
    __rt_lib_init_lc_time_1                  0x08000267   Thumb Code     0  libinit2.o(.ARM.Collect$$libinit$$00000019)
    __rt_lib_init_preinit_1                  0x08000267   Thumb Code     0  libinit2.o(.ARM.Collect$$libinit$$00000004)
    __rt_lib_init_rand_1                     0x08000267   Thumb Code     0  libinit2.o(.ARM.Collect$$libinit$$0000000E)
    __rt_lib_init_return                     0x08000267   Thumb Code     0  libinit2.o(.ARM.Collect$$libinit$$00000033)
    __rt_lib_init_signal_1                   0x08000267   Thumb Code     0  libinit2.o(.ARM.Collect$$libinit$$0000001D)
    __rt_lib_init_stdio_1                    0x08000267   Thumb Code     0  libinit2.o(.ARM.Collect$$libinit$$00000025)
    __rt_lib_init_user_alloc_1               0x08000267   Thumb Code     0  libinit2.o(.ARM.Collect$$libinit$$0000000C)
    __rt_lib_shutdown                        0x08000269   Thumb Code     0  libshutdown.o(.ARM.Collect$$libshutdown$$00000000)
    __rt_lib_shutdown_cpp_1                  0x0800026b   Thumb Code     0  libshutdown2.o(.ARM.Collect$$libshutdown$$00000002)
    __rt_lib_shutdown_fp_trap_1              0x0800026b   Thumb Code     0  libshutdown2.o(.ARM.Collect$$libshutdown$$00000007)
    __rt_lib_shutdown_heap_1                 0x0800026b   Thumb Code     0  libshutdown2.o(.ARM.Collect$$libshutdown$$0000000F)
    __rt_lib_shutdown_return                 0x0800026b   Thumb Code     0  libshutdown2.o(.ARM.Collect$$libshutdown$$00000010)
    __rt_lib_shutdown_signal_1               0x0800026b   Thumb Code     0  libshutdown2.o(.ARM.Collect$$libshutdown$$0000000A)
    __rt_lib_shutdown_stdio_1                0x0800026b   Thumb Code     0  libshutdown2.o(.ARM.Collect$$libshutdown$$00000004)
    __rt_lib_shutdown_user_alloc_1           0x0800026b   Thumb Code     0  libshutdown2.o(.ARM.Collect$$libshutdown$$0000000C)
    __rt_entry                               0x0800026d   Thumb Code     0  __rtentry.o(.ARM.Collect$$rtentry$$00000000)
    __rt_entry_presh_1                       0x0800026d   Thumb Code     0  __rtentry2.o(.ARM.Collect$$rtentry$$00000002)
    __rt_entry_sh                            0x0800026d   Thumb Code     0  __rtentry4.o(.ARM.Collect$$rtentry$$00000004)
    __rt_entry_li                            0x08000273   Thumb Code     0  __rtentry2.o(.ARM.Collect$$rtentry$$0000000A)
    __rt_entry_postsh_1                      0x08000273   Thumb Code     0  __rtentry2.o(.ARM.Collect$$rtentry$$00000009)
    __rt_entry_main                          0x08000277   Thumb Code     0  __rtentry2.o(.ARM.Collect$$rtentry$$0000000D)
    __rt_entry_postli_1                      0x08000277   Thumb Code     0  __rtentry2.o(.ARM.Collect$$rtentry$$0000000C)
    __rt_exit                                0x0800027f   Thumb Code     0  rtexit.o(.ARM.Collect$$rtexit$$00000000)
    __rt_exit_ls                             0x08000281   Thumb Code     0  rtexit2.o(.ARM.Collect$$rtexit$$00000003)
    __rt_exit_prels_1                        0x08000281   Thumb Code     0  rtexit2.o(.ARM.Collect$$rtexit$$00000002)
    __rt_exit_exit                           0x08000285   Thumb Code     0  rtexit2.o(.ARM.Collect$$rtexit$$00000004)
    SVC_Handler                              0x0800028d   Thumb Code    28  port.o(.emb_text)
    __asm___6_port_c_39a90d8d__prvStartFirstTask 0x080002ad   Thumb Code    28  port.o(.emb_text)
    __asm___6_port_c_39a90d8d__prvEnableVFP  0x080002cd   Thumb Code    16  port.o(.emb_text)
    PendSV_Handler                           0x080002e1   Thumb Code    88  port.o(.emb_text)
    vPortGetIPSR                             0x0800033d   Thumb Code     6  port.o(.emb_text)
    Reset_Handler                            0x08000345   Thumb Code     8  startup_stm32f427x.o(.text)
    ADC_IRQHandler                           0x0800035f   Thumb Code     0  startup_stm32f427x.o(.text)
    CAN1_RX1_IRQHandler                      0x0800035f   Thumb Code     0  startup_stm32f427x.o(.text)
    CAN1_SCE_IRQHandler                      0x0800035f   Thumb Code     0  startup_stm32f427x.o(.text)
    CAN2_RX1_IRQHandler                      0x0800035f   Thumb Code     0  startup_stm32f427x.o(.text)
    CAN2_SCE_IRQHandler                      0x0800035f   Thumb Code     0  startup_stm32f427x.o(.text)
    CRYP_IRQHandler                          0x0800035f   Thumb Code     0  startup_stm32f427x.o(.text)
    DCMI_IRQHandler                          0x0800035f   Thumb Code     0  startup_stm32f427x.o(.text)
    DMA1_Stream0_IRQHandler                  0x0800035f   Thumb Code     0  startup_stm32f427x.o(.text)
    DMA1_Stream1_IRQHandler                  0x0800035f   Thumb Code     0  startup_stm32f427x.o(.text)
    DMA1_Stream2_IRQHandler                  0x0800035f   Thumb Code     0  startup_stm32f427x.o(.text)
    DMA1_Stream3_IRQHandler                  0x0800035f   Thumb Code     0  startup_stm32f427x.o(.text)
    DMA1_Stream4_IRQHandler                  0x0800035f   Thumb Code     0  startup_stm32f427x.o(.text)
    DMA1_Stream5_IRQHandler                  0x0800035f   Thumb Code     0  startup_stm32f427x.o(.text)
    DMA1_Stream7_IRQHandler                  0x0800035f   Thumb Code     0  startup_stm32f427x.o(.text)
    DMA2D_IRQHandler                         0x0800035f   Thumb Code     0  startup_stm32f427x.o(.text)
    DMA2_Stream0_IRQHandler                  0x0800035f   Thumb Code     0  startup_stm32f427x.o(.text)
    DMA2_Stream1_IRQHandler                  0x0800035f   Thumb Code     0  startup_stm32f427x.o(.text)
    DMA2_Stream2_IRQHandler                  0x0800035f   Thumb Code     0  startup_stm32f427x.o(.text)
    DMA2_Stream3_IRQHandler                  0x0800035f   Thumb Code     0  startup_stm32f427x.o(.text)
    DMA2_Stream4_IRQHandler                  0x0800035f   Thumb Code     0  startup_stm32f427x.o(.text)
    DMA2_Stream5_IRQHandler                  0x0800035f   Thumb Code     0  startup_stm32f427x.o(.text)
    DMA2_Stream6_IRQHandler                  0x0800035f   Thumb Code     0  startup_stm32f427x.o(.text)
    DMA2_Stream7_IRQHandler                  0x0800035f   Thumb Code     0  startup_stm32f427x.o(.text)
    ETH_IRQHandler                           0x0800035f   Thumb Code     0  startup_stm32f427x.o(.text)
    ETH_WKUP_IRQHandler                      0x0800035f   Thumb Code     0  startup_stm32f427x.o(.text)
    EXTI0_IRQHandler                         0x0800035f   Thumb Code     0  startup_stm32f427x.o(.text)
    EXTI15_10_IRQHandler                     0x0800035f   Thumb Code     0  startup_stm32f427x.o(.text)
    EXTI1_IRQHandler                         0x0800035f   Thumb Code     0  startup_stm32f427x.o(.text)
    EXTI2_IRQHandler                         0x0800035f   Thumb Code     0  startup_stm32f427x.o(.text)
    EXTI3_IRQHandler                         0x0800035f   Thumb Code     0  startup_stm32f427x.o(.text)
    EXTI4_IRQHandler                         0x0800035f   Thumb Code     0  startup_stm32f427x.o(.text)
    EXTI9_5_IRQHandler                       0x0800035f   Thumb Code     0  startup_stm32f427x.o(.text)
    FLASH_IRQHandler                         0x0800035f   Thumb Code     0  startup_stm32f427x.o(.text)
    FMC_IRQHandler                           0x0800035f   Thumb Code     0  startup_stm32f427x.o(.text)
    FPU_IRQHandler                           0x0800035f   Thumb Code     0  startup_stm32f427x.o(.text)
    HASH_RNG_IRQHandler                      0x0800035f   Thumb Code     0  startup_stm32f427x.o(.text)
    I2C1_ER_IRQHandler                       0x0800035f   Thumb Code     0  startup_stm32f427x.o(.text)
    I2C1_EV_IRQHandler                       0x0800035f   Thumb Code     0  startup_stm32f427x.o(.text)
    I2C2_ER_IRQHandler                       0x0800035f   Thumb Code     0  startup_stm32f427x.o(.text)
    I2C2_EV_IRQHandler                       0x0800035f   Thumb Code     0  startup_stm32f427x.o(.text)
    I2C3_ER_IRQHandler                       0x0800035f   Thumb Code     0  startup_stm32f427x.o(.text)
    I2C3_EV_IRQHandler                       0x0800035f   Thumb Code     0  startup_stm32f427x.o(.text)
    OTG_FS_IRQHandler                        0x0800035f   Thumb Code     0  startup_stm32f427x.o(.text)
    OTG_FS_WKUP_IRQHandler                   0x0800035f   Thumb Code     0  startup_stm32f427x.o(.text)
    OTG_HS_EP1_IN_IRQHandler                 0x0800035f   Thumb Code     0  startup_stm32f427x.o(.text)
    OTG_HS_EP1_OUT_IRQHandler                0x0800035f   Thumb Code     0  startup_stm32f427x.o(.text)
    OTG_HS_IRQHandler                        0x0800035f   Thumb Code     0  startup_stm32f427x.o(.text)
    OTG_HS_WKUP_IRQHandler                   0x0800035f   Thumb Code     0  startup_stm32f427x.o(.text)
    PVD_IRQHandler                           0x0800035f   Thumb Code     0  startup_stm32f427x.o(.text)
    RCC_IRQHandler                           0x0800035f   Thumb Code     0  startup_stm32f427x.o(.text)
    RTC_Alarm_IRQHandler                     0x0800035f   Thumb Code     0  startup_stm32f427x.o(.text)
    RTC_WKUP_IRQHandler                      0x0800035f   Thumb Code     0  startup_stm32f427x.o(.text)
    SAI1_IRQHandler                          0x0800035f   Thumb Code     0  startup_stm32f427x.o(.text)
    SDIO_IRQHandler                          0x0800035f   Thumb Code     0  startup_stm32f427x.o(.text)
    SPI1_IRQHandler                          0x0800035f   Thumb Code     0  startup_stm32f427x.o(.text)
    SPI2_IRQHandler                          0x0800035f   Thumb Code     0  startup_stm32f427x.o(.text)
    SPI3_IRQHandler                          0x0800035f   Thumb Code     0  startup_stm32f427x.o(.text)
    SPI4_IRQHandler                          0x0800035f   Thumb Code     0  startup_stm32f427x.o(.text)
    SPI5_IRQHandler                          0x0800035f   Thumb Code     0  startup_stm32f427x.o(.text)
    SPI6_IRQHandler                          0x0800035f   Thumb Code     0  startup_stm32f427x.o(.text)
    TAMP_STAMP_IRQHandler                    0x0800035f   Thumb Code     0  startup_stm32f427x.o(.text)
    TIM1_BRK_TIM9_IRQHandler                 0x0800035f   Thumb Code     0  startup_stm32f427x.o(.text)
    TIM1_CC_IRQHandler                       0x0800035f   Thumb Code     0  startup_stm32f427x.o(.text)
    TIM1_TRG_COM_TIM11_IRQHandler            0x0800035f   Thumb Code     0  startup_stm32f427x.o(.text)
    TIM1_UP_TIM10_IRQHandler                 0x0800035f   Thumb Code     0  startup_stm32f427x.o(.text)
    TIM2_IRQHandler                          0x0800035f   Thumb Code     0  startup_stm32f427x.o(.text)
    TIM3_IRQHandler                          0x0800035f   Thumb Code     0  startup_stm32f427x.o(.text)
    TIM4_IRQHandler                          0x0800035f   Thumb Code     0  startup_stm32f427x.o(.text)
    TIM5_IRQHandler                          0x0800035f   Thumb Code     0  startup_stm32f427x.o(.text)
    TIM6_DAC_IRQHandler                      0x0800035f   Thumb Code     0  startup_stm32f427x.o(.text)
    TIM7_IRQHandler                          0x0800035f   Thumb Code     0  startup_stm32f427x.o(.text)
    TIM8_BRK_TIM12_IRQHandler                0x0800035f   Thumb Code     0  startup_stm32f427x.o(.text)
    TIM8_CC_IRQHandler                       0x0800035f   Thumb Code     0  startup_stm32f427x.o(.text)
    TIM8_TRG_COM_TIM14_IRQHandler            0x0800035f   Thumb Code     0  startup_stm32f427x.o(.text)
    TIM8_UP_TIM13_IRQHandler                 0x0800035f   Thumb Code     0  startup_stm32f427x.o(.text)
    UART4_IRQHandler                         0x0800035f   Thumb Code     0  startup_stm32f427x.o(.text)
    UART5_IRQHandler                         0x0800035f   Thumb Code     0  startup_stm32f427x.o(.text)
    USART2_IRQHandler                        0x0800035f   Thumb Code     0  startup_stm32f427x.o(.text)
    WWDG_IRQHandler                          0x0800035f   Thumb Code     0  startup_stm32f427x.o(.text)
    __user_initial_stackheap                 0x08000361   Thumb Code     0  startup_stm32f427x.o(.text)
    __aeabi_memcpy                           0x08000385   Thumb Code     0  rt_memcpy_v6.o(.text)
    __rt_memcpy                              0x08000385   Thumb Code   138  rt_memcpy_v6.o(.text)
    _memcpy_lastbytes                        0x080003eb   Thumb Code     0  rt_memcpy_v6.o(.text)
    __aeabi_memcpy4                          0x0800040f   Thumb Code     0  rt_memcpy_w.o(.text)
    __aeabi_memcpy8                          0x0800040f   Thumb Code     0  rt_memcpy_w.o(.text)
    __rt_memcpy_w                            0x0800040f   Thumb Code   100  rt_memcpy_w.o(.text)
    _memcpy_lastbytes_aligned                0x08000457   Thumb Code     0  rt_memcpy_w.o(.text)
    __aeabi_memset                           0x08000473   Thumb Code    16  aeabi_memset.o(.text)
    __aeabi_memclr4                          0x08000483   Thumb Code     0  rt_memclr_w.o(.text)
    __aeabi_memclr8                          0x08000483   Thumb Code     0  rt_memclr_w.o(.text)
    __rt_memclr_w                            0x08000483   Thumb Code    78  rt_memclr_w.o(.text)
    _memset_w                                0x08000487   Thumb Code     0  rt_memclr_w.o(.text)
    __use_two_region_memory                  0x080004d1   Thumb Code     2  heapauxi.o(.text)
    __rt_heap_escrow                         0x080004d3   Thumb Code     2  heapauxi.o(.text)
    __rt_heap_expand                         0x080004d5   Thumb Code     2  heapauxi.o(.text)
    __read_errno                             0x080004d7   Thumb Code    10  _rserrno.o(.text)
    __set_errno                              0x080004e1   Thumb Code    12  _rserrno.o(.text)
    __aeabi_memclr                           0x080004ed   Thumb Code     0  rt_memclr.o(.text)
    __rt_memclr                              0x080004ed   Thumb Code    68  rt_memclr.o(.text)
    _memset                                  0x080004f1   Thumb Code     0  rt_memclr.o(.text)
    __aeabi_errno_addr                       0x08000531   Thumb Code     8  rt_errno_addr_intlibspace.o(.text)
    __errno$intlibspace                      0x08000531   Thumb Code     0  rt_errno_addr_intlibspace.o(.text)
    __rt_errno_addr$intlibspace              0x08000531   Thumb Code     0  rt_errno_addr_intlibspace.o(.text)
    __user_libspace                          0x08000539   Thumb Code     8  libspace.o(.text)
    __user_perproc_libspace                  0x08000539   Thumb Code     0  libspace.o(.text)
    __user_perthread_libspace                0x08000539   Thumb Code     0  libspace.o(.text)
    __user_setup_stackheap                   0x08000541   Thumb Code    74  sys_stackheap_outer.o(.text)
    exit                                     0x0800058b   Thumb Code    18  exit.o(.text)
    __I$use$semihosting                      0x0800059d   Thumb Code     0  use_no_semi.o(.text)
    __use_no_semihosting_swi                 0x0800059d   Thumb Code     2  use_no_semi.o(.text)
    __semihosting_library_function           0x0800059f   Thumb Code     0  indicate_semi.o(.text)
    _sys_exit                                0x080005a1   Thumb Code     8  sys_exit.o(.text)
    BSP_Init                                 0x080005ad   Thumb Code    24  main.o(i.BSP_Init)
    BusFault_Handler                         0x080005c5   Thumb Code     4  stm32f4xx_it.o(i.BusFault_Handler)
    CAN1_RX0_IRQHandler                      0x080005c9   Thumb Code    48  it.o(i.CAN1_RX0_IRQHandler)
    CAN1_TX_IRQHandler                       0x08000605   Thumb Code    22  it.o(i.CAN1_TX_IRQHandler)
    CAN2_RX0_IRQHandler                      0x08000621   Thumb Code    48  it.o(i.CAN2_RX0_IRQHandler)
    CAN2_TX_IRQHandler                       0x0800065d   Thumb Code    22  it.o(i.CAN2_TX_IRQHandler)
    CAN_ClearFlag                            0x08000679   Thumb Code    52  stm32f4xx_can.o(i.CAN_ClearFlag)
    CAN_ClearITPendingBit                    0x080006b1   Thumb Code   162  stm32f4xx_can.o(i.CAN_ClearITPendingBit)
    CAN_DeInit                               0x08000759   Thumb Code    50  stm32f4xx_can.o(i.CAN_DeInit)
    CAN_FilterInit                           0x08000791   Thumb Code   258  stm32f4xx_can.o(i.CAN_FilterInit)
    CAN_GetITStatus                          0x08000899   Thumb Code   284  stm32f4xx_can.o(i.CAN_GetITStatus)
    CAN_ITConfig                             0x080009b9   Thumb Code    18  stm32f4xx_can.o(i.CAN_ITConfig)
    CAN_Init                                 0x080009cb   Thumb Code   276  stm32f4xx_can.o(i.CAN_Init)
    CAN_Receive                              0x08000adf   Thumb Code   240  stm32f4xx_can.o(i.CAN_Receive)
    CAN_StructInit                           0x08000bcf   Thumb Code    32  stm32f4xx_can.o(i.CAN_StructInit)
    Chassis_Control                          0x08000bf1   Thumb Code   282  chassis_behavior.o(i.Chassis_Control)
    DMA1_Stream6_IRQHandler                  0x08000e51   Thumb Code    30  vofa.o(i.DMA1_Stream6_IRQHandler)
    DMA_ClearFlag                            0x08000e79   Thumb Code    38  stm32f4xx_dma.o(i.DMA_ClearFlag)
    DMA_ClearITPendingBit                    0x08000ead   Thumb Code    38  stm32f4xx_dma.o(i.DMA_ClearITPendingBit)
    DMA_Cmd                                  0x08000ee1   Thumb Code    22  stm32f4xx_dma.o(i.DMA_Cmd)
    DMA_DeInit                               0x08000ef9   Thumb Code   324  stm32f4xx_dma.o(i.DMA_DeInit)
    DMA_DoubleBufferModeCmd                  0x08001051   Thumb Code    22  stm32f4xx_dma.o(i.DMA_DoubleBufferModeCmd)
    DMA_DoubleBufferModeConfig               0x08001067   Thumb Code    24  stm32f4xx_dma.o(i.DMA_DoubleBufferModeConfig)
    DMA_GetCmdStatus                         0x0800107f   Thumb Code    20  stm32f4xx_dma.o(i.DMA_GetCmdStatus)
    DMA_GetCurrDataCounter                   0x08001093   Thumb Code     8  stm32f4xx_dma.o(i.DMA_GetCurrDataCounter)
    DMA_GetCurrentMemoryTarget               0x0800109b   Thumb Code    20  stm32f4xx_dma.o(i.DMA_GetCurrentMemoryTarget)
    DMA_GetITStatus                          0x080010b1   Thumb Code    82  stm32f4xx_dma.o(i.DMA_GetITStatus)
    DMA_Init                                 0x08001115   Thumb Code    82  stm32f4xx_dma.o(i.DMA_Init)
    DMA_SetCurrDataCounter                   0x0800116d   Thumb Code     4  stm32f4xx_dma.o(i.DMA_SetCurrDataCounter)
    DMA_StructInit                           0x08001171   Thumb Code    34  stm32f4xx_dma.o(i.DMA_StructInit)
    DebugMon_Handler                         0x08001193   Thumb Code     2  stm32f4xx_it.o(i.DebugMon_Handler)
    GPIO_Init                                0x08001195   Thumb Code   144  stm32f4xx_gpio.o(i.GPIO_Init)
    GPIO_PinAFConfig                         0x08001225   Thumb Code    70  stm32f4xx_gpio.o(i.GPIO_PinAFConfig)
    GPIO_ResetBits                           0x0800126b   Thumb Code     4  stm32f4xx_gpio.o(i.GPIO_ResetBits)
    GPIO_SetBits                             0x0800126f   Thumb Code     4  stm32f4xx_gpio.o(i.GPIO_SetBits)
    HardFault_Handler                        0x080012cd   Thumb Code     4  stm32f4xx_it.o(i.HardFault_Handler)
    Hardware_Init                            0x080012d1   Thumb Code    16  main.o(i.Hardware_Init)
    MemManage_Handler                        0x080012e1   Thumb Code     4  stm32f4xx_it.o(i.MemManage_Handler)
    NMI_Handler                              0x080012e5   Thumb Code     2  stm32f4xx_it.o(i.NMI_Handler)
    NVIC_Init                                0x080012e9   Thumb Code   106  misc.o(i.NVIC_Init)
    NVIC_PriorityGroupConfig                 0x08001361   Thumb Code    10  misc.o(i.NVIC_PriorityGroupConfig)
    Packet_Decode                            0x080014ed   Thumb Code   396  packet.o(i.Packet_Decode)
    Packet_DecodeInit                        0x08001691   Thumb Code    24  packet.o(i.Packet_DecodeInit)
    RCC_AHB1PeriphClockCmd                   0x080016b1   Thumb Code    26  stm32f4xx_rcc.o(i.RCC_AHB1PeriphClockCmd)
    RCC_APB1PeriphClockCmd                   0x080016d1   Thumb Code    26  stm32f4xx_rcc.o(i.RCC_APB1PeriphClockCmd)
    RCC_APB1PeriphResetCmd                   0x080016f1   Thumb Code    26  stm32f4xx_rcc.o(i.RCC_APB1PeriphResetCmd)
    RCC_APB2PeriphClockCmd                   0x08001711   Thumb Code    26  stm32f4xx_rcc.o(i.RCC_APB2PeriphClockCmd)
    RCC_APB2PeriphResetCmd                   0x08001731   Thumb Code    26  stm32f4xx_rcc.o(i.RCC_APB2PeriphResetCmd)
    RCC_GetClocksFreq                        0x08001751   Thumb Code   214  stm32f4xx_rcc.o(i.RCC_GetClocksFreq)
    RM_Judge_DataDecodeByBuff                0x08001839   Thumb Code   606  judge.o(i.RM_Judge_DataDecodeByBuff)
    RM_Judge_DataDequeue                     0x08001aad   Thumb Code    58  judge.o(i.RM_Judge_DataDequeue)
    RM_Judge_DataEnqueue                     0x08001ae7   Thumb Code    32  judge.o(i.RM_Judge_DataEnqueue)
    RM_Judge_DataLength                      0x08001b07   Thumb Code   484  judge.o(i.RM_Judge_DataLength)
    RM_Judge_FindFrame                       0x08001ceb   Thumb Code   198  judge.o(i.RM_Judge_FindFrame)
    Start_Task                               0x08001e9d   Thumb Code   190  user_task.o(i.Start_Task)
    SysTick_Handler                          0x08002021   Thumb Code    46  port.o(i.SysTick_Handler)
    SystemInit                               0x08002055   Thumb Code    88  system_stm32f4xx.o(i.SystemInit)
    Task_ChassisCtrl                         0x080020bd   Thumb Code   464  chassis_behavior.o(i.Task_ChassisCtrl)
    Task_Hi219mDataDecode                    0x080022a5   Thumb Code    76  user_task.o(i.Task_Hi219mDataDecode)
    Task_Init                                0x08002301   Thumb Code    24  user_task.o(i.Task_Init)
    Task_JudgeDataDecode                     0x0800232d   Thumb Code    48  user_task.o(i.Task_JudgeDataDecode)
    Task_MiniPCDataDecode                    0x08002365   Thumb Code    18  minipc.o(i.Task_MiniPCDataDecode)
    Task_MiniPCDataSend                      0x08002377   Thumb Code    18  minipc.o(i.Task_MiniPCDataSend)
    Task_Send2Gimbal                         0x08002389   Thumb Code    18  user_task.o(i.Task_Send2Gimbal)
    UART7_IRQHandler                         0x0800239b   Thumb Code     2  it.o(i.UART7_IRQHandler)
    UART8_IRQHandler                         0x0800239d   Thumb Code     2  it.o(i.UART8_IRQHandler)
    USART1_IRQHandler                        0x080023a1   Thumb Code   170  it.o(i.USART1_IRQHandler)
    USART3_IRQHandler                        0x08002461   Thumb Code     2  it.o(i.USART3_IRQHandler)
    USART6_IRQHandler                        0x08002465   Thumb Code   146  it.o(i.USART6_IRQHandler)
    USART_Cmd                                0x08002519   Thumb Code    24  stm32f4xx_usart.o(i.USART_Cmd)
    USART_DMACmd                             0x08002531   Thumb Code    18  stm32f4xx_usart.o(i.USART_DMACmd)
    USART_DeInit                             0x08002545   Thumb Code   206  stm32f4xx_usart.o(i.USART_DeInit)
    USART_GetITStatus                        0x08002635   Thumb Code    84  stm32f4xx_usart.o(i.USART_GetITStatus)
    USART_ITConfig                           0x08002689   Thumb Code    74  stm32f4xx_usart.o(i.USART_ITConfig)
    USART_Init                               0x080026d5   Thumb Code   204  stm32f4xx_usart.o(i.USART_Init)
    USART_StructInit                         0x080027a9   Thumb Code    24  stm32f4xx_usart.o(i.USART_StructInit)
    UsageFault_Handler                       0x080027c1   Thumb Code     4  stm32f4xx_it.o(i.UsageFault_Handler)
    Verify_CRC16_Check_Sum                   0x080027c5   Thumb Code    60  crc_check.o(i.Verify_CRC16_Check_Sum)
    Verify_CRC8_Check_Sum                    0x08002805   Thumb Code    46  crc_check.o(i.Verify_CRC8_Check_Sum)
    __ARM_fpclassify                         0x08002833   Thumb Code    48  fpclassify.o(i.__ARM_fpclassify)
    __hardfp_atan                            0x08002869   Thumb Code   622  atan.o(i.__hardfp_atan)
    __hardfp_atan2                           0x08002b41   Thumb Code   432  atan2.o(i.__hardfp_atan2)
    __hardfp_fmod                            0x08002d31   Thumb Code   254  fmod.o(i.__hardfp_fmod)
    __kernel_poly                            0x08002e35   Thumb Code   248  poly.o(i.__kernel_poly)
    __mathlib_dbl_infnan                     0x08002f2d   Thumb Code    20  dunder.o(i.__mathlib_dbl_infnan)
    __mathlib_dbl_infnan2                    0x08002f41   Thumb Code    20  dunder.o(i.__mathlib_dbl_infnan2)
    __mathlib_dbl_invalid                    0x08002f59   Thumb Code    24  dunder.o(i.__mathlib_dbl_invalid)
    __mathlib_dbl_underflow                  0x08002f79   Thumb Code    24  dunder.o(i.__mathlib_dbl_underflow)
    appendValue                              0x08002f99   Thumb Code    34  arraylist.o(i.appendValue)
    atan                                     0x08002fbb   Thumb Code    16  atan.o(i.atan)
    configCAN_Init                           0x08002fcd   Thumb Code   314  can.o(i.configCAN_Init)
    configChassis_ParaInit                   0x08003111   Thumb Code    22  chassis_behavior.o(i.configChassis_ParaInit)
    configDMA_Init                           0x08003139   Thumb Code   436  dma.o(i.configDMA_Init)
    configHi219m_ParaInit                    0x08003315   Thumb Code     8  hi219m.o(i.configHi219m_ParaInit)
    configIO_Init                            0x0800331d   Thumb Code   874  io.o(i.configIO_Init)
    configNVIC_Init                          0x080036a1   Thumb Code   334  nvic.o(i.configNVIC_Init)
    configUART_Init                          0x080037f1   Thumb Code   564  uart.o(i.configUART_Init)
    configVOFA_ParaInit                      0x08003a45   Thumb Code    18  vofa.o(i.configVOFA_ParaInit)
    deleteAllValue                           0x08003a99   Thumb Code    34  arraylist.o(i.deleteAllValue)
    deleteRangeValue                         0x08003abb   Thumb Code    58  arraylist.o(i.deleteRangeValue)
    deleteValue                              0x08003af5   Thumb Code    72  arraylist.o(i.deleteValue)
    fabs                                     0x08003b3d   Thumb Code    24  fabs.o(i.fabs)
    findValue                                0x08003b55   Thumb Code    52  arraylist.o(i.findValue)
    fnHi219m_DataDecode                      0x08003b89   Thumb Code   574  hi219m.o(i.fnHi219m_DataDecode)
    fnMotor_CanRecvDataDecode                0x08003de9   Thumb Code   124  motor.o(i.fnMotor_CanRecvDataDecode)
    fnRemote_RawDataDecode                   0x08003e85   Thumb Code   248  rm_remote.o(i.fnRemote_RawDataDecode)
    getArrayLength                           0x08003f89   Thumb Code     6  arraylist.o(i.getArrayLength)
    getValue                                 0x08003f8f   Thumb Code    28  arraylist.o(i.getValue)
    get_eular                                0x08003fad   Thumb Code    14  imu_data_decode.o(i.get_eular)
    get_raw_gyo                              0x08003fc1   Thumb Code    16  imu_data_decode.o(i.get_raw_gyo)
    get_raw_mag                              0x08003fd5   Thumb Code    16  imu_data_decode.o(i.get_raw_mag)
    imu_data_decode_init                     0x08003fe9   Thumb Code    14  imu_data_decode.o(i.imu_data_decode_init)
    isEmpty                                  0x08004001   Thumb Code    14  arraylist.o(i.isEmpty)
    isFull                                   0x0800400f   Thumb Code    18  arraylist.o(i.isFull)
    main                                     0x08004021   Thumb Code    20  main.o(i.main)
    pvPortMalloc                             0x080049b5   Thumb Code   306  heap_4.o(i.pvPortMalloc)
    pvTaskIncrementMutexHeldCount            0x08004afd   Thumb Code    26  tasks.o(i.pvTaskIncrementMutexHeldCount)
    pxPortInitialiseStack                    0x08004b1d   Thumb Code    38  port.o(i.pxPortInitialiseStack)
    uxListRemove                             0x08004cd9   Thumb Code    40  list.o(i.uxListRemove)
    vApplicationIdleHook                     0x08004d01   Thumb Code     2  stm32f4xx_it.o(i.vApplicationIdleHook)
    vApplicationMallocFailedHook             0x08004d03   Thumb Code    22  stm32f4xx_it.o(i.vApplicationMallocFailedHook)
    vApplicationStackOverflowHook            0x08004d19   Thumb Code     2  stm32f4xx_it.o(i.vApplicationStackOverflowHook)
    vApplicationTickHook                     0x08004d1b   Thumb Code     2  stm32f4xx_it.o(i.vApplicationTickHook)
    vListInitialise                          0x08004d1d   Thumb Code    26  list.o(i.vListInitialise)
    vListInitialiseItem                      0x08004d37   Thumb Code     6  list.o(i.vListInitialiseItem)
    vListInsert                              0x08004d3d   Thumb Code    52  list.o(i.vListInsert)
    vListInsertEnd                           0x08004d71   Thumb Code    24  list.o(i.vListInsertEnd)
    vPortEnterCritical                       0x08004d89   Thumb Code    76  port.o(i.vPortEnterCritical)
    vPortExitCritical                        0x08004ddd   Thumb Code    56  port.o(i.vPortExitCritical)
    vPortFree                                0x08004e19   Thumb Code   140  heap_4.o(i.vPortFree)
    vPortSetupTimerInterrupt                 0x08004ead   Thumb Code    14  port.o(i.vPortSetupTimerInterrupt)
    vPortValidateInterruptPriority           0x08004ec1   Thumb Code   106  port.o(i.vPortValidateInterruptPriority)
    vQueueAddToRegistry                      0x08004f39   Thumb Code    38  queue.o(i.vQueueAddToRegistry)
    vQueueWaitForMessageRestricted           0x08004f65   Thumb Code    74  queue.o(i.vQueueWaitForMessageRestricted)
    vTaskDelay                               0x08004fb1   Thumb Code    82  tasks.o(i.vTaskDelay)
    vTaskDelayUntil                          0x0800500d   Thumb Code   200  tasks.o(i.vTaskDelayUntil)
    vTaskDelete                              0x080050e1   Thumb Code   202  tasks.o(i.vTaskDelete)
    vTaskMissedYield                         0x080051d5   Thumb Code     8  tasks.o(i.vTaskMissedYield)
    vTaskPlaceOnEventList                    0x080051e1   Thumb Code    52  tasks.o(i.vTaskPlaceOnEventList)
    vTaskPlaceOnEventListRestricted          0x08005219   Thumb Code    60  tasks.o(i.vTaskPlaceOnEventListRestricted)
    vTaskPriorityInherit                     0x08005259   Thumb Code   164  tasks.o(i.vTaskPriorityInherit)
    vTaskSetTimeOutState                     0x08005309   Thumb Code    38  tasks.o(i.vTaskSetTimeOutState)
    vTaskStartScheduler                      0x08005339   Thumb Code   118  tasks.o(i.vTaskStartScheduler)
    vTaskSuspendAll                          0x080053cd   Thumb Code    12  tasks.o(i.vTaskSuspendAll)
    vTaskSwitchContext                       0x080053dd   Thumb Code   174  tasks.o(i.vTaskSwitchContext)
    xPortStartScheduler                      0x080054a1   Thumb Code   288  port.o(i.xPortStartScheduler)
    xQueueGenericCreate                      0x080055dd   Thumb Code    88  queue.o(i.xQueueGenericCreate)
    xQueueGenericReceive                     0x08005635   Thumb Code   446  queue.o(i.xQueueGenericReceive)
    xQueueGenericReset                       0x080057f9   Thumb Code   146  queue.o(i.xQueueGenericReset)
    xQueueGenericSend                        0x08005891   Thumb Code   420  queue.o(i.xQueueGenericSend)
    xQueueGenericSendFromISR                 0x08005a39   Thumb Code   248  queue.o(i.xQueueGenericSendFromISR)
    xQueueGiveFromISR                        0x08005b31   Thumb Code   224  queue.o(i.xQueueGiveFromISR)
    xTaskCheckForTimeOut                     0x08005c11   Thumb Code   132  tasks.o(i.xTaskCheckForTimeOut)
    xTaskCreate                              0x08005c9d   Thumb Code    96  tasks.o(i.xTaskCreate)
    xTaskGetSchedulerState                   0x08005cfd   Thumb Code    24  tasks.o(i.xTaskGetSchedulerState)
    xTaskGetTickCount                        0x08005d1d   Thumb Code     6  tasks.o(i.xTaskGetTickCount)
    xTaskIncrementTick                       0x08005d29   Thumb Code   296  tasks.o(i.xTaskIncrementTick)
    xTaskPriorityDisinherit                  0x08005e7d   Thumb Code   188  tasks.o(i.xTaskPriorityDisinherit)
    xTaskRemoveFromEventList                 0x08005f45   Thumb Code   128  tasks.o(i.xTaskRemoveFromEventList)
    xTaskResumeAll                           0x08005fdd   Thumb Code   224  tasks.o(i.xTaskResumeAll)
    xTimerCreateTimerTask                    0x080060e1   Thumb Code    66  timers.o(i.xTimerCreateTimerTask)
    xTimerGenericCommand                     0x08006139   Thumb Code   126  timers.o(i.xTimerGenericCommand)
    __aeabi_dneg                             0x080061bd   Thumb Code     0  basic.o(x$fpl$basic)
    _dneg                                    0x080061bd   Thumb Code     6  basic.o(x$fpl$basic)
    __aeabi_fneg                             0x080061c3   Thumb Code     0  basic.o(x$fpl$basic)
    _fneg                                    0x080061c3   Thumb Code     6  basic.o(x$fpl$basic)
    _dabs                                    0x080061c9   Thumb Code     6  basic.o(x$fpl$basic)
    _fabs                                    0x080061cf   Thumb Code     6  basic.o(x$fpl$basic)
    __aeabi_d2f                              0x080061d5   Thumb Code     0  d2f.o(x$fpl$d2f)
    _d2f                                     0x080061d5   Thumb Code    98  d2f.o(x$fpl$d2f)
    __aeabi_dadd                             0x08006239   Thumb Code     0  daddsub_clz.o(x$fpl$dadd)
    _dadd                                    0x08006239   Thumb Code   332  daddsub_clz.o(x$fpl$dadd)
    __aeabi_ddiv                             0x08006389   Thumb Code     0  ddiv.o(x$fpl$ddiv)
    _ddiv                                    0x08006389   Thumb Code   552  ddiv.o(x$fpl$ddiv)
    __aeabi_dmul                             0x08006639   Thumb Code     0  dmul.o(x$fpl$dmul)
    _dmul                                    0x08006639   Thumb Code   332  dmul.o(x$fpl$dmul)
    __fpl_dnaninf                            0x0800678d   Thumb Code   156  dnaninf.o(x$fpl$dnaninf)
    _drem                                    0x08006829   Thumb Code   328  drem_clz.o(x$fpl$drem)
    __fpl_dretinf                            0x08006979   Thumb Code    12  dretinf.o(x$fpl$dretinf)
    __aeabi_drsub                            0x08006985   Thumb Code     0  daddsub_clz.o(x$fpl$drsb)
    _drsb                                    0x08006985   Thumb Code    22  daddsub_clz.o(x$fpl$drsb)
    __aeabi_dsub                             0x0800699d   Thumb Code     0  daddsub_clz.o(x$fpl$dsub)
    _dsub                                    0x0800699d   Thumb Code   464  daddsub_clz.o(x$fpl$dsub)
    __aeabi_f2d                              0x08006b71   Thumb Code     0  f2d.o(x$fpl$f2d)
    _f2d                                     0x08006b71   Thumb Code    86  f2d.o(x$fpl$f2d)
    __fpl_fnaninf                            0x08006bc7   Thumb Code   140  fnaninf.o(x$fpl$fnaninf)
    _fp_init                                 0x08006c53   Thumb Code    10  fpinit.o(x$fpl$fpinit)
    __fplib_config_fpu_vfp                   0x08006c5b   Thumb Code     0  fpinit.o(x$fpl$fpinit)
    __fplib_config_pureend_doubles           0x08006c5b   Thumb Code     0  fpinit.o(x$fpl$fpinit)
    __fpl_fretinf                            0x08006c5d   Thumb Code    10  fretinf.o(x$fpl$fretinf)
    CRC8_INIT                                0x08006c66   Data           1  crc_check.o(.constdata)
    __I$use$fp                               0x08006c66   Number         0  usenofp.o(x$fpl$usenofp)
    CRC_INIT_Judge                           0x08006c67   Data         256  crc_check.o(.constdata)
    wCRC_Table                               0x08006d68   Data         512  crc_check.o(.constdata)
    __mathlib_zero                           0x08007000   Data           8  qnan.o(.constdata)
    Region$$Table$$Base                      0x08007008   Number         0  anon$$obj.o(Region$$Table)
    Region$$Table$$Limit                     0x08007028   Number         0  anon$$obj.o(Region$$Table)
    P_nJudgeBuffLength                       0x20000000   Data           2  it.o(.data)
    P_stMotor_ChassisF                       0x20000008   Data         132  motor.o(.data)
    P_stMotor_ChassisB                       0x2000008c   Data         132  motor.o(.data)
    P_stMotor_RudderF                        0x20000110   Data         260  motor.o(.data)
    P_stMotor_RudderB                        0x20000214   Data         260  motor.o(.data)
    P_stMotor_Gimbal_YawH                    0x20000318   Data         260  motor.o(.data)
    P_stMotor_Gimbal_YawL                    0x2000041c   Data         260  motor.o(.data)
    P_stMotor_Gimbal_Pitch                   0x20000520   Data         260  motor.o(.data)
    Reset_yaw                                0x20000624   Data           1  motor.o(.data)
    SBUS_First_Connected                     0x20000628   Data           1  rm_remote.o(.data)
    P_uintH219BuffLength                     0x2000062c   Data           2  hi219m.o(.data)
    mag                                      0x2000062e   Data           6  hi219m.o(.data)
    geomagnetism                             0x20000634   Data           4  hi219m.o(.data)
    Vector_F                                 0x20000660   Data           8  chassis_behavior.o(.data)
    Vector_B                                 0x20000668   Data           8  chassis_behavior.o(.data)
    vx                                       0x20000670   Data           4  chassis_behavior.o(.data)
    vy                                       0x20000674   Data           4  chassis_behavior.o(.data)
    vw                                       0x20000678   Data           4  chassis_behavior.o(.data)
    vx_1                                     0x2000067c   Data           4  chassis_behavior.o(.data)
    vy_1                                     0x20000680   Data           4  chassis_behavior.o(.data)
    vw_1                                     0x20000684   Data           4  chassis_behavior.o(.data)
    a                                        0x20000688   Data           4  chassis_behavior.o(.data)
    b                                        0x2000068c   Data           4  chassis_behavior.o(.data)
    StartTask_Handler                        0x200006a8   Data           4  user_task.o(.data)
    Task_ChassisCtrl_Handler                 0x200006ac   Data           4  user_task.o(.data)
    Task_MiniPCDataDecode_Handler            0x200006b0   Data           4  user_task.o(.data)
    Task_MiniPCDataSend_Handler              0x200006b4   Data           4  user_task.o(.data)
    Task_Hi219mDataDecode_Handler            0x200006b8   Data           4  user_task.o(.data)
    Task_JudgeDataDecode_Handler             0x200006bc   Data           4  user_task.o(.data)
    Task_Send2Gimbal_Handler                 0x200006c0   Data           4  user_task.o(.data)
    P_shH219DataDecode_Binary                0x200006c4   Data           4  user_task.o(.data)
    P_stPCDataDecode_Binary                  0x200006c8   Data           4  user_task.o(.data)
    JudgeDataDecode_Binary                   0x200006cc   Data           4  user_task.o(.data)
    CRC_INIT                                 0x200006d0   Data           2  crc_check.o(.data)
    Send_Data_Lidar                          0x200006d2   Data           3  judge.o(.data)
    x_c                                      0x200006d6   Data           2  judge.o(.data)
    pxCurrentTCB                             0x200006ec   Data           4  tasks.o(.data)
    P_stCAN1DataRecv                         0x20000760   Data          20  it.o(.bss)
    P_stCAN2DataRecv                         0x20000774   Data          20  it.o(.bss)
    P_uintRemote_Data_Buf                    0x20000788   Data         100  rm_remote.o(.bss)
    P_stRemoteData_Recv                      0x200007ec   Data          16  rm_remote.o(.bss)
    P_stRemoteData_Recv_Last                 0x200007fc   Data          16  rm_remote.o(.bss)
    P_uintH219MDataBuffer                    0x2000080c   Data         128  hi219m.o(.bss)
    P_stHi219m                               0x2000088c   Data          48  hi219m.o(.bss)
    mage                                     0x200008bc   Data          12  hi219m.o(.bss)
    VOFA_Origin_Data                         0x20000970   Data          12  vofa.o(.bss)
    VOFA_Send_Data                           0x2000097c   Data          16  vofa.o(.bss)
    P_stChassis                              0x2000098c   Data         464  chassis_behavior.o(.bss)
    P_ucPCVisionDataBuffer                   0x20000b5c   Data          11  minipc.o(.bss)
    P_ucPCVisionDataBuffer_Last              0x20000b67   Data          11  minipc.o(.bss)
    P_ucPCVisionDataBuffer_L                 0x20000b72   Data          11  minipc.o(.bss)
    P_ucPCVisionDataSender                   0x20000b7d   Data          27  minipc.o(.bss)
    MiniPC_Data_Recv                         0x20000b98   Data          16  minipc.o(.bss)
    Send_Data                                0x20000ba8   Data          27  minipc.o(.bss)
    MiniPC_Data_Send                         0x20000bc4   Data          32  minipc.o(.bss)
    P_ucJudgeDataBuffer                      0x20000be4   Data         512  judge.o(.bss)
    P_stJudgeDataArrayListBuff               0x20000de4   Data          12  judge.o(.bss)
    P_stgamestatus                           0x20000df0   Data         632  judge.o(.bss)
    fn_game_robot_pos                        0x20001068   Data          19  judge.o(.bss)
    xQueueRegistry                           0x2000107c   Data          64  queue.o(.bss)
    __libspace_start                         0x20004dac   Data          96  libspace.o(.bss)
    __temporary_stack_top$libspace           0x20004e0c   Data           0  libspace.o(.bss)



==============================================================================

Memory Map of the image

  Image Entry point : 0x080001ad

  Load Region LR_IROM1 (Base: 0x08000000, Size: 0x00007788, Max: 0x00200000, ABSOLUTE, COMPRESSED[0x0000705c])

    Execution Region ER_IROM1 (Exec base: 0x08000000, Load base: 0x08000000, Size: 0x00007028, Max: 0x00200000, ABSOLUTE)

    Exec Addr    Load Addr    Size         Type   Attr      Idx    E Section Name        Object

    0x08000000   0x08000000   0x000001ac   Data   RO         3068    RESET               startup_stm32f427x.o
    0x080001ac   0x080001ac   0x00000008   Code   RO         3999  * !!!main             c_w.l(__main.o)
    0x080001b4   0x080001b4   0x00000034   Code   RO         4442    !!!scatter          c_w.l(__scatter.o)
    0x080001e8   0x080001e8   0x0000005a   Code   RO         4440    !!dczerorl2         c_w.l(__dczerorl2.o)
    0x08000242   0x08000242   0x00000002   PAD
    0x08000244   0x08000244   0x0000001c   Code   RO         4444    !!handler_zi        c_w.l(__scatter_zi.o)
    0x08000260   0x08000260   0x00000002   Code   RO         4239    .ARM.Collect$$libinit$$00000000  c_w.l(libinit.o)
    0x08000262   0x08000262   0x00000004   Code   RO         4240    .ARM.Collect$$libinit$$00000001  c_w.l(libinit2.o)
    0x08000266   0x08000266   0x00000000   Code   RO         4243    .ARM.Collect$$libinit$$00000004  c_w.l(libinit2.o)
    0x08000266   0x08000266   0x00000000   Code   RO         4246    .ARM.Collect$$libinit$$0000000A  c_w.l(libinit2.o)
    0x08000266   0x08000266   0x00000000   Code   RO         4248    .ARM.Collect$$libinit$$0000000C  c_w.l(libinit2.o)
    0x08000266   0x08000266   0x00000000   Code   RO         4250    .ARM.Collect$$libinit$$0000000E  c_w.l(libinit2.o)
    0x08000266   0x08000266   0x00000000   Code   RO         4253    .ARM.Collect$$libinit$$00000011  c_w.l(libinit2.o)
    0x08000266   0x08000266   0x00000000   Code   RO         4255    .ARM.Collect$$libinit$$00000013  c_w.l(libinit2.o)
    0x08000266   0x08000266   0x00000000   Code   RO         4257    .ARM.Collect$$libinit$$00000015  c_w.l(libinit2.o)
    0x08000266   0x08000266   0x00000000   Code   RO         4259    .ARM.Collect$$libinit$$00000017  c_w.l(libinit2.o)
    0x08000266   0x08000266   0x00000000   Code   RO         4261    .ARM.Collect$$libinit$$00000019  c_w.l(libinit2.o)
    0x08000266   0x08000266   0x00000000   Code   RO         4263    .ARM.Collect$$libinit$$0000001B  c_w.l(libinit2.o)
    0x08000266   0x08000266   0x00000000   Code   RO         4265    .ARM.Collect$$libinit$$0000001D  c_w.l(libinit2.o)
    0x08000266   0x08000266   0x00000000   Code   RO         4267    .ARM.Collect$$libinit$$0000001F  c_w.l(libinit2.o)
    0x08000266   0x08000266   0x00000000   Code   RO         4269    .ARM.Collect$$libinit$$00000021  c_w.l(libinit2.o)
    0x08000266   0x08000266   0x00000000   Code   RO         4271    .ARM.Collect$$libinit$$00000023  c_w.l(libinit2.o)
    0x08000266   0x08000266   0x00000000   Code   RO         4273    .ARM.Collect$$libinit$$00000025  c_w.l(libinit2.o)
    0x08000266   0x08000266   0x00000000   Code   RO         4277    .ARM.Collect$$libinit$$0000002C  c_w.l(libinit2.o)
    0x08000266   0x08000266   0x00000000   Code   RO         4279    .ARM.Collect$$libinit$$0000002E  c_w.l(libinit2.o)
    0x08000266   0x08000266   0x00000000   Code   RO         4281    .ARM.Collect$$libinit$$00000030  c_w.l(libinit2.o)
    0x08000266   0x08000266   0x00000000   Code   RO         4283    .ARM.Collect$$libinit$$00000032  c_w.l(libinit2.o)
    0x08000266   0x08000266   0x00000002   Code   RO         4284    .ARM.Collect$$libinit$$00000033  c_w.l(libinit2.o)
    0x08000268   0x08000268   0x00000002   Code   RO         4419    .ARM.Collect$$libshutdown$$00000000  c_w.l(libshutdown.o)
    0x0800026a   0x0800026a   0x00000000   Code   RO         4286    .ARM.Collect$$libshutdown$$00000002  c_w.l(libshutdown2.o)
    0x0800026a   0x0800026a   0x00000000   Code   RO         4288    .ARM.Collect$$libshutdown$$00000004  c_w.l(libshutdown2.o)
    0x0800026a   0x0800026a   0x00000000   Code   RO         4291    .ARM.Collect$$libshutdown$$00000007  c_w.l(libshutdown2.o)
    0x0800026a   0x0800026a   0x00000000   Code   RO         4294    .ARM.Collect$$libshutdown$$0000000A  c_w.l(libshutdown2.o)
    0x0800026a   0x0800026a   0x00000000   Code   RO         4296    .ARM.Collect$$libshutdown$$0000000C  c_w.l(libshutdown2.o)
    0x0800026a   0x0800026a   0x00000000   Code   RO         4299    .ARM.Collect$$libshutdown$$0000000F  c_w.l(libshutdown2.o)
    0x0800026a   0x0800026a   0x00000002   Code   RO         4300    .ARM.Collect$$libshutdown$$00000010  c_w.l(libshutdown2.o)
    0x0800026c   0x0800026c   0x00000000   Code   RO         4049    .ARM.Collect$$rtentry$$00000000  c_w.l(__rtentry.o)
    0x0800026c   0x0800026c   0x00000000   Code   RO         4110    .ARM.Collect$$rtentry$$00000002  c_w.l(__rtentry2.o)
    0x0800026c   0x0800026c   0x00000006   Code   RO         4122    .ARM.Collect$$rtentry$$00000004  c_w.l(__rtentry4.o)
    0x08000272   0x08000272   0x00000000   Code   RO         4112    .ARM.Collect$$rtentry$$00000009  c_w.l(__rtentry2.o)
    0x08000272   0x08000272   0x00000004   Code   RO         4113    .ARM.Collect$$rtentry$$0000000A  c_w.l(__rtentry2.o)
    0x08000276   0x08000276   0x00000000   Code   RO         4115    .ARM.Collect$$rtentry$$0000000C  c_w.l(__rtentry2.o)
    0x08000276   0x08000276   0x00000008   Code   RO         4116    .ARM.Collect$$rtentry$$0000000D  c_w.l(__rtentry2.o)
    0x0800027e   0x0800027e   0x00000002   Code   RO         4306    .ARM.Collect$$rtexit$$00000000  c_w.l(rtexit.o)
    0x08000280   0x08000280   0x00000000   Code   RO         4362    .ARM.Collect$$rtexit$$00000002  c_w.l(rtexit2.o)
    0x08000280   0x08000280   0x00000004   Code   RO         4363    .ARM.Collect$$rtexit$$00000003  c_w.l(rtexit2.o)
    0x08000284   0x08000284   0x00000006   Code   RO         4364    .ARM.Collect$$rtexit$$00000004  c_w.l(rtexit2.o)
    0x0800028a   0x0800028a   0x00000002   PAD
    0x0800028c   0x0800028c   0x000000b6   Code   RO         3861    .emb_text           port.o
    0x08000342   0x08000342   0x00000002   PAD
    0x08000344   0x08000344   0x00000040   Code   RO         3069    .text               startup_stm32f427x.o
    0x08000384   0x08000384   0x0000008a   Code   RO         3989    .text               c_w.l(rt_memcpy_v6.o)
    0x0800040e   0x0800040e   0x00000064   Code   RO         3991    .text               c_w.l(rt_memcpy_w.o)
    0x08000472   0x08000472   0x00000010   Code   RO         3993    .text               c_w.l(aeabi_memset.o)
    0x08000482   0x08000482   0x0000004e   Code   RO         3995    .text               c_w.l(rt_memclr_w.o)
    0x080004d0   0x080004d0   0x00000006   Code   RO         3997    .text               c_w.l(heapauxi.o)
    0x080004d6   0x080004d6   0x00000016   Code   RO         4050    .text               c_w.l(_rserrno.o)
    0x080004ec   0x080004ec   0x00000044   Code   RO         4063    .text               c_w.l(rt_memclr.o)
    0x08000530   0x08000530   0x00000008   Code   RO         4127    .text               c_w.l(rt_errno_addr_intlibspace.o)
    0x08000538   0x08000538   0x00000008   Code   RO         4150    .text               c_w.l(libspace.o)
    0x08000540   0x08000540   0x0000004a   Code   RO         4155    .text               c_w.l(sys_stackheap_outer.o)
    0x0800058a   0x0800058a   0x00000012   Code   RO         4228    .text               c_w.l(exit.o)
    0x0800059c   0x0800059c   0x00000002   Code   RO         4303    .text               c_w.l(use_no_semi.o)
    0x0800059e   0x0800059e   0x00000000   Code   RO         4305    .text               c_w.l(indicate_semi.o)
    0x0800059e   0x0800059e   0x00000002   PAD
    0x080005a0   0x080005a0   0x0000000c   Code   RO         4359    .text               c_w.l(sys_exit.o)
    0x080005ac   0x080005ac   0x00000018   Code   RO            3    i.BSP_Init          main.o
    0x080005c4   0x080005c4   0x00000004   Code   RO         2939    i.BusFault_Handler  stm32f4xx_it.o
    0x080005c8   0x080005c8   0x0000003c   Code   RO          286    i.CAN1_RX0_IRQHandler  it.o
    0x08000604   0x08000604   0x0000001c   Code   RO          287    i.CAN1_TX_IRQHandler  it.o
    0x08000620   0x08000620   0x0000003c   Code   RO          288    i.CAN2_RX0_IRQHandler  it.o
    0x0800065c   0x0800065c   0x0000001c   Code   RO          289    i.CAN2_TX_IRQHandler  it.o
    0x08000678   0x08000678   0x00000038   Code   RO         1405    i.CAN_ClearFlag     stm32f4xx_can.o
    0x080006b0   0x080006b0   0x000000a8   Code   RO         1406    i.CAN_ClearITPendingBit  stm32f4xx_can.o
    0x08000758   0x08000758   0x00000038   Code   RO         1408    i.CAN_DeInit        stm32f4xx_can.o
    0x08000790   0x08000790   0x00000108   Code   RO         1410    i.CAN_FilterInit    stm32f4xx_can.o
    0x08000898   0x08000898   0x00000120   Code   RO         1412    i.CAN_GetITStatus   stm32f4xx_can.o
    0x080009b8   0x080009b8   0x00000012   Code   RO         1416    i.CAN_ITConfig      stm32f4xx_can.o
    0x080009ca   0x080009ca   0x00000114   Code   RO         1417    i.CAN_Init          stm32f4xx_can.o
    0x08000ade   0x08000ade   0x000000f0   Code   RO         1420    i.CAN_Receive       stm32f4xx_can.o
    0x08000bce   0x08000bce   0x00000020   Code   RO         1423    i.CAN_StructInit    stm32f4xx_can.o
    0x08000bee   0x08000bee   0x00000002   PAD
    0x08000bf0   0x08000bf0   0x00000134   Code   RO          809    i.Chassis_Control   chassis_behavior.o
    0x08000d24   0x08000d24   0x00000118   Code   RO          810    i.Chassis_SetMode   chassis_behavior.o
    0x08000e3c   0x08000e3c   0x00000012   Code   RO         1428    i.CheckITStatus     stm32f4xx_can.o
    0x08000e4e   0x08000e4e   0x00000002   PAD
    0x08000e50   0x08000e50   0x00000028   Code   RO          769    i.DMA1_Stream6_IRQHandler  vofa.o
    0x08000e78   0x08000e78   0x00000034   Code   RO         1567    i.DMA_ClearFlag     stm32f4xx_dma.o
    0x08000eac   0x08000eac   0x00000034   Code   RO         1568    i.DMA_ClearITPendingBit  stm32f4xx_dma.o
    0x08000ee0   0x08000ee0   0x00000016   Code   RO         1569    i.DMA_Cmd           stm32f4xx_dma.o
    0x08000ef6   0x08000ef6   0x00000002   PAD
    0x08000ef8   0x08000ef8   0x00000158   Code   RO         1570    i.DMA_DeInit        stm32f4xx_dma.o
    0x08001050   0x08001050   0x00000016   Code   RO         1571    i.DMA_DoubleBufferModeCmd  stm32f4xx_dma.o
    0x08001066   0x08001066   0x00000018   Code   RO         1572    i.DMA_DoubleBufferModeConfig  stm32f4xx_dma.o
    0x0800107e   0x0800107e   0x00000014   Code   RO         1574    i.DMA_GetCmdStatus  stm32f4xx_dma.o
    0x08001092   0x08001092   0x00000008   Code   RO         1575    i.DMA_GetCurrDataCounter  stm32f4xx_dma.o
    0x0800109a   0x0800109a   0x00000014   Code   RO         1576    i.DMA_GetCurrentMemoryTarget  stm32f4xx_dma.o
    0x080010ae   0x080010ae   0x00000002   PAD
    0x080010b0   0x080010b0   0x00000064   Code   RO         1579    i.DMA_GetITStatus   stm32f4xx_dma.o
    0x08001114   0x08001114   0x00000058   Code   RO         1581    i.DMA_Init          stm32f4xx_dma.o
    0x0800116c   0x0800116c   0x00000004   Code   RO         1584    i.DMA_SetCurrDataCounter  stm32f4xx_dma.o
    0x08001170   0x08001170   0x00000022   Code   RO         1585    i.DMA_StructInit    stm32f4xx_dma.o
    0x08001192   0x08001192   0x00000002   Code   RO         2940    i.DebugMon_Handler  stm32f4xx_it.o
    0x08001194   0x08001194   0x00000090   Code   RO         1758    i.GPIO_Init         stm32f4xx_gpio.o
    0x08001224   0x08001224   0x00000046   Code   RO         1759    i.GPIO_PinAFConfig  stm32f4xx_gpio.o
    0x0800126a   0x0800126a   0x00000004   Code   RO         1765    i.GPIO_ResetBits    stm32f4xx_gpio.o
    0x0800126e   0x0800126e   0x00000004   Code   RO         1766    i.GPIO_SetBits      stm32f4xx_gpio.o
    0x08001272   0x08001272   0x00000002   PAD
    0x08001274   0x08001274   0x00000034   Code   RO         1076    i.Get_CRC16_Check_Sum  crc_check.o
    0x080012a8   0x080012a8   0x00000024   Code   RO         1077    i.Get_CRC8_Check_Sum  crc_check.o
    0x080012cc   0x080012cc   0x00000004   Code   RO         2941    i.HardFault_Handler  stm32f4xx_it.o
    0x080012d0   0x080012d0   0x00000010   Code   RO            4    i.Hardware_Init     main.o
    0x080012e0   0x080012e0   0x00000004   Code   RO         2942    i.MemManage_Handler  stm32f4xx_it.o
    0x080012e4   0x080012e4   0x00000002   Code   RO         2943    i.NMI_Handler       stm32f4xx_it.o
    0x080012e6   0x080012e6   0x00000002   PAD
    0x080012e8   0x080012e8   0x00000078   Code   RO         1360    i.NVIC_Init         misc.o
    0x08001360   0x08001360   0x00000014   Code   RO         1361    i.NVIC_PriorityGroupConfig  misc.o
    0x08001374   0x08001374   0x00000178   Code   RO          645    i.OnDataReceived    imu_data_decode.o
    0x080014ec   0x080014ec   0x000001a4   Code   RO          712    i.Packet_Decode     packet.o
    0x08001690   0x08001690   0x00000020   Code   RO          713    i.Packet_DecodeInit  packet.o
    0x080016b0   0x080016b0   0x00000020   Code   RO         1855    i.RCC_AHB1PeriphClockCmd  stm32f4xx_rcc.o
    0x080016d0   0x080016d0   0x00000020   Code   RO         1864    i.RCC_APB1PeriphClockCmd  stm32f4xx_rcc.o
    0x080016f0   0x080016f0   0x00000020   Code   RO         1866    i.RCC_APB1PeriphResetCmd  stm32f4xx_rcc.o
    0x08001710   0x08001710   0x00000020   Code   RO         1867    i.RCC_APB2PeriphClockCmd  stm32f4xx_rcc.o
    0x08001730   0x08001730   0x00000020   Code   RO         1869    i.RCC_APB2PeriphResetCmd  stm32f4xx_rcc.o
    0x08001750   0x08001750   0x000000e8   Code   RO         1876    i.RCC_GetClocksFreq  stm32f4xx_rcc.o
    0x08001838   0x08001838   0x00000274   Code   RO         1303    i.RM_Judge_DataDecodeByBuff  judge.o
    0x08001aac   0x08001aac   0x0000003a   Code   RO         1304    i.RM_Judge_DataDequeue  judge.o
    0x08001ae6   0x08001ae6   0x00000020   Code   RO         1305    i.RM_Judge_DataEnqueue  judge.o
    0x08001b06   0x08001b06   0x000001e4   Code   RO         1306    i.RM_Judge_DataLength  judge.o
    0x08001cea   0x08001cea   0x000000c6   Code   RO         1307    i.RM_Judge_FindFrame  judge.o
    0x08001db0   0x08001db0   0x000000ec   Code   RO         3031    i.SetSysClock       system_stm32f4xx.o
    0x08001e9c   0x08001e9c   0x00000184   Code   RO          909    i.Start_Task        user_task.o
    0x08002020   0x08002020   0x00000034   Code   RO         3862    i.SysTick_Handler   port.o
    0x08002054   0x08002054   0x00000068   Code   RO         3033    i.SystemInit        system_stm32f4xx.o
    0x080020bc   0x080020bc   0x000001e8   Code   RO          812    i.Task_ChassisCtrl  chassis_behavior.o
    0x080022a4   0x080022a4   0x0000005c   Code   RO          910    i.Task_Hi219mDataDecode  user_task.o
    0x08002300   0x08002300   0x0000002c   Code   RO          911    i.Task_Init         user_task.o
    0x0800232c   0x0800232c   0x00000038   Code   RO          912    i.Task_JudgeDataDecode  user_task.o
    0x08002364   0x08002364   0x00000012   Code   RO          861    i.Task_MiniPCDataDecode  minipc.o
    0x08002376   0x08002376   0x00000012   Code   RO          862    i.Task_MiniPCDataSend  minipc.o
    0x08002388   0x08002388   0x00000012   Code   RO          913    i.Task_Send2Gimbal  user_task.o
    0x0800239a   0x0800239a   0x00000002   Code   RO          290    i.UART7_IRQHandler  it.o
    0x0800239c   0x0800239c   0x00000002   Code   RO          291    i.UART8_IRQHandler  it.o
    0x0800239e   0x0800239e   0x00000002   PAD
    0x080023a0   0x080023a0   0x000000c0   Code   RO          292    i.USART1_IRQHandler  it.o
    0x08002460   0x08002460   0x00000002   Code   RO          293    i.USART3_IRQHandler  it.o
    0x08002462   0x08002462   0x00000002   PAD
    0x08002464   0x08002464   0x000000b4   Code   RO          294    i.USART6_IRQHandler  it.o
    0x08002518   0x08002518   0x00000018   Code   RO         2755    i.USART_Cmd         stm32f4xx_usart.o
    0x08002530   0x08002530   0x00000012   Code   RO         2756    i.USART_DMACmd      stm32f4xx_usart.o
    0x08002542   0x08002542   0x00000002   PAD
    0x08002544   0x08002544   0x000000f0   Code   RO         2757    i.USART_DeInit      stm32f4xx_usart.o
    0x08002634   0x08002634   0x00000054   Code   RO         2759    i.USART_GetITStatus  stm32f4xx_usart.o
    0x08002688   0x08002688   0x0000004a   Code   RO         2761    i.USART_ITConfig    stm32f4xx_usart.o
    0x080026d2   0x080026d2   0x00000002   PAD
    0x080026d4   0x080026d4   0x000000d4   Code   RO         2762    i.USART_Init        stm32f4xx_usart.o
    0x080027a8   0x080027a8   0x00000018   Code   RO         2778    i.USART_StructInit  stm32f4xx_usart.o
    0x080027c0   0x080027c0   0x00000004   Code   RO         2944    i.UsageFault_Handler  stm32f4xx_it.o
    0x080027c4   0x080027c4   0x00000040   Code   RO         1078    i.Verify_CRC16_Check_Sum  crc_check.o
    0x08002804   0x08002804   0x0000002e   Code   RO         1079    i.Verify_CRC8_Check_Sum  crc_check.o
    0x08002832   0x08002832   0x00000030   Code   RO         4104    i.__ARM_fpclassify  m_wm.l(fpclassify.o)
    0x08002862   0x08002862   0x00000006   PAD
    0x08002868   0x08002868   0x000002d8   Code   RO         4011    i.__hardfp_atan     m_wm.l(atan.o)
    0x08002b40   0x08002b40   0x000001f0   Code   RO         4025    i.__hardfp_atan2    m_wm.l(atan2.o)
    0x08002d30   0x08002d30   0x00000104   Code   RO         4037    i.__hardfp_fmod     m_wm.l(fmod.o)
    0x08002e34   0x08002e34   0x000000f8   Code   RO         4106    i.__kernel_poly     m_wm.l(poly.o)
    0x08002f2c   0x08002f2c   0x00000014   Code   RO         4085    i.__mathlib_dbl_infnan  m_wm.l(dunder.o)
    0x08002f40   0x08002f40   0x00000014   Code   RO         4086    i.__mathlib_dbl_infnan2  m_wm.l(dunder.o)
    0x08002f54   0x08002f54   0x00000004   PAD
    0x08002f58   0x08002f58   0x00000020   Code   RO         4087    i.__mathlib_dbl_invalid  m_wm.l(dunder.o)
    0x08002f78   0x08002f78   0x00000020   Code   RO         4090    i.__mathlib_dbl_underflow  m_wm.l(dunder.o)
    0x08002f98   0x08002f98   0x00000022   Code   RO         1204    i.appendValue       arraylist.o
    0x08002fba   0x08002fba   0x00000010   Code   RO         4013    i.atan              m_wm.l(atan.o)
    0x08002fca   0x08002fca   0x00000002   PAD
    0x08002fcc   0x08002fcc   0x00000144   Code   RO          419    i.configCAN_Init    can.o
    0x08003110   0x08003110   0x00000028   Code   RO          813    i.configChassis_ParaInit  chassis_behavior.o
    0x08003138   0x08003138   0x000001dc   Code   RO          445    i.configDMA_Init    dma.o
    0x08003314   0x08003314   0x00000008   Code   RO          614    i.configHi219m_ParaInit  hi219m.o
    0x0800331c   0x0800331c   0x00000384   Code   RO          399    i.configIO_Init     io.o
    0x080036a0   0x080036a0   0x0000014e   Code   RO          465    i.configNVIC_Init   nvic.o
    0x080037ee   0x080037ee   0x00000002   PAD
    0x080037f0   0x080037f0   0x00000254   Code   RO          499    i.configUART_Init   uart.o
    0x08003a44   0x08003a44   0x00000018   Code   RO          771    i.configVOFA_ParaInit  vofa.o
    0x08003a5c   0x08003a5c   0x0000003c   Code   RO          715    i.crc16_update      packet.o
    0x08003a98   0x08003a98   0x00000022   Code   RO         1205    i.deleteAllValue    arraylist.o
    0x08003aba   0x08003aba   0x0000003a   Code   RO         1206    i.deleteRangeValue  arraylist.o
    0x08003af4   0x08003af4   0x00000048   Code   RO         1207    i.deleteValue       arraylist.o
    0x08003b3c   0x08003b3c   0x00000018   Code   RO         4100    i.fabs              m_wm.l(fabs.o)
    0x08003b54   0x08003b54   0x00000034   Code   RO         1208    i.findValue         arraylist.o
    0x08003b88   0x08003b88   0x00000260   Code   RO          615    i.fnHi219m_DataDecode  hi219m.o
    0x08003de8   0x08003de8   0x0000009c   Code   RO          522    i.fnMotor_CanRecvDataDecode  motor.o
    0x08003e84   0x08003e84   0x00000104   Code   RO          587    i.fnRemote_RawDataDecode  rm_remote.o
    0x08003f88   0x08003f88   0x00000006   Code   RO         1209    i.getArrayLength    arraylist.o
    0x08003f8e   0x08003f8e   0x0000001c   Code   RO         1210    i.getValue          arraylist.o
    0x08003faa   0x08003faa   0x00000002   PAD
    0x08003fac   0x08003fac   0x00000014   Code   RO          646    i.get_eular         imu_data_decode.o
    0x08003fc0   0x08003fc0   0x00000014   Code   RO          650    i.get_raw_gyo       imu_data_decode.o
    0x08003fd4   0x08003fd4   0x00000014   Code   RO          651    i.get_raw_mag       imu_data_decode.o
    0x08003fe8   0x08003fe8   0x00000018   Code   RO          652    i.imu_data_decode_init  imu_data_decode.o
    0x08004000   0x08004000   0x0000000e   Code   RO         1214    i.isEmpty           arraylist.o
    0x0800400e   0x0800400e   0x00000012   Code   RO         1215    i.isFull            arraylist.o
    0x08004020   0x08004020   0x00000014   Code   RO            5    i.main              main.o
    0x08004034   0x08004034   0x00000098   Code   RO         3396    i.prvAddCurrentTaskToDelayedList  tasks.o
    0x080040cc   0x080040cc   0x000000b4   Code   RO         3397    i.prvAddNewTaskToReadyList  tasks.o
    0x08004180   0x08004180   0x00000064   Code   RO         3694    i.prvCheckForValidListAndQueue  timers.o
    0x080041e4   0x080041e4   0x00000064   Code   RO         3398    i.prvCheckTasksWaitingTermination  tasks.o
    0x08004248   0x08004248   0x0000002a   Code   RO         3217    i.prvCopyDataFromQueue  queue.o
    0x08004272   0x08004272   0x0000007c   Code   RO         3218    i.prvCopyDataToQueue  queue.o
    0x080042ee   0x080042ee   0x00000012   Code   RO         3399    i.prvDeleteTCB      tasks.o
    0x08004300   0x08004300   0x00000028   Code   RO         3695    i.prvGetNextExpireTime  timers.o
    0x08004328   0x08004328   0x0000007c   Code   RO         3812    i.prvHeapInit       heap_4.o
    0x080043a4   0x080043a4   0x0000002c   Code   RO         3400    i.prvIdleTask       tasks.o
    0x080043d0   0x080043d0   0x00000026   Code   RO         3220    i.prvInitialiseNewQueue  queue.o
    0x080043f6   0x080043f6   0x000000b4   Code   RO         3401    i.prvInitialiseNewTask  tasks.o
    0x080044aa   0x080044aa   0x00000002   PAD
    0x080044ac   0x080044ac   0x00000068   Code   RO         3402    i.prvInitialiseTaskLists  tasks.o
    0x08004514   0x08004514   0x00000068   Code   RO         3813    i.prvInsertBlockIntoFreeList  heap_4.o
    0x0800457c   0x0800457c   0x00000058   Code   RO         3697    i.prvInsertTimerInActiveList  timers.o
    0x080045d4   0x080045d4   0x0000001a   Code   RO         3221    i.prvIsQueueEmpty   queue.o
    0x080045ee   0x080045ee   0x0000001e   Code   RO         3222    i.prvIsQueueFull    queue.o
    0x0800460c   0x0800460c   0x00000064   Code   RO         3698    i.prvProcessExpiredTimer  timers.o
    0x08004670   0x08004670   0x000000f8   Code   RO         3699    i.prvProcessReceivedCommands  timers.o
    0x08004768   0x08004768   0x00000074   Code   RO         3700    i.prvProcessTimerOrBlockTask  timers.o
    0x080047dc   0x080047dc   0x00000034   Code   RO         3403    i.prvResetNextTaskUnblockTime  tasks.o
    0x08004810   0x08004810   0x0000002c   Code   RO         3701    i.prvSampleTimeNow  timers.o
    0x0800483c   0x0800483c   0x000000a0   Code   RO         3702    i.prvSwitchTimerLists  timers.o
    0x080048dc   0x080048dc   0x00000040   Code   RO         3863    i.prvTaskExitError  port.o
    0x0800491c   0x0800491c   0x0000001a   Code   RO         3703    i.prvTimerTask      timers.o
    0x08004936   0x08004936   0x0000007e   Code   RO         3223    i.prvUnlockQueue    queue.o
    0x080049b4   0x080049b4   0x00000148   Code   RO         3814    i.pvPortMalloc      heap_4.o
    0x08004afc   0x08004afc   0x00000020   Code   RO         3405    i.pvTaskIncrementMutexHeldCount  tasks.o
    0x08004b1c   0x08004b1c   0x0000002c   Code   RO         3864    i.pxPortInitialiseStack  port.o
    0x08004b48   0x08004b48   0x00000070   Code   RO          524    i.s_fnM3508_RawDataDecode  motor.o
    0x08004bb8   0x08004bb8   0x00000120   Code   RO          525    i.s_fnM6020_RawDataDecode  motor.o
    0x08004cd8   0x08004cd8   0x00000028   Code   RO         3180    i.uxListRemove      list.o
    0x08004d00   0x08004d00   0x00000002   Code   RO         2945    i.vApplicationIdleHook  stm32f4xx_it.o
    0x08004d02   0x08004d02   0x00000016   Code   RO         2946    i.vApplicationMallocFailedHook  stm32f4xx_it.o
    0x08004d18   0x08004d18   0x00000002   Code   RO         2947    i.vApplicationStackOverflowHook  stm32f4xx_it.o
    0x08004d1a   0x08004d1a   0x00000002   Code   RO         2948    i.vApplicationTickHook  stm32f4xx_it.o
    0x08004d1c   0x08004d1c   0x0000001a   Code   RO         3181    i.vListInitialise   list.o
    0x08004d36   0x08004d36   0x00000006   Code   RO         3182    i.vListInitialiseItem  list.o
    0x08004d3c   0x08004d3c   0x00000034   Code   RO         3183    i.vListInsert       list.o
    0x08004d70   0x08004d70   0x00000018   Code   RO         3184    i.vListInsertEnd    list.o
    0x08004d88   0x08004d88   0x00000054   Code   RO         3866    i.vPortEnterCritical  port.o
    0x08004ddc   0x08004ddc   0x0000003c   Code   RO         3867    i.vPortExitCritical  port.o
    0x08004e18   0x08004e18   0x00000094   Code   RO         3815    i.vPortFree         heap_4.o
    0x08004eac   0x08004eac   0x00000014   Code   RO         3868    i.vPortSetupTimerInterrupt  port.o
    0x08004ec0   0x08004ec0   0x00000078   Code   RO         3869    i.vPortValidateInterruptPriority  port.o
    0x08004f38   0x08004f38   0x0000002c   Code   RO         3227    i.vQueueAddToRegistry  queue.o
    0x08004f64   0x08004f64   0x0000004a   Code   RO         3230    i.vQueueWaitForMessageRestricted  queue.o
    0x08004fae   0x08004fae   0x00000002   PAD
    0x08004fb0   0x08004fb0   0x0000005c   Code   RO         3411    i.vTaskDelay        tasks.o
    0x0800500c   0x0800500c   0x000000d4   Code   RO         3412    i.vTaskDelayUntil   tasks.o
    0x080050e0   0x080050e0   0x000000f4   Code   RO         3413    i.vTaskDelete       tasks.o
    0x080051d4   0x080051d4   0x0000000c   Code   RO         3415    i.vTaskMissedYield  tasks.o
    0x080051e0   0x080051e0   0x00000038   Code   RO         3417    i.vTaskPlaceOnEventList  tasks.o
    0x08005218   0x08005218   0x00000040   Code   RO         3418    i.vTaskPlaceOnEventListRestricted  tasks.o
    0x08005258   0x08005258   0x000000b0   Code   RO         3420    i.vTaskPriorityInherit  tasks.o
    0x08005308   0x08005308   0x00000030   Code   RO         3423    i.vTaskSetTimeOutState  tasks.o
    0x08005338   0x08005338   0x00000094   Code   RO         3424    i.vTaskStartScheduler  tasks.o
    0x080053cc   0x080053cc   0x00000010   Code   RO         3426    i.vTaskSuspendAll   tasks.o
    0x080053dc   0x080053dc   0x000000c4   Code   RO         3427    i.vTaskSwitchContext  tasks.o
    0x080054a0   0x080054a0   0x0000013c   Code   RO         3870    i.xPortStartScheduler  port.o
    0x080055dc   0x080055dc   0x00000058   Code   RO         3233    i.xQueueGenericCreate  queue.o
    0x08005634   0x08005634   0x000001c4   Code   RO         3234    i.xQueueGenericReceive  queue.o
    0x080057f8   0x080057f8   0x00000098   Code   RO         3235    i.xQueueGenericReset  queue.o
    0x08005890   0x08005890   0x000001a8   Code   RO         3236    i.xQueueGenericSend  queue.o
    0x08005a38   0x08005a38   0x000000f8   Code   RO         3237    i.xQueueGenericSendFromISR  queue.o
    0x08005b30   0x08005b30   0x000000e0   Code   RO         3238    i.xQueueGiveFromISR  queue.o
    0x08005c10   0x08005c10   0x0000008c   Code   RO         3428    i.xTaskCheckForTimeOut  tasks.o
    0x08005c9c   0x08005c9c   0x00000060   Code   RO         3429    i.xTaskCreate       tasks.o
    0x08005cfc   0x08005cfc   0x00000020   Code   RO         3433    i.xTaskGetSchedulerState  tasks.o
    0x08005d1c   0x08005d1c   0x0000000c   Code   RO         3434    i.xTaskGetTickCount  tasks.o
    0x08005d28   0x08005d28   0x00000154   Code   RO         3436    i.xTaskIncrementTick  tasks.o
    0x08005e7c   0x08005e7c   0x000000c8   Code   RO         3439    i.xTaskPriorityDisinherit  tasks.o
    0x08005f44   0x08005f44   0x00000098   Code   RO         3440    i.xTaskRemoveFromEventList  tasks.o
    0x08005fdc   0x08005fdc   0x00000104   Code   RO         3442    i.xTaskResumeAll    tasks.o
    0x080060e0   0x080060e0   0x00000058   Code   RO         3707    i.xTimerCreateTimerTask  timers.o
    0x08006138   0x08006138   0x00000084   Code   RO         3708    i.xTimerGenericCommand  timers.o
    0x080061bc   0x080061bc   0x00000018   Code   RO         4065    x$fpl$basic         fz_wm.l(basic.o)
    0x080061d4   0x080061d4   0x00000062   Code   RO         4001    x$fpl$d2f           fz_wm.l(d2f.o)
    0x08006236   0x08006236   0x00000002   PAD
    0x08006238   0x08006238   0x00000150   Code   RO         4003    x$fpl$dadd          fz_wm.l(daddsub_clz.o)
    0x08006388   0x08006388   0x000002b0   Code   RO         4068    x$fpl$ddiv          fz_wm.l(ddiv.o)
    0x08006638   0x08006638   0x00000154   Code   RO         4071    x$fpl$dmul          fz_wm.l(dmul.o)
    0x0800678c   0x0800678c   0x0000009c   Code   RO         4073    x$fpl$dnaninf       fz_wm.l(dnaninf.o)
    0x08006828   0x08006828   0x00000150   Code   RO         4075    x$fpl$drem          fz_wm.l(drem_clz.o)
    0x08006978   0x08006978   0x0000000c   Code   RO         4077    x$fpl$dretinf       fz_wm.l(dretinf.o)
    0x08006984   0x08006984   0x00000016   Code   RO         4004    x$fpl$drsb          fz_wm.l(daddsub_clz.o)
    0x0800699a   0x0800699a   0x00000002   PAD
    0x0800699c   0x0800699c   0x000001d4   Code   RO         4005    x$fpl$dsub          fz_wm.l(daddsub_clz.o)
    0x08006b70   0x08006b70   0x00000056   Code   RO         4009    x$fpl$f2d           fz_wm.l(f2d.o)
    0x08006bc6   0x08006bc6   0x0000008c   Code   RO         4079    x$fpl$fnaninf       fz_wm.l(fnaninf.o)
    0x08006c52   0x08006c52   0x0000000a   Code   RO         4357    x$fpl$fpinit        fz_wm.l(fpinit.o)
    0x08006c5c   0x08006c5c   0x0000000a   Code   RO         4081    x$fpl$fretinf       fz_wm.l(fretinf.o)
    0x08006c66   0x08006c66   0x00000000   Code   RO         4083    x$fpl$usenofp       fz_wm.l(usenofp.o)
    0x08006c66   0x08006c66   0x00000302   Data   RO         1080    .constdata          crc_check.o
    0x08006f68   0x08006f68   0x00000098   Data   RO         4014    .constdata          m_wm.l(atan.o)
    0x08007000   0x08007000   0x00000008   Data   RO         4108    .constdata          m_wm.l(qnan.o)
    0x08007008   0x08007008   0x00000020   Data   RO         4438    Region$$Table       anon$$obj.o


    Execution Region RW_IRAM2 (Exec base: 0x10000000, Load base: 0x0800705c, Size: 0x00000000, Max: 0x00010000, ABSOLUTE)

    **** No section assigned to this execution region ****


    Execution Region RW_IRAM1 (Exec base: 0x20000000, Load base: 0x08007028, Size: 0x00005410, Max: 0x00030000, ABSOLUTE, COMPRESSED[0x00000034])

    Exec Addr    Load Addr    Size         Type   Attr      Idx    E Section Name        Object

    0x20000000   COMPRESSED   0x00000008   Data   RW          296    .data               it.o
    0x20000008   COMPRESSED   0x00000620   Data   RW          528    .data               motor.o
    0x20000628   COMPRESSED   0x00000001   Data   RW          589    .data               rm_remote.o
    0x20000629   COMPRESSED   0x00000003   PAD
    0x2000062c   COMPRESSED   0x0000000c   Data   RW          617    .data               hi219m.o
    0x20000638   COMPRESSED   0x00000013   Data   RW          654    .data               imu_data_decode.o
    0x2000064b   COMPRESSED   0x00000001   PAD
    0x2000064c   COMPRESSED   0x00000011   Data   RW          716    .data               packet.o
    0x2000065d   COMPRESSED   0x00000003   PAD
    0x20000660   COMPRESSED   0x00000048   Data   RW          815    .data               chassis_behavior.o
    0x200006a8   COMPRESSED   0x00000028   Data   RW          914    .data               user_task.o
    0x200006d0   COMPRESSED   0x00000002   Data   RW         1081    .data               crc_check.o
    0x200006d2   COMPRESSED   0x00000007   Data   RW         1310    .data               judge.o
    0x200006d9   COMPRESSED   0x00000010   Data   RW         1908    .data               stm32f4xx_rcc.o
    0x200006e9   COMPRESSED   0x00000003   PAD
    0x200006ec   COMPRESSED   0x0000003c   Data   RW         3445    .data               tasks.o
    0x20000728   COMPRESSED   0x00000014   Data   RW         3714    .data               timers.o
    0x2000073c   COMPRESSED   0x00000018   Data   RW         3820    .data               heap_4.o
    0x20000754   COMPRESSED   0x0000000c   Data   RW         3871    .data               port.o
    0x20000760        -       0x00000028   Zero   RW          295    .bss                it.o
    0x20000788        -       0x00000084   Zero   RW          588    .bss                rm_remote.o
    0x2000080c        -       0x000000bc   Zero   RW          616    .bss                hi219m.o
    0x200008c8        -       0x000000a8   Zero   RW          653    .bss                imu_data_decode.o
    0x20000970        -       0x0000001c   Zero   RW          772    .bss                vofa.o
    0x2000098c        -       0x000001d0   Zero   RW          814    .bss                chassis_behavior.o
    0x20000b5c        -       0x00000088   Zero   RW          863    .bss                minipc.o
    0x20000be4        -       0x00000497   Zero   RW         1309    .bss                judge.o
    0x2000107b   COMPRESSED   0x00000001   PAD
    0x2000107c        -       0x00000040   Zero   RW         3245    .bss                queue.o
    0x200010bc        -       0x000000c8   Zero   RW         3444    .bss                tasks.o
    0x20001184        -       0x00000028   Zero   RW         3713    .bss                timers.o
    0x200011ac        -       0x00003c00   Zero   RW         3819    .bss                heap_4.o
    0x20004dac        -       0x00000060   Zero   RW         4151    .bss                c_w.l(libspace.o)
    0x20004e0c   COMPRESSED   0x00000004   PAD
    0x20004e10        -       0x00000200   Zero   RW         3067    HEAP                startup_stm32f427x.o
    0x20005010        -       0x00000400   Zero   RW         3066    STACK               startup_stm32f427x.o


==============================================================================

Image component sizes


      Code (inc. data)   RO Data    RW Data    ZI Data      Debug   Object Name

       316          0          0          0          0       7443   arraylist.o
       324         10          0          0          0        797   can.o
      1116        108          0         72        464       4410   chassis_behavior.o
       198         16        770          2          0       3756   crc_check.o
       476         40          0          0          0        861   dma.o
         0          0          0          0          0      11788   event_groups.o
       704         64          0         24      15360       4547   heap_4.o
       616         34          0         12        188       2808   hi219m.o
       460         52          0         19        168       3871   imu_data_decode.o
       900         26          0          0          0       1060   io.o
       554         92          0          8         40     247043   it.o
      1400         38          0          7       1175      15312   judge.o
       148          0          0          0          0       3362   list.o
        60          0          0          0          0     324327   main.o
        36          0          0          0        136       3225   minipc.o
       140         24          0          0          0       1663   misc.o
       556         52          0       1568          0       4967   motor.o
       334          0          0          0          0        746   nvic.o
       512         40          0         17          0       3256   packet.o
       942         92          0         12          0      11577   port.o
      2092         22          0          0         64      15009   queue.o
       260         12          0          1        132       2227   rm_remote.o
        64         26        428          0       1536        840   startup_stm32f427x.o
      1416         26          0          0          0       7589   stm32f4xx_can.o
       790         72          0          0          0       9450   stm32f4xx_dma.o
       222          0          0          0          0       3011   stm32f4xx_gpio.o
        48          0          0          0          0      12854   stm32f4xx_it.o
       392         48          0         16          0       5941   stm32f4xx_rcc.o
       676         42          0          0          0       5679   stm32f4xx_usart.o
       340         32          0          0          0       1661   system_stm32f4xx.o
      3358        422          0         60        200      24585   tasks.o
      1142        118          0         20         40       9495   timers.o
       596         32          0          0          0        850   uart.o
       598        242          0         40          0       3647   user_task.o
        64         16          0          0         28       1763   vofa.o

    ----------------------------------------------------------------------
     21880       1798       1230       1888      19532     761420   Object Totals
         0          0         32          0          0          0   (incl. Generated)
        30          0          0         10          1          0   (incl. Padding)

    ----------------------------------------------------------------------

      Code (inc. data)   RO Data    RW Data    ZI Data      Debug   Library Member Name

        90          0          0          0          0          0   __dczerorl2.o
         8          0          0          0          0         68   __main.o
         0          0          0          0          0          0   __rtentry.o
        12          0          0          0          0          0   __rtentry2.o
         6          0          0          0          0          0   __rtentry4.o
        52          8          0          0          0          0   __scatter.o
        28          0          0          0          0          0   __scatter_zi.o
        22          0          0          0          0        100   _rserrno.o
        16          0          0          0          0         68   aeabi_memset.o
        18          0          0          0          0         80   exit.o
         6          0          0          0          0        152   heapauxi.o
         0          0          0          0          0          0   indicate_semi.o
         2          0          0          0          0          0   libinit.o
         6          0          0          0          0          0   libinit2.o
         2          0          0          0          0          0   libshutdown.o
         2          0          0          0          0          0   libshutdown2.o
         8          4          0          0         96         68   libspace.o
         8          4          0          0          0         68   rt_errno_addr_intlibspace.o
        68          0          0          0          0         68   rt_memclr.o
        78          0          0          0          0         80   rt_memclr_w.o
       138          0          0          0          0         68   rt_memcpy_v6.o
       100          0          0          0          0         80   rt_memcpy_w.o
         2          0          0          0          0          0   rtexit.o
        10          0          0          0          0          0   rtexit2.o
        12          4          0          0          0         68   sys_exit.o
        74          0          0          0          0         80   sys_stackheap_outer.o
         2          0          0          0          0         68   use_no_semi.o
        24          0          0          0          0        164   basic.o
        98          4          0          0          0        140   d2f.o
       826         16          0          0          0        492   daddsub_clz.o
       688        140          0          0          0        256   ddiv.o
       340         12          0          0          0        152   dmul.o
       156          4          0          0          0        140   dnaninf.o
       336         12          0          0          0        136   drem_clz.o
        12          0          0          0          0        116   dretinf.o
        86          4          0          0          0        132   f2d.o
       140          4          0          0          0        132   fnaninf.o
        10          0          0          0          0        116   fpinit.o
        10          0          0          0          0        116   fretinf.o
         0          0          0          0          0          0   usenofp.o
       744        106        152          0          0        352   atan.o
       496         64          0          0          0        192   atan2.o
       104         16          0          0          0        496   dunder.o
        24          0          0          0          0        124   fabs.o
       260          6          0          0          0        144   fmod.o
        48          0          0          0          0        124   fpclassify.o
       248          0          0          0          0        152   poly.o
         0          0          8          0          0          0   qnan.o

    ----------------------------------------------------------------------
      5442        408        160          0        100       4792   Library Totals
        22          0          0          0          4          0   (incl. Padding)

    ----------------------------------------------------------------------

      Code (inc. data)   RO Data    RW Data    ZI Data      Debug   Library Name

       770         20          0          0         96       1116   c_w.l
      2726        196          0          0          0       2092   fz_wm.l
      1924        192        160          0          0       1584   m_wm.l

    ----------------------------------------------------------------------
      5442        408        160          0        100       4792   Library Totals

    ----------------------------------------------------------------------

==============================================================================


      Code (inc. data)   RO Data    RW Data    ZI Data      Debug   

     27322       2206       1390       1888      19632     745192   Grand Totals
     27322       2206       1390         52      19632     745192   ELF Image Totals (compressed)
     27322       2206       1390         52          0          0   ROM Totals

==============================================================================

    Total RO  Size (Code + RO Data)                28712 (  28.04kB)
    Total RW  Size (RW Data + ZI Data)             21520 (  21.02kB)
    Total ROM Size (Code + RO Data + RW Data)      28764 (  28.09kB)

==============================================================================

